Archive member included to satisfy reference by file (symbol)

/usr/lib/gcc/arm-none-eabi/13.2.0/../../../../arm-none-eabi/lib/thumb/v7-m/nofp/libc_nano.a(libc_a-atexit.o)
                              /usr/lib/gcc/arm-none-eabi/13.2.0/../../../../arm-none-eabi/lib/thumb/v7-m/nofp/crt0.o (atexit)
/usr/lib/gcc/arm-none-eabi/13.2.0/../../../../arm-none-eabi/lib/thumb/v7-m/nofp/libc_nano.a(libc_a-exit.o)
                              /usr/lib/gcc/arm-none-eabi/13.2.0/../../../../arm-none-eabi/lib/thumb/v7-m/nofp/crt0.o (exit)
/usr/lib/gcc/arm-none-eabi/13.2.0/../../../../arm-none-eabi/lib/thumb/v7-m/nofp/libc_nano.a(libc_a-findfp.o)
                              /usr/lib/gcc/arm-none-eabi/13.2.0/../../../../arm-none-eabi/lib/thumb/v7-m/nofp/libc_nano.a(libc_a-exit.o) (__stdio_exit_handler)
/usr/lib/gcc/arm-none-eabi/13.2.0/../../../../arm-none-eabi/lib/thumb/v7-m/nofp/libc_nano.a(libc_a-fwalk.o)
                              /usr/lib/gcc/arm-none-eabi/13.2.0/../../../../arm-none-eabi/lib/thumb/v7-m/nofp/libc_nano.a(libc_a-findfp.o) (_fwalk_sglue)
/usr/lib/gcc/arm-none-eabi/13.2.0/../../../../arm-none-eabi/lib/thumb/v7-m/nofp/libc_nano.a(libc_a-stdio.o)
                              /usr/lib/gcc/arm-none-eabi/13.2.0/../../../../arm-none-eabi/lib/thumb/v7-m/nofp/libc_nano.a(libc_a-findfp.o) (__sread)
/usr/lib/gcc/arm-none-eabi/13.2.0/../../../../arm-none-eabi/lib/thumb/v7-m/nofp/libc_nano.a(libc_a-memset.o)
                              /usr/lib/gcc/arm-none-eabi/13.2.0/../../../../arm-none-eabi/lib/thumb/v7-m/nofp/crt0.o (memset)
/usr/lib/gcc/arm-none-eabi/13.2.0/../../../../arm-none-eabi/lib/thumb/v7-m/nofp/libc_nano.a(libc_a-closer.o)
                              /usr/lib/gcc/arm-none-eabi/13.2.0/../../../../arm-none-eabi/lib/thumb/v7-m/nofp/libc_nano.a(libc_a-stdio.o) (_close_r)
/usr/lib/gcc/arm-none-eabi/13.2.0/../../../../arm-none-eabi/lib/thumb/v7-m/nofp/libc_nano.a(libc_a-reent.o)
                              /usr/lib/gcc/arm-none-eabi/13.2.0/../../../../arm-none-eabi/lib/thumb/v7-m/nofp/libc_nano.a(libc_a-closer.o) (errno)
/usr/lib/gcc/arm-none-eabi/13.2.0/../../../../arm-none-eabi/lib/thumb/v7-m/nofp/libc_nano.a(libc_a-impure.o)
                              /usr/lib/gcc/arm-none-eabi/13.2.0/../../../../arm-none-eabi/lib/thumb/v7-m/nofp/libc_nano.a(libc_a-reent.o) (_impure_ptr)
/usr/lib/gcc/arm-none-eabi/13.2.0/../../../../arm-none-eabi/lib/thumb/v7-m/nofp/libc_nano.a(libc_a-lseekr.o)
                              /usr/lib/gcc/arm-none-eabi/13.2.0/../../../../arm-none-eabi/lib/thumb/v7-m/nofp/libc_nano.a(libc_a-stdio.o) (_lseek_r)
/usr/lib/gcc/arm-none-eabi/13.2.0/../../../../arm-none-eabi/lib/thumb/v7-m/nofp/libc_nano.a(libc_a-readr.o)
                              /usr/lib/gcc/arm-none-eabi/13.2.0/../../../../arm-none-eabi/lib/thumb/v7-m/nofp/libc_nano.a(libc_a-stdio.o) (_read_r)
/usr/lib/gcc/arm-none-eabi/13.2.0/../../../../arm-none-eabi/lib/thumb/v7-m/nofp/libc_nano.a(libc_a-writer.o)
                              /usr/lib/gcc/arm-none-eabi/13.2.0/../../../../arm-none-eabi/lib/thumb/v7-m/nofp/libc_nano.a(libc_a-stdio.o) (_write_r)
/usr/lib/gcc/arm-none-eabi/13.2.0/../../../../arm-none-eabi/lib/thumb/v7-m/nofp/libc_nano.a(libc_a-init.o)
                              /usr/lib/gcc/arm-none-eabi/13.2.0/../../../../arm-none-eabi/lib/thumb/v7-m/nofp/crt0.o (__libc_init_array)
/usr/lib/gcc/arm-none-eabi/13.2.0/../../../../arm-none-eabi/lib/thumb/v7-m/nofp/libc_nano.a(libc_a-fini.o)
                              /usr/lib/gcc/arm-none-eabi/13.2.0/../../../../arm-none-eabi/lib/thumb/v7-m/nofp/crt0.o (__libc_fini_array)
/usr/lib/gcc/arm-none-eabi/13.2.0/../../../../arm-none-eabi/lib/thumb/v7-m/nofp/libc_nano.a(libc_a-lock.o)
                              /usr/lib/gcc/arm-none-eabi/13.2.0/../../../../arm-none-eabi/lib/thumb/v7-m/nofp/libc_nano.a(libc_a-findfp.o) (__retarget_lock_init_recursive)
/usr/lib/gcc/arm-none-eabi/13.2.0/../../../../arm-none-eabi/lib/thumb/v7-m/nofp/libc_nano.a(libc_a-strlen.o)
                              build/auto_park.o (strlen)
/usr/lib/gcc/arm-none-eabi/13.2.0/../../../../arm-none-eabi/lib/thumb/v7-m/nofp/libc_nano.a(libc_a-__atexit.o)
                              /usr/lib/gcc/arm-none-eabi/13.2.0/../../../../arm-none-eabi/lib/thumb/v7-m/nofp/libc_nano.a(libc_a-atexit.o) (__register_exitproc)
/usr/lib/gcc/arm-none-eabi/13.2.0/../../../../arm-none-eabi/lib/thumb/v7-m/nofp/libc_nano.a(libc_a-__call_atexit.o)
                              /usr/lib/gcc/arm-none-eabi/13.2.0/../../../../arm-none-eabi/lib/thumb/v7-m/nofp/libc_nano.a(libc_a-__atexit.o) (__call_exitprocs)
/usr/lib/gcc/arm-none-eabi/13.2.0/../../../../arm-none-eabi/lib/thumb/v7-m/nofp/libc_nano.a(libc_a-freer.o)
                              /usr/lib/gcc/arm-none-eabi/13.2.0/../../../../arm-none-eabi/lib/thumb/v7-m/nofp/libc_nano.a(libc_a-reent.o) (_free_r)
/usr/lib/gcc/arm-none-eabi/13.2.0/../../../../arm-none-eabi/lib/thumb/v7-m/nofp/libc_nano.a(libc_a-mallocr.o)
[...]
Memory Configuration

Name             Origin             Length             Attributes
RAM              0x20000000         0x00005000         xrw
FLASH            0x08000000         0x00010000         xr
*default*        0x00000000         0xffffffff

Linker script and memory map

LOAD /usr/lib/gcc/arm-none-eabi/13.2.0/thumb/v7-m/nofp/crti.o
LOAD /usr/lib/gcc/arm-none-eabi/13.2.0/thumb/v7-m/nofp/crtbegin.o
LOAD /usr/lib/gcc/arm-none-eabi/13.2.0/../../../../arm-none-eabi/lib/thumb/v7-m/nofp/crt0.o
LOAD build/main.o
LOAD build/stm32f1xx_it.o
LOAD build/stm32f1xx_hal_msp.o
LOAD build/usb_device.o
LOAD build/usbd_desc.o
LOAD build/usbd_conf.o
LOAD build/stm32f1xx_hal_gpio_ex.o
LOAD build/stm32f1xx_hal_pcd.o
LOAD build/stm32f1xx_hal_pcd_ex.o
LOAD build/stm32f1xx_ll_usb.o
LOAD build/stm32f1xx_hal.o
LOAD build/stm32f1xx_hal_rcc.o
LOAD build/stm32f1xx_hal_rcc_ex.o
LOAD build/stm32f1xx_hal_gpio.o
LOAD build/stm32f1xx_hal_dma.o
LOAD build/stm32f1xx_hal_cortex.o
LOAD build/stm32f1xx_hal_pwr.o
LOAD build/stm32f1xx_hal_flash.o
LOAD build/stm32f1xx_hal_flash_ex.o
LOAD build/stm32f1xx_hal_exti.o
LOAD build/stm32f1xx_hal_spi.o
LOAD build/stm32f1xx_hal_tim.o
LOAD build/stm32f1xx_hal_tim_ex.o
LOAD build/system_stm32f1xx.o
LOAD build/usbd_core.o
LOAD build/usbd_ctlreq.o
LOAD build/usbd_ioreq.o
LOAD build/auto_park.o
LOAD build/usbd_cdc_if.o
LOAD build/usbd_cdc.o
LOAD build/startup_stm32f103xb.o
LOAD /usr/lib/gcc/arm-none-eabi/13.2.0/../../../../arm-none-eabi/lib/thumb/v7-m/nofp/libc_nano.a
LOAD /usr/lib/gcc/arm-none-eabi/13.2.0/../../../../arm-none-eabi/lib/thumb/v7-m/nofp/libm.a
LOAD /usr/lib/gcc/arm-none-eabi/13.2.0/../../../../arm-none-eabi/lib/thumb/v7-m/nofp/libnosys.a
START GROUP
LOAD /usr/lib/gcc/arm-none-eabi/13.2.0/thumb/v7-m/nofp/libgcc.a
LOAD /usr/lib/gcc/arm-none-eabi/13.2.0/../../../../arm-none-eabi/lib/thumb/v7-m/nofp/libc_nano.a
END GROUP
START GROUP
LOAD /usr/lib/gcc/arm-none-eabi/13.2.0/thumb/v7-m/nofp/libgcc.a
LOAD /usr/lib/gcc/arm-none-eabi/13.2.0/../../../../arm-none-eabi/lib/thumb/v7-m/nofp/libc_nano.a
END GROUP
LOAD /usr/lib/gcc/arm-none-eabi/13.2.0/thumb/v7-m/nofp/crtend.o
LOAD /usr/lib/gcc/arm-none-eabi/13.2.0/thumb/v7-m/nofp/crtn.o
                0x20005000                        _estack = 0x20005000
                0x00000200                        _Min_Heap_Size = 0x200
                0x00000400                        _Min_Stack_Size = 0x400

.isr_vector     0x08000000      0x10c
                0x08000000                        . = ALIGN (0x4)
 *(.isr_vector)
 .isr_vector    0x08000000      0x10c build/startup_stm32f103xb.o
                0x08000000                g_pfnVectors
                0x0800010c                        . = ALIGN (0x4)

.text           0x0800010c     0x4bb4
                0x0800010c                        . = ALIGN (0x4)
 *(.text)
 .text          0x0800010c       0x10 /usr/lib/gcc/arm-none-eabi/13.2.0/../../../../arm-none-eabi/lib/thumb/v7-m/nofp/libc_nano.a(libc_a-strlen.o)
                0x0800010c                strlen
 *(.text*)
 .text.__do_global_dtors_aux
                0x0800011c       0x24 /usr/lib/gcc/arm-none-eabi/13.2.0/thumb/v7-m/nofp/crtbegin.o
 .text.frame_dummy
                0x08000140       0x1c /usr/lib/gcc/arm-none-eabi/13.2.0/thumb/v7-m/nofp/crtbegin.o
 .text.MX_GPIO_Init
                0x0800015c       0xa0 build/main.o
 .text.auto_park_init
                0x080001fc       0x44 build/main.o
                0x080001fc                auto_park_init
 .text.Error_Handler
                0x08000240        0x4 build/main.o
                0x08000240                Error_Handler
 .text.MX_TIM1_Init
                0x08000244       0x60 build/main.o
 .text.MX_TIM2_Init
                0x080002a4       0xc4 build/main.o
 .text.MX_TIM3_Init
                0x08000368       0x60 build/main.o
 .text.MX_TIM4_Init
                0x080003c8       0x60 build/main.o
 .text.MX_SPI1_Init
                0x08000428       0x40 build/main.o
 .text.SystemClock_Config
                0x08000468       0x82 build/main.o
                0x08000468                SystemClock_Config
 *fill*         0x080004ea        0x2 
 .text.main     0x080004ec       0x38 build/main.o
                0x080004ec                main
 .text.NMI_Handler
                0x08000524        0x2 build/stm32f1xx_it.o
                0x08000524                NMI_Handler
 .text.HardFault_Handler
                0x08000526        0x2 build/stm32f1xx_it.o
                0x08000526                HardFault_Handler
 .text.MemManage_Handler
                0x08000528        0x2 build/stm32f1xx_it.o
                0x08000528                MemManage_Handler
 .text.BusFault_Handler
                0x0800052a        0x2 build/stm32f1xx_it.o
                0x0800052a                BusFault_Handler
 .text.UsageFault_Handler
                0x0800052c        0x2 build/stm32f1xx_it.o
                0x0800052c                UsageFault_Handler
 .text.SVC_Handler
                0x0800052e        0x2 build/stm32f1xx_it.o
                0x0800052e                SVC_Handler
 .text.DebugMon_Handler
                0x08000530        0x2 build/stm32f1xx_it.o
                0x08000530                DebugMon_Handler
 .text.PendSV_Handler
                0x08000532        0x2 build/stm32f1xx_it.o
                0x08000532                PendSV_Handler
 .text.SysTick_Handler
                0x08000534       0x24 build/stm32f1xx_it.o
                0x08000534                SysTick_Handler
 .text.USB_LP_CAN1_RX0_IRQHandler
                0x08000558       0x10 build/stm32f1xx_it.o
                0x08000558                USB_LP_CAN1_RX0_IRQHandler
 .text.SPI1_IRQHandler
                0x08000568       0x10 build/stm32f1xx_it.o
                0x08000568                SPI1_IRQHandler
 .text.HAL_MspInit
                0x08000578       0x44 build/stm32f1xx_hal_msp.o
                0x08000578                HAL_MspInit
 .text.HAL_SPI_MspInit
                0x080005bc       0x98 build/stm32f1xx_hal_msp.o
                0x080005bc                HAL_SPI_MspInit
 .text.HAL_TIM_Encoder_MspInit
                0x08000654       0xe0 build/stm32f1xx_hal_msp.o
                0x08000654                HAL_TIM_Encoder_MspInit
 .text.HAL_TIM_Base_MspInit
                0x08000734       0x26 build/stm32f1xx_hal_msp.o
                0x08000734                HAL_TIM_Base_MspInit
 *fill*         0x0800075a        0x2 
 .text.HAL_TIM_MspPostInit
                0x0800075c       0x4c build/stm32f1xx_hal_msp.o
                0x0800075c                HAL_TIM_MspPostInit
 .text.MX_USB_DEVICE_Init
                0x080007a8       0x54 build/usb_device.o
                0x080007a8                MX_USB_DEVICE_Init
 .text.USBD_FS_DeviceDescriptor
                0x080007fc        0xc build/usbd_desc.o
                0x080007fc                USBD_FS_DeviceDescriptor
 .text.USBD_FS_LangIDStrDescriptor
                0x08000808        0xc build/usbd_desc.o
                0x08000808                USBD_FS_LangIDStrDescriptor
 .text.IntToUnicode
                0x08000814       0x46 build/usbd_desc.o
 *fill*         0x0800085a        0x2 
 .text.Get_SerialNum
                0x0800085c       0x38 build/usbd_desc.o
 .text.USBD_FS_SerialStrDescriptor
                0x08000894       0x14 build/usbd_desc.o
                0x08000894                USBD_FS_SerialStrDescriptor
 .text.USBD_FS_ProductStrDescriptor
                0x080008a8       0x24 build/usbd_desc.o
                0x080008a8                USBD_FS_ProductStrDescriptor
 .text.USBD_FS_ManufacturerStrDescriptor
                0x080008cc       0x1c build/usbd_desc.o
                0x080008cc                USBD_FS_ManufacturerStrDescriptor
 .text.USBD_FS_ConfigStrDescriptor
                0x080008e8       0x24 build/usbd_desc.o
                0x080008e8                USBD_FS_ConfigStrDescriptor
 .text.USBD_FS_InterfaceStrDescriptor
                0x0800090c       0x24 build/usbd_desc.o
                0x0800090c                USBD_FS_InterfaceStrDescriptor
 .text.USBD_Get_USB_Status
                0x08000930       0x14 build/usbd_conf.o
 .text.HAL_PCD_MspInit
                0x08000944       0x40 build/usbd_conf.o
                0x08000944                HAL_PCD_MspInit
 .text.HAL_PCD_SetupStageCallback
                0x08000984       0x10 build/usbd_conf.o
                0x08000984                HAL_PCD_SetupStageCallback
 .text.HAL_PCD_DataOutStageCallback
                0x08000994       0x18 build/usbd_conf.o
                0x08000994                HAL_PCD_DataOutStageCallback
 .text.HAL_PCD_DataInStageCallback
                0x080009ac       0x16 build/usbd_conf.o
                0x080009ac                HAL_PCD_DataInStageCallback
 .text.HAL_PCD_SOFCallback
                0x080009c2        0xc build/usbd_conf.o
                0x080009c2                HAL_PCD_SOFCallback
 .text.HAL_PCD_ResetCallback
                0x080009ce       0x24 build/usbd_conf.o
                0x080009ce                HAL_PCD_ResetCallback
 *fill*         0x080009f2        0x2 
 .text.HAL_PCD_SuspendCallback
                0x080009f4       0x20 build/usbd_conf.o
                0x080009f4                HAL_PCD_SuspendCallback
 .text.HAL_PCD_ResumeCallback
                0x08000a14        0xc build/usbd_conf.o
                0x08000a14                HAL_PCD_ResumeCallback
 .text.USBD_LL_Init
                0x08000a20       0x84 build/usbd_conf.o
                0x08000a20                USBD_LL_Init
 .text.USBD_LL_Start
                0x08000aa4       0x10 build/usbd_conf.o
                0x08000aa4                USBD_LL_Start
 .text.USBD_LL_OpenEP
                0x08000ab4       0x16 build/usbd_conf.o
                0x08000ab4                USBD_LL_OpenEP
 .text.USBD_LL_CloseEP
                0x08000aca       0x10 build/usbd_conf.o
                0x08000aca                USBD_LL_CloseEP
 .text.USBD_LL_StallEP
                0x08000ada       0x10 build/usbd_conf.o
                0x08000ada                USBD_LL_StallEP
 .text.USBD_LL_ClearStallEP
                0x08000aea       0x10 build/usbd_conf.o
                0x08000aea                USBD_LL_ClearStallEP
 .text.USBD_LL_IsStallEP
                0x08000afa       0x2e build/usbd_conf.o
                0x08000afa                USBD_LL_IsStallEP
 .text.USBD_LL_SetUSBAddress
                0x08000b28       0x10 build/usbd_conf.o
                0x08000b28                USBD_LL_SetUSBAddress
 .text.USBD_LL_Transmit
                0x08000b38       0x10 build/usbd_conf.o
                0x08000b38                USBD_LL_Transmit
 .text.USBD_LL_PrepareReceive
                0x08000b48       0x10 build/usbd_conf.o
                0x08000b48                USBD_LL_PrepareReceive
 .text.USBD_LL_GetRxDataSize
                0x08000b58        0xc build/usbd_conf.o
                0x08000b58                USBD_LL_GetRxDataSize
 .text.USBD_static_malloc
                0x08000b64        0x8 build/usbd_conf.o
                0x08000b64                USBD_static_malloc
 .text.USBD_static_free
                0x08000b6c        0x2 build/usbd_conf.o
                0x08000b6c                USBD_static_free
 .text.HAL_PCDEx_SetConnectionState
                0x08000b6e        0x2 build/usbd_conf.o
                0x08000b6e                HAL_PCDEx_SetConnectionState
 .text.HAL_PCD_EP_DB_Receive
                0x08000b70      0x11c build/stm32f1xx_hal_pcd.o
 .text.HAL_PCD_Init
                0x08000c8c      0x110 build/stm32f1xx_hal_pcd.o
                0x08000c8c                HAL_PCD_Init
 .text.HAL_PCD_Start
                0x08000d9c       0x32 build/stm32f1xx_hal_pcd.o
                0x08000d9c                HAL_PCD_Start
 .text.HAL_PCD_EP_DB_Transmit
                0x08000dce      0x424 build/stm32f1xx_hal_pcd.o
 .text.PCD_EP_ISR_Handler
                0x080011f2      0x53e build/stm32f1xx_hal_pcd.o
 .text.HAL_PCD_SetAddress
                0x08001730       0x28 build/stm32f1xx_hal_pcd.o
                0x08001730                HAL_PCD_SetAddress
 .text.HAL_PCD_IRQHandler
                0x08001758      0x1b0 build/stm32f1xx_hal_pcd.o
                0x08001758                HAL_PCD_IRQHandler
 .text.HAL_PCD_EP_Open
                0x08001908       0x7c build/stm32f1xx_hal_pcd.o
                0x08001908                HAL_PCD_EP_Open
 .text.HAL_PCD_EP_Close
                0x08001984       0x64 build/stm32f1xx_hal_pcd.o
                0x08001984                HAL_PCD_EP_Close
 .text.HAL_PCD_EP_Receive
                0x080019e8       0x3a build/stm32f1xx_hal_pcd.o
                0x080019e8                HAL_PCD_EP_Receive
 .text.HAL_PCD_EP_GetRxCount
                0x08001a22       0x12 build/stm32f1xx_hal_pcd.o
                0x08001a22                HAL_PCD_EP_GetRxCount
 .text.HAL_PCD_EP_Transmit
                0x08001a34       0x44 build/stm32f1xx_hal_pcd.o
                0x08001a34                HAL_PCD_EP_Transmit
 .text.HAL_PCD_EP_SetStall
                0x08001a78       0x78 build/stm32f1xx_hal_pcd.o
                0x08001a78                HAL_PCD_EP_SetStall
 .text.HAL_PCD_EP_ClrStall
                0x08001af0       0x76 build/stm32f1xx_hal_pcd.o
                0x08001af0                HAL_PCD_EP_ClrStall
 .text.HAL_PCDEx_PMAConfig
                0x08001b66       0x38 build/stm32f1xx_hal_pcd_ex.o
                0x08001b66                HAL_PCDEx_PMAConfig
 .text.USB_CoreInit
                0x08001b9e        0xe build/stm32f1xx_ll_usb.o
                0x08001b9e                USB_CoreInit
 .text.USB_EnableGlobalInt
                0x08001bac       0x12 build/stm32f1xx_ll_usb.o
                0x08001bac                USB_EnableGlobalInt
 .text.USB_DisableGlobalInt
                0x08001bbe       0x14 build/stm32f1xx_ll_usb.o
                0x08001bbe                USB_DisableGlobalInt
 .text.USB_SetCurrentMode
                0x08001bd2        0x4 build/stm32f1xx_ll_usb.o
                0x08001bd2                USB_SetCurrentMode
 .text.USB_DevInit
                0x08001bd6       0x22 build/stm32f1xx_ll_usb.o
                0x08001bd6                USB_DevInit
 .text.USB_ActivateEndpoint
                0x08001bf8      0x3ca build/stm32f1xx_ll_usb.o
                0x08001bf8                USB_ActivateEndpoint
 .text.USB_DeactivateEndpoint
                0x08001fc2      0x1d6 build/stm32f1xx_ll_usb.o
                0x08001fc2                USB_DeactivateEndpoint
 .text.USB_EPSetStall
                0x08002198       0x4a build/stm32f1xx_ll_usb.o
                0x08002198                USB_EPSetStall
 .text.USB_EPClearStall
                0x080021e2       0xa2 build/stm32f1xx_ll_usb.o
                0x080021e2                USB_EPClearStall
 .text.USB_SetDevAddress
                0x08002284        0xc build/stm32f1xx_ll_usb.o
                0x08002284                USB_SetDevAddress
 .text.USB_DevConnect
                0x08002290        0x4 build/stm32f1xx_ll_usb.o
                0x08002290                USB_DevConnect
 .text.USB_DevDisconnect
                0x08002294        0x4 build/stm32f1xx_ll_usb.o
                0x08002294                USB_DevDisconnect
 .text.USB_ReadInterrupts
                0x08002298        0x8 build/stm32f1xx_ll_usb.o
                0x08002298                USB_ReadInterrupts
 .text.USB_EP0_OutStart
                0x080022a0        0x4 build/stm32f1xx_ll_usb.o
                0x080022a0                USB_EP0_OutStart
 .text.USB_WritePMA
                0x080022a4       0x26 build/stm32f1xx_ll_usb.o
                0x080022a4                USB_WritePMA
 .text.USB_EPStartXfer
                0x080022ca      0x7ce build/stm32f1xx_ll_usb.o
                0x080022ca                USB_EPStartXfer
 .text.USB_ReadPMA
                0x08002a98       0x30 build/stm32f1xx_ll_usb.o
                0x08002a98                USB_ReadPMA
 .text.HAL_InitTick
                0x08002ac8       0x4c build/stm32f1xx_hal.o
                0x08002ac8                HAL_InitTick
 .text.HAL_Init
                0x08002b14       0x24 build/stm32f1xx_hal.o
                0x08002b14                HAL_Init
 .text.HAL_IncTick
                0x08002b38       0x18 build/stm32f1xx_hal.o
                0x08002b38                HAL_IncTick
 .text.HAL_GetTick
                0x08002b50        0xc build/stm32f1xx_hal.o
                0x08002b50                HAL_GetTick
 .text.RCC_Delay
                0x08002b5c       0x2c build/stm32f1xx_hal_rcc.o
 .text.HAL_RCC_OscConfig
                0x08002b88      0x410 build/stm32f1xx_hal_rcc.o
                0x08002b88                HAL_RCC_OscConfig
 .text.HAL_RCC_GetSysClockFreq
                0x08002f98       0x54 build/stm32f1xx_hal_rcc.o
                0x08002f98                HAL_RCC_GetSysClockFreq
 .text.HAL_RCC_ClockConfig
                0x08002fec      0x16c build/stm32f1xx_hal_rcc.o
                0x08002fec                HAL_RCC_ClockConfig
 .text.HAL_RCCEx_PeriphCLKConfig
                0x08003158      0x118 build/stm32f1xx_hal_rcc_ex.o
                0x08003158                HAL_RCCEx_PeriphCLKConfig
 .text.HAL_GPIO_Init
                0x08003270      0x21c build/stm32f1xx_hal_gpio.o
                0x08003270                HAL_GPIO_Init
 .text.HAL_GPIO_WritePin
                0x0800348c        0xc build/stm32f1xx_hal_gpio.o
                0x0800348c                HAL_GPIO_WritePin
 .text.HAL_DMA_Abort_IT
                0x08003498       0x98 build/stm32f1xx_hal_dma.o
                0x08003498                HAL_DMA_Abort_IT
 .text.__NVIC_SetPriority
                0x08003530       0x28 build/stm32f1xx_hal_cortex.o
 .text.NVIC_EncodePriority
                0x08003558       0x3e build/stm32f1xx_hal_cortex.o
 *fill*         0x08003596        0x2 
 .text.HAL_NVIC_SetPriorityGrouping
                0x08003598       0x24 build/stm32f1xx_hal_cortex.o
                0x08003598                HAL_NVIC_SetPriorityGrouping
 .text.HAL_NVIC_SetPriority
                0x080035bc       0x20 build/stm32f1xx_hal_cortex.o
                0x080035bc                HAL_NVIC_SetPriority
 .text.HAL_NVIC_EnableIRQ
                0x080035dc       0x1c build/stm32f1xx_hal_cortex.o
                0x080035dc                HAL_NVIC_EnableIRQ
 .text.HAL_SYSTICK_Config
                0x080035f8       0x28 build/stm32f1xx_hal_cortex.o
                0x080035f8                HAL_SYSTICK_Config
 .text.HAL_SPI_Init
                0x08003620       0xb6 build/stm32f1xx_hal_spi.o
                0x08003620                HAL_SPI_Init
 .text.HAL_SPI_ErrorCallback
                0x080036d6        0x2 build/stm32f1xx_hal_spi.o
                0x080036d6                HAL_SPI_ErrorCallback
 .text.HAL_SPI_IRQHandler
                0x080036d8      0x108 build/stm32f1xx_hal_spi.o
                0x080036d8                HAL_SPI_IRQHandler
 .text.SPI_DMAAbortOnError
                0x080037e0       0x10 build/stm32f1xx_hal_spi.o
 .text.TIM_OC1_SetConfig
                0x080037f0       0x54 build/stm32f1xx_hal_tim.o
 .text.TIM_OC3_SetConfig
                0x08003844       0x5c build/stm32f1xx_hal_tim.o
 .text.TIM_OC4_SetConfig
                0x080038a0       0x48 build/stm32f1xx_hal_tim.o
 .text.TIM_TI1_ConfigInputStage
                0x080038e8       0x24 build/stm32f1xx_hal_tim.o
 .text.TIM_TI2_ConfigInputStage
                0x0800390c       0x26 build/stm32f1xx_hal_tim.o
 .text.TIM_ITRx_SetConfig
                0x08003932       0x10 build/stm32f1xx_hal_tim.o
 .text.HAL_TIM_PWM_MspInit
                0x08003942        0x2 build/stm32f1xx_hal_tim.o
                0x08003942                HAL_TIM_PWM_MspInit
 .text.TIM_Base_SetConfig
                0x08003944       0x74 build/stm32f1xx_hal_tim.o
                0x08003944                TIM_Base_SetConfig
 .text.HAL_TIM_Base_Init
                0x080039b8       0x58 build/stm32f1xx_hal_tim.o
                0x080039b8                HAL_TIM_Base_Init
 .text.HAL_TIM_PWM_Init
                0x08003a10       0x58 build/stm32f1xx_hal_tim.o
                0x08003a10                HAL_TIM_PWM_Init
 .text.HAL_TIM_Encoder_Init
                0x08003a68       0xb6 build/stm32f1xx_hal_tim.o
                0x08003a68                HAL_TIM_Encoder_Init
 *fill*         0x08003b1e        0x2 
 .text.TIM_OC2_SetConfig
                0x08003b20       0x5c build/stm32f1xx_hal_tim.o
                0x08003b20                TIM_OC2_SetConfig
 .text.HAL_TIM_PWM_ConfigChannel
                0x08003b7c       0xdc build/stm32f1xx_hal_tim.o
                0x08003b7c                HAL_TIM_PWM_ConfigChannel
 .text.TIM_ETR_SetConfig
                0x08003c58       0x18 build/stm32f1xx_hal_tim.o
                0x08003c58                TIM_ETR_SetConfig
 .text.HAL_TIM_ConfigClockSource
                0x08003c70       0xfe build/stm32f1xx_hal_tim.o
                0x08003c70                HAL_TIM_ConfigClockSource
 *fill*         0x08003d6e        0x2 
 .text.HAL_TIMEx_MasterConfigSynchronization
                0x08003d70       0x6c build/stm32f1xx_hal_tim_ex.o
                0x08003d70                HAL_TIMEx_MasterConfigSynchronization
 .text.SystemInit
                0x08003ddc        0x2 build/system_stm32f1xx.o
                0x08003ddc                SystemInit
 .text.USBD_Init
                0x08003dde       0x2e build/usbd_core.o
                0x08003dde                USBD_Init
 .text.USBD_RegisterClass
                0x08003e0c        0xe build/usbd_core.o
                0x08003e0c                USBD_RegisterClass
 .text.USBD_Start
                0x08003e1a        0xa build/usbd_core.o
                0x08003e1a                USBD_Start
 .text.USBD_SetClassConfig
                0x08003e24       0x18 build/usbd_core.o
                0x08003e24                USBD_SetClassConfig
 .text.USBD_ClrClassConfig
                0x08003e3c        0xe build/usbd_core.o
                0x08003e3c                USBD_ClrClassConfig
 .text.USBD_LL_SetupStage
                0x08003e4a       0x5a build/usbd_core.o
                0x08003e4a                USBD_LL_SetupStage
 .text.USBD_LL_DataOutStage
                0x08003ea4       0x8c build/usbd_core.o
                0x08003ea4                USBD_LL_DataOutStage
 .text.USBD_LL_DataInStage
                0x08003f30       0xd0 build/usbd_core.o
                0x08003f30                USBD_LL_DataInStage
 .text.USBD_LL_Reset
                0x08004000       0x50 build/usbd_core.o
                0x08004000                USBD_LL_Reset
 .text.USBD_LL_SetSpeed
                0x08004050        0x6 build/usbd_core.o
                0x08004050                USBD_LL_SetSpeed
 .text.USBD_LL_Suspend
                0x08004056       0x12 build/usbd_core.o
                0x08004056                USBD_LL_Suspend
 .text.USBD_LL_Resume
                0x08004068       0x16 build/usbd_core.o
                0x08004068                USBD_LL_Resume
 .text.USBD_LL_SOF
                0x0800407e       0x1c build/usbd_core.o
                0x0800407e                USBD_LL_SOF
 .text.USBD_GetLen
                0x0800409a       0x14 build/usbd_ctlreq.o
 .text.USBD_SetFeature
                0x080040ae       0x14 build/usbd_ctlreq.o
 .text.USBD_ParseSetupRequest
                0x080040c2       0x28 build/usbd_ctlreq.o
                0x080040c2                USBD_ParseSetupRequest
 .text.USBD_CtlError
                0x080040ea       0x14 build/usbd_ctlreq.o
                0x080040ea                USBD_CtlError
 .text.USBD_GetDescriptor
                0x080040fe      0x186 build/usbd_ctlreq.o
 .text.USBD_SetAddress
                0x08004284       0x4e build/usbd_ctlreq.o
 *fill*         0x080042d2        0x2 
 .text.USBD_SetConfig
                0x080042d4       0xb0 build/usbd_ctlreq.o
 .text.USBD_GetConfig
                0x08004384       0x3e build/usbd_ctlreq.o
 .text.USBD_GetStatus
                0x080043c2       0x38 build/usbd_ctlreq.o
 .text.USBD_ClrFeature
                0x080043fa       0x26 build/usbd_ctlreq.o
 .text.USBD_StdDevReq
                0x08004420       0x68 build/usbd_ctlreq.o
                0x08004420                USBD_StdDevReq
 .text.USBD_StdItfReq
                0x08004488       0x60 build/usbd_ctlreq.o
                0x08004488                USBD_StdItfReq
 .text.USBD_StdEPReq
                0x080044e8      0x1e2 build/usbd_ctlreq.o
                0x080044e8                USBD_StdEPReq
 .text.USBD_GetString
                0x080046ca       0x3a build/usbd_ctlreq.o
                0x080046ca                USBD_GetString
 .text.USBD_CtlSendData
                0x08004704       0x1a build/usbd_ioreq.o
                0x08004704                USBD_CtlSendData
 .text.USBD_CtlContinueSendData
                0x0800471e       0x10 build/usbd_ioreq.o
                0x0800471e                USBD_CtlContinueSendData
 .text.USBD_CtlPrepareRx
                0x0800472e       0x1e build/usbd_ioreq.o
                0x0800472e                USBD_CtlPrepareRx
 .text.USBD_CtlContinueRx
                0x0800474c       0x10 build/usbd_ioreq.o
                0x0800474c                USBD_CtlContinueRx
 .text.USBD_CtlSendStatus
                0x0800475c       0x16 build/usbd_ioreq.o
                0x0800475c                USBD_CtlSendStatus
 .text.USBD_CtlReceiveStatus
                0x08004772       0x16 build/usbd_ioreq.o
                0x08004772                USBD_CtlReceiveStatus
 .text.process_data
                0x08004788       0x40 build/auto_park.o
                0x08004788                process_data
 .text.process_mode
                0x080047c8       0x5c build/auto_park.o
                0x080047c8                process_mode
 .text.sample   0x08004824       0x1c build/auto_park.o
                0x08004824                sample
 .text.CDC_DeInit_FS
                0x08004840        0x4 build/usbd_cdc_if.o
 .text.CDC_Control_FS
                0x08004844        0x4 build/usbd_cdc_if.o
 .text.CDC_Receive_FS
                0x08004848       0x44 build/usbd_cdc_if.o
 .text.CDC_Init_FS
                0x0800488c       0x28 build/usbd_cdc_if.o
 .text.CDC_Transmit_FS
                0x080048b4       0x2c build/usbd_cdc_if.o
                0x080048b4                CDC_Transmit_FS
 .text.USBD_CDC_EP0_RxReady
                0x080048e0       0x28 build/usbd_cdc.o
 .text.USBD_CDC_GetFSCfgDesc
                0x08004908        0xc build/usbd_cdc.o
 .text.USBD_CDC_GetHSCfgDesc
                0x08004914        0xc build/usbd_cdc.o
 .text.USBD_CDC_GetOtherSpeedCfgDesc
                0x08004920        0xc build/usbd_cdc.o
 .text.USBD_CDC_GetDeviceQualifierDescriptor
                0x0800492c        0xc build/usbd_cdc.o
                0x0800492c                USBD_CDC_GetDeviceQualifierDescriptor
 .text.USBD_CDC_DataOut
                0x08004938       0x2e build/usbd_cdc.o
 .text.USBD_CDC_DataIn
                0x08004966       0x4e build/usbd_cdc.o
 .text.USBD_CDC_Setup
                0x080049b4       0xd6 build/usbd_cdc.o
 .text.USBD_CDC_DeInit
                0x08004a8a       0x42 build/usbd_cdc.o
 .text.USBD_CDC_Init
                0x08004acc       0xaa build/usbd_cdc.o
 .text.USBD_CDC_RegisterInterface
                0x08004b76        0xe build/usbd_cdc.o
                0x08004b76                USBD_CDC_RegisterInterface
 .text.USBD_CDC_SetTxBuffer
                0x08004b84       0x10 build/usbd_cdc.o
                0x08004b84                USBD_CDC_SetTxBuffer
 .text.USBD_CDC_SetRxBuffer
                0x08004b94        0xc build/usbd_cdc.o
                0x08004b94                USBD_CDC_SetRxBuffer
 .text.USBD_CDC_TransmitPacket
                0x08004ba0       0x32 build/usbd_cdc.o
                0x08004ba0                USBD_CDC_TransmitPacket
 .text.USBD_CDC_ReceivePacket
                0x08004bd2       0x30 build/usbd_cdc.o
                0x08004bd2                USBD_CDC_ReceivePacket
 *fill*         0x08004c02        0x2 
 .text.Reset_Handler
                0x08004c04       0x48 build/startup_stm32f103xb.o
                0x08004c04                Reset_Handler
 .text.Default_Handler
                0x08004c4c        0x2 build/startup_stm32f103xb.o
                0x08004c4c                RTC_Alarm_IRQHandler
                0x08004c4c                EXTI2_IRQHandler
                0x08004c4c                TIM1_CC_IRQHandler
                0x08004c4c                PVD_IRQHandler
                0x08004c4c                EXTI3_IRQHandler
                0x08004c4c                EXTI0_IRQHandler
                0x08004c4c                I2C2_EV_IRQHandler
                0x08004c4c                ADC1_2_IRQHandler
                0x08004c4c                TAMPER_IRQHandler
                0x08004c4c                DMA1_Channel4_IRQHandler
                0x08004c4c                USART3_IRQHandler
                0x08004c4c                RTC_IRQHandler
                0x08004c4c                DMA1_Channel7_IRQHandler
                0x08004c4c                CAN1_RX1_IRQHandler
                0x08004c4c                TIM4_IRQHandler
                0x08004c4c                I2C1_EV_IRQHandler
                0x08004c4c                DMA1_Channel6_IRQHandler
                0x08004c4c                TIM3_IRQHandler
                0x08004c4c                RCC_IRQHandler
                0x08004c4c                TIM1_TRG_COM_IRQHandler
                0x08004c4c                DMA1_Channel1_IRQHandler
                0x08004c4c                Default_Handler
                0x08004c4c                EXTI15_10_IRQHandler
                0x08004c4c                EXTI9_5_IRQHandler
                0x08004c4c                SPI2_IRQHandler
                0x08004c4c                DMA1_Channel5_IRQHandler
                0x08004c4c                EXTI4_IRQHandler
                0x08004c4c                USB_HP_CAN1_TX_IRQHandler
                0x08004c4c                DMA1_Channel3_IRQHandler
                0x08004c4c                TIM1_UP_IRQHandler
                0x08004c4c                WWDG_IRQHandler
                0x08004c4c                TIM2_IRQHandler
                0x08004c4c                TIM1_BRK_IRQHandler
                0x08004c4c                EXTI1_IRQHandler
                0x08004c4c                USART2_IRQHandler
                0x08004c4c                I2C2_ER_IRQHandler
                0x08004c4c                DMA1_Channel2_IRQHandler
                0x08004c4c                CAN1_SCE_IRQHandler
                0x08004c4c                FLASH_IRQHandler
                0x08004c4c                USART1_IRQHandler
                0x08004c4c                I2C1_ER_IRQHandler
                0x08004c4c                USBWakeUp_IRQHandler
 .text.memset   0x08004c4e       0x10 /usr/lib/gcc/arm-none-eabi/13.2.0/../../../../arm-none-eabi/lib/thumb/v7-m/nofp/libc_nano.a(libc_a-memset.o)
                0x08004c4e                memset
 *fill*         0x08004c5e        0x2 
 .text.__libc_init_array
                0x08004c60       0x48 /usr/lib/gcc/arm-none-eabi/13.2.0/../../../../arm-none-eabi/lib/thumb/v7-m/nofp/libc_nano.a(libc_a-init.o)
                0x08004c60                __libc_init_array
 *(.glue_7)
 .glue_7        0x08004ca8        0x0 linker stubs
 *(.glue_7t)
 .glue_7t       0x08004ca8        0x0 linker stubs
 *(.eh_frame)
 .eh_frame      0x08004ca8        0x0 /usr/lib/gcc/arm-none-eabi/13.2.0/thumb/v7-m/nofp/crtbegin.o
 *(.init)
 .init          0x08004ca8        0x4 /usr/lib/gcc/arm-none-eabi/13.2.0/thumb/v7-m/nofp/crti.o
                0x08004ca8                _init
 .init          0x08004cac        0x8 /usr/lib/gcc/arm-none-eabi/13.2.0/thumb/v7-m/nofp/crtn.o
 *(.fini)
 .fini          0x08004cb4        0x4 /usr/lib/gcc/arm-none-eabi/13.2.0/thumb/v7-m/nofp/crti.o
                0x08004cb4                _fini
 .fini          0x08004cb8        0x8 /usr/lib/gcc/arm-none-eabi/13.2.0/thumb/v7-m/nofp/crtn.o
                0x08004cc0                        . = ALIGN (0x4)
                0x08004cc0                        _etext = .

.vfp11_veneer   0x08004cc0        0x0
 .vfp11_veneer  0x08004cc0        0x0 linker stubs

.v4_bx          0x08004cc0        0x0
 .v4_bx         0x08004cc0        0x0 linker stubs

.iplt           0x08004cc0        0x0
 .iplt          0x08004cc0        0x0 /usr/lib/gcc/arm-none-eabi/13.2.0/thumb/v7-m/nofp/crtbegin.o

.rodata         0x08004cc0       0x78
                0x08004cc0                        . = ALIGN (0x4)
 *(.rodata)
 *(.rodata*)
 .rodata.USBD_FS_ProductStrDescriptor.str1.4
                0x08004cc0       0x54 build/usbd_desc.o
                                 0x16 (size before relaxing)
 .rodata.USBD_FS_ManufacturerStrDescriptor.str1.4
                0x08004d14       0x13 build/usbd_desc.o
 .rodata.USBD_FS_ConfigStrDescriptor.str1.4
                0x08004d14        0xb build/usbd_desc.o
 .rodata.USBD_FS_InterfaceStrDescriptor.str1.4
                0x08004d14        0xe build/usbd_desc.o
 .rodata.aPredivFactorTable.0
                0x08004d14        0x2 build/stm32f1xx_hal_rcc.o
 *fill*         0x08004d16        0x2 
 .rodata.aPLLMULFactorTable.1
                0x08004d18       0x10 build/stm32f1xx_hal_rcc.o
 .rodata.AHBPrescTable
                0x08004d28       0x10 build/system_stm32f1xx.o
                0x08004d28                AHBPrescTable
 .rodata.process_mode.str1.4
                0x08004d38        0xc build/auto_park.o
                0x08004d44                        . = ALIGN (0x4)

.ARM.extab
 *(.ARM.extab* .gnu.linkonce.armextab.*)

.ARM            0x08004d38        0x8
                0x08004d38                        __exidx_start = .
 *(.ARM.exidx*)
 .ARM.exidx     0x08004d38        0x8 /usr/lib/gcc/arm-none-eabi/13.2.0/../../../../arm-none-eabi/lib/thumb/v7-m/nofp/libc_nano.a(libc_a-strlen.o)
                0x08004d40                        __exidx_end = .

.rel.dyn        0x08004d40        0x0
 .rel.iplt      0x08004d40        0x0 /usr/lib/gcc/arm-none-eabi/13.2.0/thumb/v7-m/nofp/crtbegin.o

.preinit_array  0x08004d40        0x0
                0x08004d40                        PROVIDE (__preinit_array_start = .)
 *(.preinit_array*)
                0x08004d40                        PROVIDE (__preinit_array_end = .)

.init_array     0x08004d40        0x4
                0x08004d40                        PROVIDE (__init_array_start = .)
 *(SORT_BY_NAME(.init_array.*))
 *(.init_array*)
 .init_array    0x08004d40        0x4 /usr/lib/gcc/arm-none-eabi/13.2.0/thumb/v7-m/nofp/crtbegin.o
                0x08004d44                        PROVIDE (__init_array_end = .)

.fini_array     0x08004d44        0x4
                0x08004d44                        PROVIDE (__fini_array_start = .)
 *(SORT_BY_NAME(.fini_array.*))
 *(.fini_array*)
 .fini_array    0x08004d44        0x4 /usr/lib/gcc/arm-none-eabi/13.2.0/thumb/v7-m/nofp/crtbegin.o
                0x08004d48                        PROVIDE (__fini_array_end = .)
                0x08004d48                        _sidata = LOADADDR (.data)

.data           0x20000000      0x17c load address 0x08004d48
                0x20000000                        . = ALIGN (0x4)
                0x20000000                        _sdata = .
 *(.data)
 *(.data*)
 .data.USBD_StringSerial
                0x20000000       0x1a build/usbd_desc.o
                0x20000000                USBD_StringSerial
 *fill*         0x2000001a        0x2 
 .data.USBD_LangIDDesc
                0x2000001c        0x4 build/usbd_desc.o
                0x2000001c                USBD_LangIDDesc
 .data.USBD_FS_DeviceDesc
                0x20000020       0x12 build/usbd_desc.o
                0x20000020                USBD_FS_DeviceDesc
 *fill*         0x20000032        0x2 
 .data.FS_Desc  0x20000034       0x1c build/usbd_desc.o
                0x20000034                FS_Desc
 .data.uwTickFreq
                0x20000050        0x1 build/stm32f1xx_hal.o
                0x20000050                uwTickFreq
 *fill*         0x20000051        0x3 
 .data.uwTickPrio
                0x20000054        0x4 build/stm32f1xx_hal.o
                0x20000054                uwTickPrio
 .data.SystemCoreClock
                0x20000058        0x4 build/system_stm32f1xx.o
                0x20000058                SystemCoreClock
 .data.USBD_Interface_fops_FS
                0x2000005c       0x10 build/usbd_cdc_if.o
                0x2000005c                USBD_Interface_fops_FS
 .data.USBD_CDC_OtherSpeedCfgDesc
                0x2000006c       0x43 build/usbd_cdc.o
                0x2000006c                USBD_CDC_OtherSpeedCfgDesc
 *fill*         0x200000af        0x1 
 .data.USBD_CDC_CfgFSDesc
                0x200000b0       0x43 build/usbd_cdc.o
                0x200000b0                USBD_CDC_CfgFSDesc
 *fill*         0x200000f3        0x1 
 .data.USBD_CDC_CfgHSDesc
                0x200000f4       0x43 build/usbd_cdc.o
                0x200000f4                USBD_CDC_CfgHSDesc
 *fill*         0x20000137        0x1 
 .data.USBD_CDC
                0x20000138       0x38 build/usbd_cdc.o
                0x20000138                USBD_CDC
 .data.USBD_CDC_DeviceQualifierDesc
                0x20000170        0xa build/usbd_cdc.o
                0x2000017c                        . = ALIGN (0x4)
 *fill*         0x2000017a        0x2 
                0x2000017c                        _edata = .

.igot.plt       0x2000017c        0x0 load address 0x08004ec4
 .igot.plt      0x2000017c        0x0 /usr/lib/gcc/arm-none-eabi/13.2.0/thumb/v7-m/nofp/crtbegin.o
                0x2000017c                        . = ALIGN (0x4)

.bss            0x2000017c      0xdd8 load address 0x08004ec4
                0x2000017c                        _sbss = .
                0x2000017c                        __bss_start__ = _sbss
 *(.bss)
 *(.bss*)
 .bss.completed.1
                0x2000017c        0x1 /usr/lib/gcc/arm-none-eabi/13.2.0/thumb/v7-m/nofp/crtbegin.o
 *fill*         0x2000017d        0x3 
 .bss.object.0  0x20000180       0x18 /usr/lib/gcc/arm-none-eabi/13.2.0/thumb/v7-m/nofp/crtbegin.o
 .bss.machine   0x20000198      0x1e8 build/main.o
                0x20000198                machine
 .bss.htim4     0x20000380       0x48 build/main.o
                0x20000380                htim4
 .bss.htim3     0x200003c8       0x48 build/main.o
                0x200003c8                htim3
 .bss.htim2     0x20000410       0x48 build/main.o
                0x20000410                htim2
 .bss.htim1     0x20000458       0x48 build/main.o
                0x20000458                htim1
 .bss.hspi1     0x200004a0       0x58 build/main.o
                0x200004a0                hspi1
 .bss.hUsbDeviceFS
                0x200004f8      0x2c4 build/usb_device.o
                0x200004f8                hUsbDeviceFS
 .bss.USBD_StrDesc
                0x200007bc      0x200 build/usbd_desc.o
                0x200007bc                USBD_StrDesc
 .bss.mem.0     0x200009bc      0x220 build/usbd_conf.o
 .bss.hpcd_USB_FS
                0x20000bdc      0x2f0 build/usbd_conf.o
                0x20000bdc                hpcd_USB_FS
 .bss.uwTick    0x20000ecc        0x4 build/stm32f1xx_hal.o
                0x20000ecc                uwTick
 .bss.cfgidx.0  0x20000ed0        0x1 build/usbd_ctlreq.o
 *fill*         0x20000ed1        0x3 
 .bss.UserTxBufferFS
                0x20000ed4       0x40 build/usbd_cdc_if.o
                0x20000ed4                UserTxBufferFS
 .bss.UserRxBufferFS
                0x20000f14       0x40 build/usbd_cdc_if.o
                0x20000f14                UserRxBufferFS
 *(COMMON)
                0x20000f54                        . = ALIGN (0x4)
                0x20000f54                        _ebss = .
                0x20000f54                        __bss_end__ = _ebss

._user_heap_stack
                0x20000f54      0x604 load address 0x08004ec4
                0x20000f58                        . = ALIGN (0x8)
 *fill*         0x20000f54        0x4 
                0x20000f58                        PROVIDE (end = .)
                [!provide]                        PROVIDE (_end = .)
                0x20001158                        . = (. + _Min_Heap_Size)
 *fill*         0x20000f58      0x200 
                0x20001558                        . = (. + _Min_Stack_Size)
 *fill*         0x20001158      0x400 
                0x20001558                        . = ALIGN (0x8)

/DISCARD/
 libc.a(*)
 libm.a(*)
 libgcc.a(*)

.ARM.attributes
                0x00000000       0x29
 *(.ARM.attributes)
 .ARM.attributes
                0x00000000       0x1d /usr/lib/gcc/arm-none-eabi/13.2.0/thumb/v7-m/nofp/crti.o
 .ARM.attributes
                0x0000001d       0x2d /usr/lib/gcc/arm-none-eabi/13.2.0/thumb/v7-m/nofp/crtbegin.o
 .ARM.attributes
                0x0000004a       0x2d build/main.o
 .ARM.attributes
                0x00000077       0x2d build/stm32f1xx_it.o
 .ARM.attributes
                0x000000a4       0x2d build/stm32f1xx_hal_msp.o
 .ARM.attributes
                0x000000d1       0x2d build/usb_device.o
 .ARM.attributes
                0x000000fe       0x2d build/usbd_desc.o
 .ARM.attributes
                0x0000012b       0x2d build/usbd_conf.o
 .ARM.attributes
                0x00000158       0x2d build/stm32f1xx_hal_pcd.o
 .ARM.attributes
                0x00000185       0x2d build/stm32f1xx_hal_pcd_ex.o
 .ARM.attributes
                0x000001b2       0x2d build/stm32f1xx_ll_usb.o
 .ARM.attributes
                0x000001df       0x2d build/stm32f1xx_hal.o
 .ARM.attributes
                0x0000020c       0x2d build/stm32f1xx_hal_rcc.o
 .ARM.attributes
                0x00000239       0x2d build/stm32f1xx_hal_rcc_ex.o
 .ARM.attributes
                0x00000266       0x2d build/stm32f1xx_hal_gpio.o
 .ARM.attributes
                0x00000293       0x2d build/stm32f1xx_hal_dma.o
 .ARM.attributes
                0x000002c0       0x2d build/stm32f1xx_hal_cortex.o
 .ARM.attributes
                0x000002ed       0x2d build/stm32f1xx_hal_spi.o
 .ARM.attributes
                0x0000031a       0x2d build/stm32f1xx_hal_tim.o
 .ARM.attributes
                0x00000347       0x2d build/stm32f1xx_hal_tim_ex.o
 .ARM.attributes
                0x00000374       0x2d build/system_stm32f1xx.o
 .ARM.attributes
                0x000003a1       0x2d build/usbd_core.o
 .ARM.attributes
                0x000003ce       0x2d build/usbd_ctlreq.o
 .ARM.attributes
                0x000003fb       0x2d build/usbd_ioreq.o
 .ARM.attributes
                0x00000428       0x2d build/auto_park.o
 .ARM.attributes
                0x00000455       0x2d build/usbd_cdc_if.o
 .ARM.attributes
                0x00000482       0x2d build/usbd_cdc.o
 .ARM.attributes
                0x000004af       0x21 build/startup_stm32f103xb.o
 .ARM.attributes
                0x000004d0       0x2d /usr/lib/gcc/arm-none-eabi/13.2.0/../../../../arm-none-eabi/lib/thumb/v7-m/nofp/libc_nano.a(libc_a-memset.o)
 .ARM.attributes
                0x000004fd       0x2d /usr/lib/gcc/arm-none-eabi/13.2.0/../../../../arm-none-eabi/lib/thumb/v7-m/nofp/libc_nano.a(libc_a-init.o)
 .ARM.attributes
                0x0000052a       0x17 /usr/lib/gcc/arm-none-eabi/13.2.0/../../../../arm-none-eabi/lib/thumb/v7-m/nofp/libc_nano.a(libc_a-strlen.o)
 .ARM.attributes
                0x00000541       0x1d /usr/lib/gcc/arm-none-eabi/13.2.0/thumb/v7-m/nofp/crtn.o
OUTPUT(build/Firmware.elf elf32-littlearm)
LOAD linker stubs
LOAD /usr/lib/gcc/arm-none-eabi/13.2.0/../../../../arm-none-eabi/lib/thumb/v7-m/nofp/libc.a
LOAD /usr/lib/gcc/arm-none-eabi/13.2.0/../../../../arm-none-eabi/lib/thumb/v7-m/nofp/libm.a
LOAD /usr/lib/gcc/arm-none-eabi/13.2.0/thumb/v7-m/nofp/libgcc.a

.debug_info     0x00000000    0x1cc55
 .debug_info    0x00000000     0x19b5 build/main.o
 .debug_info    0x000019b5     0x1357 build/stm32f1xx_it.o
 .debug_info    0x00002d0c     0x11ef build/stm32f1xx_hal_msp.o
 .debug_info    0x00003efb      0x792 build/usb_device.o
 .debug_info    0x0000468d      0x654 build/usbd_desc.o
 .debug_info    0x00004ce1     0x2052 build/usbd_conf.o
 .debug_info    0x00006d33     0x1f83 build/stm32f1xx_hal_pcd.o
 .debug_info    0x00008cb6      0x7b9 build/stm32f1xx_hal_pcd_ex.o
 .debug_info    0x0000946f     0x1d27 build/stm32f1xx_ll_usb.o
 .debug_info    0x0000b196      0x880 build/stm32f1xx_hal.o
 .debug_info    0x0000ba16      0xb10 build/stm32f1xx_hal_rcc.o
 .debug_info    0x0000c526      0x47d build/stm32f1xx_hal_rcc_ex.o
 .debug_info    0x0000c9a3      0x6d7 build/stm32f1xx_hal_gpio.o
 .debug_info    0x0000d07a      0x8d5 build/stm32f1xx_hal_dma.o
 .debug_info    0x0000d94f      0xe3f build/stm32f1xx_hal_cortex.o
 .debug_info    0x0000e78e     0x1f41 build/stm32f1xx_hal_spi.o
 .debug_info    0x000106cf     0x411c build/stm32f1xx_hal_tim.o
 .debug_info    0x000147eb     0x1d4f build/stm32f1xx_hal_tim_ex.o
 .debug_info    0x0001653a      0x26e build/system_stm32f1xx.o
 .debug_info    0x000167a8      0xf97 build/usbd_core.o
 .debug_info    0x0001773f     0x1203 build/usbd_ctlreq.o
 .debug_info    0x00018942      0x946 build/usbd_ioreq.o
 .debug_info    0x00019288      0xef6 build/auto_park.o
 .debug_info    0x0001a17e     0x12c0 build/usbd_cdc_if.o
 .debug_info    0x0001b43e     0x15cd build/usbd_cdc.o
 .debug_info    0x0001ca0b       0x30 build/startup_stm32f103xb.o
 .debug_info    0x0001ca3b       0xe0 /usr/lib/gcc/arm-none-eabi/13.2.0/../../../../arm-none-eabi/lib/thumb/v7-m/nofp/libc_nano.a(libc_a-memset.o)
 .debug_info    0x0001cb1b      0x10b /usr/lib/gcc/arm-none-eabi/13.2.0/../../../../arm-none-eabi/lib/thumb/v7-m/nofp/libc_nano.a(libc_a-init.o)
 .debug_info    0x0001cc26       0x2f /usr/lib/gcc/arm-none-eabi/13.2.0/../../../../arm-none-eabi/lib/thumb/v7-m/nofp/libc_nano.a(libc_a-strlen.o)

.debug_abbrev   0x00000000     0x3f60
 .debug_abbrev  0x00000000      0x301 build/main.o
 .debug_abbrev  0x00000301      0x1ed build/stm32f1xx_it.o
 .debug_abbrev  0x000004ee      0x27e build/stm32f1xx_hal_msp.o
 .debug_abbrev  0x0000076c      0x195 build/usb_device.o
 .debug_abbrev  0x00000901      0x23c build/usbd_desc.o
 .debug_abbrev  0x00000b3d      0x33e build/usbd_conf.o
 .debug_abbrev  0x00000e7b      0x32d build/stm32f1xx_hal_pcd.o
 .debug_abbrev  0x000011a8      0x184 build/stm32f1xx_hal_pcd_ex.o
 .debug_abbrev  0x0000132c      0x262 build/stm32f1xx_ll_usb.o
 .debug_abbrev  0x0000158e      0x232 build/stm32f1xx_hal.o
 .debug_abbrev  0x000017c0      0x2d6 build/stm32f1xx_hal_rcc.o
 .debug_abbrev  0x00001a96      0x1d4 build/stm32f1xx_hal_rcc_ex.o
 .debug_abbrev  0x00001c6a      0x222 build/stm32f1xx_hal_gpio.o
 .debug_abbrev  0x00001e8c      0x261 build/stm32f1xx_hal_dma.o
 .debug_abbrev  0x000020ed      0x3aa build/stm32f1xx_hal_cortex.o
 .debug_abbrev  0x00002497      0x2c6 build/stm32f1xx_hal_spi.o
 .debug_abbrev  0x0000275d      0x2bd build/stm32f1xx_hal_tim.o
 .debug_abbrev  0x00002a1a      0x2b7 build/stm32f1xx_hal_tim_ex.o
 .debug_abbrev  0x00002cd1      0x140 build/system_stm32f1xx.o
 .debug_abbrev  0x00002e11      0x2ae build/usbd_core.o
 .debug_abbrev  0x000030bf      0x2ec build/usbd_ctlreq.o
 .debug_abbrev  0x000033ab      0x18e build/usbd_ioreq.o
 .debug_abbrev  0x00003539      0x259 build/auto_park.o
 .debug_abbrev  0x00003792      0x2ee build/usbd_cdc_if.o
 .debug_abbrev  0x00003a80      0x33b build/usbd_cdc.o
 .debug_abbrev  0x00003dbb       0x1d build/startup_stm32f103xb.o
 .debug_abbrev  0x00003dd8       0x9e /usr/lib/gcc/arm-none-eabi/13.2.0/../../../../arm-none-eabi/lib/thumb/v7-m/nofp/libc_nano.a(libc_a-memset.o)
 .debug_abbrev  0x00003e76       0xc9 /usr/lib/gcc/arm-none-eabi/13.2.0/../../../../arm-none-eabi/lib/thumb/v7-m/nofp/libc_nano.a(libc_a-init.o)
 .debug_abbrev  0x00003f3f       0x21 /usr/lib/gcc/arm-none-eabi/13.2.0/../../../../arm-none-eabi/lib/thumb/v7-m/nofp/libc_nano.a(libc_a-strlen.o)

.debug_loc      0x00000000    0x15bae
 .debug_loc     0x00000000      0x1d0 build/main.o
 .debug_loc     0x000001d0       0x60 build/stm32f1xx_it.o
 .debug_loc     0x00000230      0x3c0 build/stm32f1xx_hal_msp.o
 .debug_loc     0x000005f0       0x20 build/usb_device.o
 .debug_loc     0x00000610      0x4e7 build/usbd_desc.o
 .debug_loc     0x00000af7     0x105a build/usbd_conf.o
 .debug_loc     0x00001b51     0x1aa3 build/stm32f1xx_hal_pcd.o
 .debug_loc     0x000035f4      0x15a build/stm32f1xx_hal_pcd_ex.o
 .debug_loc     0x0000374e     0x1b49 build/stm32f1xx_ll_usb.o
 .debug_loc     0x00005297      0x1f9 build/stm32f1xx_hal.o
 .debug_loc     0x00005490      0x7c6 build/stm32f1xx_hal_rcc.o
 .debug_loc     0x00005c56      0x4a9 build/stm32f1xx_hal_rcc_ex.o
 .debug_loc     0x000060ff      0x56c build/stm32f1xx_hal_gpio.o
 .debug_loc     0x0000666b      0x990 build/stm32f1xx_hal_dma.o
 .debug_loc     0x00006ffb      0x8b4 build/stm32f1xx_hal_cortex.o
 .debug_loc     0x000078af     0x281a build/stm32f1xx_hal_spi.o
 .debug_loc     0x0000a0c9     0x613e build/stm32f1xx_hal_tim.o
 .debug_loc     0x00010207     0x227b build/stm32f1xx_hal_tim_ex.o
 .debug_loc     0x00012482      0x11b build/system_stm32f1xx.o
 .debug_loc     0x0001259d      0xbaa build/usbd_core.o
 .debug_loc     0x00013147     0x17db build/usbd_ctlreq.o
 .debug_loc     0x00014922      0x3f8 build/usbd_ioreq.o
 .debug_loc     0x00014d1a      0x217 build/auto_park.o
 .debug_loc     0x00014f31      0x1de build/usbd_cdc_if.o
 .debug_loc     0x0001510f      0xa9f build/usbd_cdc.o

.debug_aranges  0x00000000     0x12e0
 .debug_aranges
                0x00000000       0x68 build/main.o
 .debug_aranges
                0x00000068       0x70 build/stm32f1xx_it.o
 .debug_aranges
                0x000000d8       0x58 build/stm32f1xx_hal_msp.o
 .debug_aranges
                0x00000130       0x20 build/usb_device.o
 .debug_aranges
                0x00000150       0x60 build/usbd_desc.o
 .debug_aranges
                0x000001b0      0x118 build/usbd_conf.o
 .debug_aranges
                0x000002c8      0x140 build/stm32f1xx_hal_pcd.o
 .debug_aranges
                0x00000408       0x38 build/stm32f1xx_hal_pcd_ex.o
 .debug_aranges
                0x00000440       0xf8 build/stm32f1xx_ll_usb.o
 .debug_aranges
                0x00000538       0xe0 build/stm32f1xx_hal.o
 .debug_aranges
                0x00000618       0x90 build/stm32f1xx_hal_rcc.o
 .debug_aranges
                0x000006a8       0x30 build/stm32f1xx_hal_rcc_ex.o
 .debug_aranges
                0x000006d8       0x58 build/stm32f1xx_hal_gpio.o
 .debug_aranges
                0x00000730       0x80 build/stm32f1xx_hal_dma.o
 .debug_aranges
                0x000007b0       0xc0 build/stm32f1xx_hal_cortex.o
 .debug_aranges
                0x00000870      0x1d0 build/stm32f1xx_hal_spi.o
 .debug_aranges
                0x00000a40      0x3d0 build/stm32f1xx_hal_tim.o
 .debug_aranges
                0x00000e10      0x168 build/stm32f1xx_hal_tim_ex.o
 .debug_aranges
                0x00000f78       0x28 build/system_stm32f1xx.o
 .debug_aranges
                0x00000fa0       0xb8 build/usbd_core.o
 .debug_aranges
                0x00001058       0x88 build/usbd_ctlreq.o
 .debug_aranges
                0x000010e0       0x50 build/usbd_ioreq.o
 .debug_aranges
                0x00001130       0x58 build/auto_park.o
 .debug_aranges
                0x00001188       0x40 build/usbd_cdc_if.o
 .debug_aranges
                0x000011c8       0x90 build/usbd_cdc.o
 .debug_aranges
                0x00001258       0x28 build/startup_stm32f103xb.o
 .debug_aranges
                0x00001280       0x20 /usr/lib/gcc/arm-none-eabi/13.2.0/../../../../arm-none-eabi/lib/thumb/v7-m/nofp/libc_nano.a(libc_a-memset.o)
 .debug_aranges
                0x000012a0       0x20 /usr/lib/gcc/arm-none-eabi/13.2.0/../../../../arm-none-eabi/lib/thumb/v7-m/nofp/libc_nano.a(libc_a-init.o)
 .debug_aranges
                0x000012c0       0x20 /usr/lib/gcc/arm-none-eabi/13.2.0/../../../../arm-none-eabi/lib/thumb/v7-m/nofp/libc_nano.a(libc_a-strlen.o)

.debug_ranges   0x00000000     0x1468
 .debug_ranges  0x00000000       0x58 build/main.o
 .debug_ranges  0x00000058       0x60 build/stm32f1xx_it.o
 .debug_ranges  0x000000b8       0x48 build/stm32f1xx_hal_msp.o
 .debug_ranges  0x00000100       0x10 build/usb_device.o
 .debug_ranges  0x00000110       0x50 build/usbd_desc.o
 .debug_ranges  0x00000160      0x108 build/usbd_conf.o
 .debug_ranges  0x00000268      0x240 build/stm32f1xx_hal_pcd.o
 .debug_ranges  0x000004a8       0x28 build/stm32f1xx_hal_pcd_ex.o
 .debug_ranges  0x000004d0      0x320 build/stm32f1xx_ll_usb.o
 .debug_ranges  0x000007f0       0xd0 build/stm32f1xx_hal.o
 .debug_ranges  0x000008c0       0xa0 build/stm32f1xx_hal_rcc.o
 .debug_ranges  0x00000960       0x38 build/stm32f1xx_hal_rcc_ex.o
 .debug_ranges  0x00000998       0x48 build/stm32f1xx_hal_gpio.o
 .debug_ranges  0x000009e0       0x70 build/stm32f1xx_hal_dma.o
 .debug_ranges  0x00000a50       0xb0 build/stm32f1xx_hal_cortex.o
 .debug_ranges  0x00000b00      0x1c0 build/stm32f1xx_hal_spi.o
 .debug_ranges  0x00000cc0      0x3c0 build/stm32f1xx_hal_tim.o
 .debug_ranges  0x00001080      0x158 build/stm32f1xx_hal_tim_ex.o
 .debug_ranges  0x000011d8       0x18 build/system_stm32f1xx.o
 .debug_ranges  0x000011f0       0xa8 build/usbd_core.o
 .debug_ranges  0x00001298       0x78 build/usbd_ctlreq.o
 .debug_ranges  0x00001310       0x40 build/usbd_ioreq.o
 .debug_ranges  0x00001350       0x48 build/auto_park.o
 .debug_ranges  0x00001398       0x30 build/usbd_cdc_if.o
 .debug_ranges  0x000013c8       0x80 build/usbd_cdc.o
 .debug_ranges  0x00001448       0x20 build/startup_stm32f103xb.o

.debug_line     0x00000000    0x12089
 .debug_line    0x00000000      0x7e0 build/main.o
 .debug_line    0x000007e0      0x2ac build/stm32f1xx_it.o
 .debug_line    0x00000a8c      0x403 build/stm32f1xx_hal_msp.o
 .debug_line    0x00000e8f      0x1c1 build/usb_device.o
 .debug_line    0x00001050      0x2da build/usbd_desc.o
 .debug_line    0x0000132a      0x745 build/usbd_conf.o
 .debug_line    0x00001a6f     0x17ac build/stm32f1xx_hal_pcd.o
 .debug_line    0x0000321b      0x21b build/stm32f1xx_hal_pcd_ex.o
 .debug_line    0x00003436     0x16fe build/stm32f1xx_ll_usb.o
 .debug_line    0x00004b34      0x4b6 build/stm32f1xx_hal.o
 .debug_line    0x00004fea      0xc32 build/stm32f1xx_hal_rcc.o
 .debug_line    0x00005c1c      0x432 build/stm32f1xx_hal_rcc_ex.o
 .debug_line    0x0000604e      0x558 build/stm32f1xx_hal_gpio.o
 .debug_line    0x000065a6      0xa77 build/stm32f1xx_hal_dma.o
 .debug_line    0x0000701d      0x62f build/stm32f1xx_hal_cortex.o
 .debug_line    0x0000764c     0x23d3 build/stm32f1xx_hal_spi.o
 .debug_line    0x00009a1f     0x4584 build/stm32f1xx_hal_tim.o
 .debug_line    0x0000dfa3     0x1997 build/stm32f1xx_hal_tim_ex.o
 .debug_line    0x0000f93a      0x1cd build/system_stm32f1xx.o
 .debug_line    0x0000fb07      0x6a1 build/usbd_core.o
 .debug_line    0x000101a8      0xa5a build/usbd_ctlreq.o
 .debug_line    0x00010c02      0x22c build/usbd_ioreq.o
 .debug_line    0x00010e2e      0x534 build/auto_park.o
 .debug_line    0x00011362      0x2d3 build/usbd_cdc_if.o
 .debug_line    0x00011635      0x747 build/usbd_cdc.o
 .debug_line    0x00011d7c       0x71 build/startup_stm32f103xb.o
 .debug_line    0x00011ded      0x123 /usr/lib/gcc/arm-none-eabi/13.2.0/../../../../arm-none-eabi/lib/thumb/v7-m/nofp/libc_nano.a(libc_a-memset.o)
 .debug_line    0x00011f10      0x12a /usr/lib/gcc/arm-none-eabi/13.2.0/../../../../arm-none-eabi/lib/thumb/v7-m/nofp/libc_nano.a(libc_a-init.o)
 .debug_line    0x0001203a       0x4f /usr/lib/gcc/arm-none-eabi/13.2.0/../../../../arm-none-eabi/lib/thumb/v7-m/nofp/libc_nano.a(libc_a-strlen.o)

.debug_str      0x00000000     0x5232
 .debug_str     0x00000000     0x5232 build/main.o
                                0xecd (size before relaxing)
 .debug_str     0x00005232      0xce8 build/stm32f1xx_it.o
 .debug_str     0x00005232      0xcbe build/stm32f1xx_hal_msp.o
 .debug_str     0x00005232      0x617 build/usb_device.o
 .debug_str     0x00005232      0x40f build/usbd_desc.o
 .debug_str     0x00005232     0x1164 build/usbd_conf.o
 .debug_str     0x00005232      0xad6 build/stm32f1xx_hal_pcd.o
 .debug_str     0x00005232      0x686 build/stm32f1xx_hal_pcd_ex.o
 .debug_str     0x00005232      0x6d8 build/stm32f1xx_ll_usb.o
 .debug_str     0x00005232      0x7ec build/stm32f1xx_hal.o
 .debug_str     0x00005232      0x5e9 build/stm32f1xx_hal_rcc.o
 .debug_str     0x00005232      0x391 build/stm32f1xx_hal_rcc_ex.o
 .debug_str     0x00005232      0x3be build/stm32f1xx_hal_gpio.o
 .debug_str     0x00005232      0x5bb build/stm32f1xx_hal_dma.o
 .debug_str     0x00005232      0x891 build/stm32f1xx_hal_cortex.o
 .debug_str     0x00005232      0xb25 build/stm32f1xx_hal_spi.o
 .debug_str     0x00005232     0x1633 build/stm32f1xx_hal_tim.o
 .debug_str     0x00005232      0xe4f build/stm32f1xx_hal_tim_ex.o
 .debug_str     0x00005232      0x212 build/system_stm32f1xx.o
 .debug_str     0x00005232      0x7ef build/usbd_core.o
 .debug_str     0x00005232      0x709 build/usbd_ctlreq.o
 .debug_str     0x00005232      0x636 build/usbd_ioreq.o
 .debug_str     0x00005232      0x88b build/auto_park.o
 .debug_str     0x00005232      0xc5c build/usbd_cdc_if.o
 .debug_str     0x00005232      0xbd7 build/usbd_cdc.o
 .debug_str     0x00005232       0x50 build/startup_stm32f103xb.o
 .debug_str     0x00005232      0x1b7 /usr/lib/gcc/arm-none-eabi/13.2.0/../../../../arm-none-eabi/lib/thumb/v7-m/nofp/libc_nano.a(libc_a-memset.o)
 .debug_str     0x00005232      0x218 /usr/lib/gcc/arm-none-eabi/13.2.0/../../../../arm-none-eabi/lib/thumb/v7-m/nofp/libc_nano.a(libc_a-init.o)
 .debug_str     0x00005232       0xb6 /usr/lib/gcc/arm-none-eabi/13.2.0/../../../../arm-none-eabi/lib/thumb/v7-m/nofp/libc_nano.a(libc_a-strlen.o)

.comment        0x00000000       0x3c
 .comment       0x00000000       0x3c build/main.o
                                 0x1f (size before relaxing)
 .comment       0x0000003c       0x1f build/stm32f1xx_it.o
 .comment       0x0000003c       0x1f build/stm32f1xx_hal_msp.o
 .comment       0x0000003c       0x1f build/usb_device.o
 .comment       0x0000003c       0x1f build/usbd_desc.o
 .comment       0x0000003c       0x1f build/usbd_conf.o
 .comment       0x0000003c       0x1f build/stm32f1xx_hal_pcd.o
 .comment       0x0000003c       0x1f build/stm32f1xx_hal_pcd_ex.o
 .comment       0x0000003c       0x1f build/stm32f1xx_ll_usb.o
 .comment       0x0000003c       0x1f build/stm32f1xx_hal.o
 .comment       0x0000003c       0x1f build/stm32f1xx_hal_rcc.o
 .comment       0x0000003c       0x1f build/stm32f1xx_hal_rcc_ex.o
 .comment       0x0000003c       0x1f build/stm32f1xx_hal_gpio.o
 .comment       0x0000003c       0x1f build/stm32f1xx_hal_dma.o
 .comment       0x0000003c       0x1f build/stm32f1xx_hal_cortex.o
 .comment       0x0000003c       0x1f build/stm32f1xx_hal_spi.o
 .comment       0x0000003c       0x1f build/stm32f1xx_hal_tim.o
 .comment       0x0000003c       0x1f build/stm32f1xx_hal_tim_ex.o
 .comment       0x0000003c       0x1f build/system_stm32f1xx.o
 .comment       0x0000003c       0x1f build/usbd_core.o
 .comment       0x0000003c       0x1f build/usbd_ctlreq.o
 .comment       0x0000003c       0x1f build/usbd_ioreq.o
 .comment       0x0000003c       0x1f build/auto_park.o
 .comment       0x0000003c       0x1f build/usbd_cdc_if.o
 .comment       0x0000003c       0x1f build/usbd_cdc.o
 .comment       0x0000003c       0x1f /usr/lib/gcc/arm-none-eabi/13.2.0/../../../../arm-none-eabi/lib/thumb/v7-m/nofp/libc_nano.a(libc_a-memset.o)
 .comment       0x0000003c       0x1f /usr/lib/gcc/arm-none-eabi/13.2.0/../../../../arm-none-eabi/lib/thumb/v7-m/nofp/libc_nano.a(libc_a-init.o)

.debug_frame    0x00000000     0x2fe0
 .debug_frame   0x00000000      0x128 build/main.o
 .debug_frame   0x00000128       0xd8 build/stm32f1xx_it.o
 .debug_frame   0x00000200       0xe4 build/stm32f1xx_hal_msp.o
 .debug_frame   0x000002e4       0x28 build/usb_device.o
 .debug_frame   0x0000030c       0xe0 build/usbd_desc.o
 .debug_frame   0x000003ec      0x2ec build/usbd_conf.o
 .debug_frame   0x000006d8      0x360 build/stm32f1xx_hal_pcd.o
 .debug_frame   0x00000a38       0x50 build/stm32f1xx_hal_pcd_ex.o
 .debug_frame   0x00000a88      0x200 build/stm32f1xx_ll_usb.o
 .debug_frame   0x00000c88      0x1cc build/stm32f1xx_hal.o
 .debug_frame   0x00000e54      0x184 build/stm32f1xx_hal_rcc.o
 .debug_frame   0x00000fd8       0x5c build/stm32f1xx_hal_rcc_ex.o
 .debug_frame   0x00001034       0xe4 build/stm32f1xx_hal_gpio.o
 .debug_frame   0x00001118      0x144 build/stm32f1xx_hal_dma.o
 .debug_frame   0x0000125c      0x19c build/stm32f1xx_hal_cortex.o
 .debug_frame   0x000013f8      0x5ac build/stm32f1xx_hal_spi.o
 .debug_frame   0x000019a4      0xb14 build/stm32f1xx_hal_tim.o
 .debug_frame   0x000024b8      0x418 build/stm32f1xx_hal_tim_ex.o
 .debug_frame   0x000028d0       0x30 build/system_stm32f1xx.o
 .debug_frame   0x00002900      0x1c4 build/usbd_core.o
 .debug_frame   0x00002ac4      0x178 build/usbd_ctlreq.o
 .debug_frame   0x00002c3c       0xb8 build/usbd_ioreq.o
 .debug_frame   0x00002cf4       0xc8 build/auto_park.o
 .debug_frame   0x00002dbc       0x78 build/usbd_cdc_if.o
 .debug_frame   0x00002e34      0x160 build/usbd_cdc.o
 .debug_frame   0x00002f94       0x20 /usr/lib/gcc/arm-none-eabi/13.2.0/../../../../arm-none-eabi/lib/thumb/v7-m/nofp/libc_nano.a(libc_a-memset.o)
 .debug_frame   0x00002fb4       0x2c /usr/lib/gcc/arm-none-eabi/13.2.0/../../../../arm-none-eabi/lib/thumb/v7-m/nofp/libc_nano.a(libc_a-init.o)

.debug_loclists
                0x00000000       0x6f
 .debug_loclists
                0x00000000       0x3b /usr/lib/gcc/arm-none-eabi/13.2.0/../../../../arm-none-eabi/lib/thumb/v7-m/nofp/libc_nano.a(libc_a-memset.o)
 .debug_loclists
                0x0000003b       0x34 /usr/lib/gcc/arm-none-eabi/13.2.0/../../../../arm-none-eabi/lib/thumb/v7-m/nofp/libc_nano.a(libc_a-init.o)

.debug_rnglists
                0x00000000       0x26
 .debug_rnglists
                0x00000000       0x13 /usr/lib/gcc/arm-none-eabi/13.2.0/../../../../arm-none-eabi/lib/thumb/v7-m/nofp/libc_nano.a(libc_a-memset.o)
 .debug_rnglists
                0x00000013       0x13 /usr/lib/gcc/arm-none-eabi/13.2.0/../../../../arm-none-eabi/lib/thumb/v7-m/nofp/libc_nano.a(libc_a-init.o)

.debug_line_str
                0x00000000       0xa3
 .debug_line_str
                0x00000000       0xa3 /usr/lib/gcc/arm-none-eabi/13.2.0/../../../../arm-none-eabi/lib/thumb/v7-m/nofp/libc_nano.a(libc_a-strlen.o)

Cross Reference Table

Symbol                                            File
ADC1_2_IRQHandler                                 build/startup_stm32f103xb.o
AHBPrescTable                                     build/system_stm32f1xx.o
                                                  build/stm32f1xx_hal_rcc.o
APBPrescTable                                     build/system_stm32f1xx.o
                                                  build/stm32f1xx_hal_rcc.o
BusFault_Handler                                  build/stm32f1xx_it.o
CAN1_RX1_IRQHandler                               build/startup_stm32f103xb.o
CAN1_SCE_IRQHandler                               build/startup_stm32f103xb.o
CDC_Transmit_FS                                   build/usbd_cdc_if.o
                                                  build/auto_park.o
DMA1_Channel1_IRQHandler                          build/startup_stm32f103xb.o
DMA1_Channel2_IRQHandler                          build/startup_stm32f103xb.o
DMA1_Channel3_IRQHandler                          build/startup_stm32f103xb.o
DMA1_Channel4_IRQHandler                          build/startup_stm32f103xb.o
DMA1_Channel5_IRQHandler                          build/startup_stm32f103xb.o
DMA1_Channel6_IRQHandler                          build/startup_stm32f103xb.o
DMA1_Channel7_IRQHandler                          build/startup_stm32f103xb.o
DebugMon_Handler                                  build/stm32f1xx_it.o
Default_Handler                                   build/startup_stm32f103xb.o
EXTI0_IRQHandler                                  build/startup_stm32f103xb.o
EXTI15_10_IRQHandler                              build/startup_stm32f103xb.o
EXTI1_IRQHandler                                  build/startup_stm32f103xb.o
EXTI2_IRQHandler                                  build/startup_stm32f103xb.o
EXTI3_IRQHandler                                  build/startup_stm32f103xb.o
EXTI4_IRQHandler                                  build/startup_stm32f103xb.o
EXTI9_5_IRQHandler                                build/startup_stm32f103xb.o
Error_Handler                                     build/main.o
                                                  build/usbd_conf.o
                                                  build/usb_device.o
FLASH_IRQHandler                                  build/startup_stm32f103xb.o
FLASH_PageErase                                   build/stm32f1xx_hal_flash_ex.o
                                                  build/stm32f1xx_hal_flash.o
FLASH_WaitForLastOperation                        build/stm32f1xx_hal_flash.o
                                                  build/stm32f1xx_hal_flash_ex.o
FS_Desc                                           build/usbd_desc.o
                                                  build/usb_device.o
HAL_DBGMCU_DisableDBGSleepMode                    build/stm32f1xx_hal.o
HAL_DBGMCU_DisableDBGStandbyMode                  build/stm32f1xx_hal.o
HAL_DBGMCU_DisableDBGStopMode                     build/stm32f1xx_hal.o
HAL_DBGMCU_EnableDBGSleepMode                     build/stm32f1xx_hal.o
HAL_DBGMCU_EnableDBGStandbyMode                   build/stm32f1xx_hal.o
HAL_DBGMCU_EnableDBGStopMode                      build/stm32f1xx_hal.o
HAL_DMA_Abort                                     build/stm32f1xx_hal_dma.o
                                                  build/stm32f1xx_hal_spi.o
HAL_DMA_Abort_IT                                  build/stm32f1xx_hal_dma.o
                                                  build/stm32f1xx_hal_tim_ex.o
                                                  build/stm32f1xx_hal_tim.o
                                                  build/stm32f1xx_hal_spi.o
HAL_DMA_DeInit                                    build/stm32f1xx_hal_dma.o
HAL_DMA_GetError                                  build/stm32f1xx_hal_dma.o
HAL_DMA_GetState                                  build/stm32f1xx_hal_dma.o
HAL_DMA_IRQHandler                                build/stm32f1xx_hal_dma.o
HAL_DMA_Init                                      build/stm32f1xx_hal_dma.o
HAL_DMA_PollForTransfer                           build/stm32f1xx_hal_dma.o
HAL_DMA_RegisterCallback                          build/stm32f1xx_hal_dma.o
HAL_DMA_Start                                     build/stm32f1xx_hal_dma.o
HAL_DMA_Start_IT                                  build/stm32f1xx_hal_dma.o
                                                  build/stm32f1xx_hal_tim_ex.o
                                                  build/stm32f1xx_hal_tim.o
                                                  build/stm32f1xx_hal_spi.o
HAL_DMA_UnRegisterCallback                        build/stm32f1xx_hal_dma.o
HAL_DeInit                                        build/stm32f1xx_hal.o
HAL_Delay                                         build/stm32f1xx_hal.o
                                                  build/usbd_conf.o
HAL_EXTI_ClearConfigLine                          build/stm32f1xx_hal_exti.o
HAL_EXTI_ClearPending                             build/stm32f1xx_hal_exti.o
HAL_EXTI_GenerateSWI                              build/stm32f1xx_hal_exti.o
HAL_EXTI_GetConfigLine                            build/stm32f1xx_hal_exti.o
HAL_EXTI_GetHandle                                build/stm32f1xx_hal_exti.o
HAL_EXTI_GetPending                               build/stm32f1xx_hal_exti.o
HAL_EXTI_IRQHandler                               build/stm32f1xx_hal_exti.o
HAL_EXTI_RegisterCallback                         build/stm32f1xx_hal_exti.o
HAL_EXTI_SetConfigLine                            build/stm32f1xx_hal_exti.o
HAL_FLASHEx_Erase                                 build/stm32f1xx_hal_flash_ex.o
HAL_FLASHEx_Erase_IT                              build/stm32f1xx_hal_flash_ex.o
HAL_FLASHEx_OBErase                               build/stm32f1xx_hal_flash_ex.o
HAL_FLASHEx_OBGetConfig                           build/stm32f1xx_hal_flash_ex.o
HAL_FLASHEx_OBGetUserData                         build/stm32f1xx_hal_flash_ex.o
HAL_FLASHEx_OBProgram                             build/stm32f1xx_hal_flash_ex.o
HAL_FLASH_EndOfOperationCallback                  build/stm32f1xx_hal_flash.o
HAL_FLASH_GetError                                build/stm32f1xx_hal_flash.o
HAL_FLASH_IRQHandler                              build/stm32f1xx_hal_flash.o
HAL_FLASH_Lock                                    build/stm32f1xx_hal_flash.o
HAL_FLASH_OB_Launch                               build/stm32f1xx_hal_flash.o
HAL_FLASH_OB_Lock                                 build/stm32f1xx_hal_flash.o
HAL_FLASH_OB_Unlock                               build/stm32f1xx_hal_flash.o
HAL_FLASH_OperationErrorCallback                  build/stm32f1xx_hal_flash.o
HAL_FLASH_Program                                 build/stm32f1xx_hal_flash.o
HAL_FLASH_Program_IT                              build/stm32f1xx_hal_flash.o
HAL_FLASH_Unlock                                  build/stm32f1xx_hal_flash.o
HAL_GPIOEx_ConfigEventout                         build/stm32f1xx_hal_gpio_ex.o
HAL_GPIOEx_DisableEventout                        build/stm32f1xx_hal_gpio_ex.o
HAL_GPIOEx_EnableEventout                         build/stm32f1xx_hal_gpio_ex.o
HAL_GPIO_DeInit                                   build/stm32f1xx_hal_gpio.o
                                                  build/stm32f1xx_hal_msp.o
HAL_GPIO_EXTI_Callback                            build/stm32f1xx_hal_gpio.o
HAL_GPIO_EXTI_IRQHandler                          build/stm32f1xx_hal_gpio.o
HAL_GPIO_Init                                     build/stm32f1xx_hal_gpio.o
                                                  build/stm32f1xx_hal_rcc.o
                                                  build/stm32f1xx_hal_msp.o
                                                  build/main.o
HAL_GPIO_LockPin                                  build/stm32f1xx_hal_gpio.o
HAL_GPIO_ReadPin                                  build/stm32f1xx_hal_gpio.o
                                                  build/auto_park.o
HAL_GPIO_TogglePin                                build/stm32f1xx_hal_gpio.o
HAL_GPIO_WritePin                                 build/stm32f1xx_hal_gpio.o
                                                  build/auto_park.o
                                                  build/main.o
HAL_GetDEVID                                      build/stm32f1xx_hal.o
HAL_GetHalVersion                                 build/stm32f1xx_hal.o
HAL_GetREVID                                      build/stm32f1xx_hal.o
HAL_GetTick                                       build/stm32f1xx_hal.o
                                                  build/stm32f1xx_hal_spi.o
                                                  build/stm32f1xx_hal_flash.o
                                                  build/stm32f1xx_hal_dma.o
                                                  build/stm32f1xx_hal_rcc_ex.o
                                                  build/stm32f1xx_hal_rcc.o
HAL_GetTickFreq                                   build/stm32f1xx_hal.o
HAL_GetTickPrio                                   build/stm32f1xx_hal.o
HAL_GetUIDw0                                      build/stm32f1xx_hal.o
HAL_GetUIDw1                                      build/stm32f1xx_hal.o
HAL_GetUIDw2                                      build/stm32f1xx_hal.o
HAL_IncTick                                       build/stm32f1xx_hal.o
                                                  build/stm32f1xx_it.o
HAL_Init                                          build/stm32f1xx_hal.o
                                                  build/main.o
HAL_InitTick                                      build/stm32f1xx_hal.o
                                                  build/stm32f1xx_hal_rcc.o
HAL_MspDeInit                                     build/stm32f1xx_hal.o
HAL_MspInit                                       build/stm32f1xx_hal_msp.o
HAL_NVIC_ClearPendingIRQ                          build/stm32f1xx_hal_cortex.o
HAL_NVIC_DisableIRQ                               build/stm32f1xx_hal_cortex.o
                                                  build/usbd_conf.o
                                                  build/stm32f1xx_hal_msp.o
HAL_NVIC_EnableIRQ                                build/stm32f1xx_hal_cortex.o
                                                  build/usbd_conf.o
                                                  build/stm32f1xx_hal_msp.o
HAL_NVIC_GetActive                                build/stm32f1xx_hal_cortex.o
HAL_NVIC_GetPendingIRQ                            build/stm32f1xx_hal_cortex.o
HAL_NVIC_GetPriority                              build/stm32f1xx_hal_cortex.o
HAL_NVIC_GetPriorityGrouping                      build/stm32f1xx_hal_cortex.o
HAL_NVIC_SetPendingIRQ                            build/stm32f1xx_hal_cortex.o
HAL_NVIC_SetPriority                              build/stm32f1xx_hal_cortex.o
                                                  build/stm32f1xx_hal.o
                                                  build/usbd_conf.o
                                                  build/stm32f1xx_hal_msp.o
HAL_NVIC_SetPriorityGrouping                      build/stm32f1xx_hal_cortex.o
                                                  build/stm32f1xx_hal.o
HAL_NVIC_SystemReset                              build/stm32f1xx_hal_cortex.o
                                                  build/stm32f1xx_hal_flash.o
HAL_PCDEx_BCD_Callback                            build/stm32f1xx_hal_pcd_ex.o
HAL_PCDEx_LPM_Callback                            build/stm32f1xx_hal_pcd_ex.o
HAL_PCDEx_PMAConfig                               build/stm32f1xx_hal_pcd_ex.o
                                                  build/usbd_conf.o
HAL_PCDEx_SetConnectionState                      build/usbd_conf.o
                                                  build/stm32f1xx_hal_pcd.o
HAL_PCD_ActivateRemoteWakeup                      build/stm32f1xx_hal_pcd.o
HAL_PCD_ConnectCallback                           build/usbd_conf.o
HAL_PCD_DataInStageCallback                       build/usbd_conf.o
HAL_PCD_DataOutStageCallback                      build/usbd_conf.o
HAL_PCD_DeActivateRemoteWakeup                    build/stm32f1xx_hal_pcd.o
HAL_PCD_DeInit                                    build/stm32f1xx_hal_pcd.o
                                                  build/usbd_conf.o
HAL_PCD_DevConnect                                build/stm32f1xx_hal_pcd.o
HAL_PCD_DevDisconnect                             build/stm32f1xx_hal_pcd.o
HAL_PCD_DisconnectCallback                        build/usbd_conf.o
HAL_PCD_EP_Abort                                  build/stm32f1xx_hal_pcd.o
HAL_PCD_EP_Close                                  build/stm32f1xx_hal_pcd.o
                                                  build/usbd_conf.o
HAL_PCD_EP_ClrStall                               build/stm32f1xx_hal_pcd.o
                                                  build/usbd_conf.o
HAL_PCD_EP_Flush                                  build/stm32f1xx_hal_pcd.o
                                                  build/usbd_conf.o
HAL_PCD_EP_GetRxCount                             build/stm32f1xx_hal_pcd.o
                                                  build/usbd_conf.o
HAL_PCD_EP_Open                                   build/stm32f1xx_hal_pcd.o
                                                  build/usbd_conf.o
HAL_PCD_EP_Receive                                build/stm32f1xx_hal_pcd.o
                                                  build/usbd_conf.o
HAL_PCD_EP_SetStall                               build/stm32f1xx_hal_pcd.o
                                                  build/usbd_conf.o
HAL_PCD_EP_Transmit                               build/stm32f1xx_hal_pcd.o
                                                  build/usbd_conf.o
HAL_PCD_GetState                                  build/stm32f1xx_hal_pcd.o
HAL_PCD_IRQHandler                                build/stm32f1xx_hal_pcd.o
                                                  build/stm32f1xx_it.o
HAL_PCD_ISOINIncompleteCallback                   build/usbd_conf.o
HAL_PCD_ISOOUTIncompleteCallback                  build/usbd_conf.o
HAL_PCD_Init                                      build/stm32f1xx_hal_pcd.o
                                                  build/usbd_conf.o
HAL_PCD_MspDeInit                                 build/usbd_conf.o
HAL_PCD_MspInit                                   build/usbd_conf.o
HAL_PCD_ResetCallback                             build/usbd_conf.o
HAL_PCD_ResumeCallback                            build/usbd_conf.o
HAL_PCD_SOFCallback                               build/usbd_conf.o
HAL_PCD_SetAddress                                build/stm32f1xx_hal_pcd.o
                                                  build/usbd_conf.o
HAL_PCD_SetupStageCallback                        build/usbd_conf.o
HAL_PCD_Start                                     build/stm32f1xx_hal_pcd.o
                                                  build/usbd_conf.o
HAL_PCD_Stop                                      build/stm32f1xx_hal_pcd.o
                                                  build/usbd_conf.o
HAL_PCD_SuspendCallback                           build/usbd_conf.o
HAL_PCD_WKUP_IRQHandler                           build/stm32f1xx_hal_pcd.o
HAL_PWR_ConfigPVD                                 build/stm32f1xx_hal_pwr.o
HAL_PWR_DeInit                                    build/stm32f1xx_hal_pwr.o
HAL_PWR_DisableBkUpAccess                         build/stm32f1xx_hal_pwr.o
HAL_PWR_DisablePVD                                build/stm32f1xx_hal_pwr.o
HAL_PWR_DisableSEVOnPend                          build/stm32f1xx_hal_pwr.o
HAL_PWR_DisableSleepOnExit                        build/stm32f1xx_hal_pwr.o
HAL_PWR_DisableWakeUpPin                          build/stm32f1xx_hal_pwr.o
HAL_PWR_EnableBkUpAccess                          build/stm32f1xx_hal_pwr.o
HAL_PWR_EnablePVD                                 build/stm32f1xx_hal_pwr.o
HAL_PWR_EnableSEVOnPend                           build/stm32f1xx_hal_pwr.o
HAL_PWR_EnableSleepOnExit                         build/stm32f1xx_hal_pwr.o
HAL_PWR_EnableWakeUpPin                           build/stm32f1xx_hal_pwr.o
HAL_PWR_EnterSLEEPMode                            build/stm32f1xx_hal_pwr.o
HAL_PWR_EnterSTANDBYMode                          build/stm32f1xx_hal_pwr.o
HAL_PWR_EnterSTOPMode                             build/stm32f1xx_hal_pwr.o
HAL_PWR_PVDCallback                               build/stm32f1xx_hal_pwr.o
HAL_PWR_PVD_IRQHandler                            build/stm32f1xx_hal_pwr.o
HAL_RCCEx_GetPeriphCLKConfig                      build/stm32f1xx_hal_rcc_ex.o
HAL_RCCEx_GetPeriphCLKFreq                        build/stm32f1xx_hal_rcc_ex.o
HAL_RCCEx_PeriphCLKConfig                         build/stm32f1xx_hal_rcc_ex.o
                                                  build/main.o
HAL_RCC_CSSCallback                               build/stm32f1xx_hal_rcc.o
HAL_RCC_ClockConfig                               build/stm32f1xx_hal_rcc.o
                                                  build/main.o
HAL_RCC_DeInit                                    build/stm32f1xx_hal_rcc.o
HAL_RCC_DisableCSS                                build/stm32f1xx_hal_rcc.o
HAL_RCC_EnableCSS                                 build/stm32f1xx_hal_rcc.o
HAL_RCC_GetClockConfig                            build/stm32f1xx_hal_rcc.o
HAL_RCC_GetHCLKFreq                               build/stm32f1xx_hal_rcc.o
HAL_RCC_GetOscConfig                              build/stm32f1xx_hal_rcc.o
HAL_RCC_GetPCLK1Freq                              build/stm32f1xx_hal_rcc.o
HAL_RCC_GetPCLK2Freq                              build/stm32f1xx_hal_rcc.o
                                                  build/stm32f1xx_hal_rcc_ex.o
HAL_RCC_GetSysClockFreq                           build/stm32f1xx_hal_rcc.o
HAL_RCC_MCOConfig                                 build/stm32f1xx_hal_rcc.o
HAL_RCC_NMI_IRQHandler                            build/stm32f1xx_hal_rcc.o
HAL_RCC_OscConfig                                 build/stm32f1xx_hal_rcc.o
                                                  build/main.o
HAL_ResumeTick                                    build/stm32f1xx_hal.o
HAL_SPI_Abort                                     build/stm32f1xx_hal_spi.o
HAL_SPI_AbortCpltCallback                         build/stm32f1xx_hal_spi.o
HAL_SPI_Abort_IT                                  build/stm32f1xx_hal_spi.o
HAL_SPI_DMAPause                                  build/stm32f1xx_hal_spi.o
HAL_SPI_DMAResume                                 build/stm32f1xx_hal_spi.o
HAL_SPI_DMAStop                                   build/stm32f1xx_hal_spi.o
HAL_SPI_DeInit                                    build/stm32f1xx_hal_spi.o
HAL_SPI_ErrorCallback                             build/stm32f1xx_hal_spi.o
HAL_SPI_GetError                                  build/stm32f1xx_hal_spi.o
HAL_SPI_GetState                                  build/stm32f1xx_hal_spi.o
HAL_SPI_IRQHandler                                build/stm32f1xx_hal_spi.o
                                                  build/stm32f1xx_it.o
HAL_SPI_Init                                      build/stm32f1xx_hal_spi.o
                                                  build/main.o
HAL_SPI_MspDeInit                                 build/stm32f1xx_hal_msp.o
HAL_SPI_MspInit                                   build/stm32f1xx_hal_msp.o
HAL_SPI_Receive                                   build/stm32f1xx_hal_spi.o
HAL_SPI_Receive_DMA                               build/stm32f1xx_hal_spi.o
HAL_SPI_Receive_IT                                build/stm32f1xx_hal_spi.o
HAL_SPI_RxCpltCallback                            build/stm32f1xx_hal_spi.o
HAL_SPI_RxHalfCpltCallback                        build/stm32f1xx_hal_spi.o
HAL_SPI_Transmit                                  build/stm32f1xx_hal_spi.o
HAL_SPI_TransmitReceive                           build/stm32f1xx_hal_spi.o
HAL_SPI_TransmitReceive_DMA                       build/stm32f1xx_hal_spi.o
HAL_SPI_TransmitReceive_IT                        build/stm32f1xx_hal_spi.o
HAL_SPI_Transmit_DMA                              build/stm32f1xx_hal_spi.o
HAL_SPI_Transmit_IT                               build/stm32f1xx_hal_spi.o
HAL_SPI_TxCpltCallback                            build/stm32f1xx_hal_spi.o
HAL_SPI_TxHalfCpltCallback                        build/stm32f1xx_hal_spi.o
HAL_SPI_TxRxCpltCallback                          build/stm32f1xx_hal_spi.o
HAL_SPI_TxRxHalfCpltCallback                      build/stm32f1xx_hal_spi.o
HAL_SYSTICK_CLKSourceConfig                       build/stm32f1xx_hal_cortex.o
HAL_SYSTICK_Callback                              build/stm32f1xx_hal_cortex.o
HAL_SYSTICK_Config                                build/stm32f1xx_hal_cortex.o
                                                  build/stm32f1xx_hal.o
HAL_SYSTICK_IRQHandler                            build/stm32f1xx_hal_cortex.o
HAL_SetTickFreq                                   build/stm32f1xx_hal.o
HAL_SuspendTick                                   build/stm32f1xx_hal.o
HAL_TIMEx_BreakCallback                           build/stm32f1xx_hal_tim_ex.o
                                                  build/stm32f1xx_hal_tim.o
HAL_TIMEx_CommutCallback                          build/stm32f1xx_hal_tim_ex.o
                                                  build/stm32f1xx_hal_tim.o
HAL_TIMEx_CommutHalfCpltCallback                  build/stm32f1xx_hal_tim_ex.o
HAL_TIMEx_ConfigBreakDeadTime                     build/stm32f1xx_hal_tim_ex.o
HAL_TIMEx_ConfigCommutEvent                       build/stm32f1xx_hal_tim_ex.o
HAL_TIMEx_ConfigCommutEvent_DMA                   build/stm32f1xx_hal_tim_ex.o
HAL_TIMEx_ConfigCommutEvent_IT                    build/stm32f1xx_hal_tim_ex.o
HAL_TIMEx_GetChannelNState                        build/stm32f1xx_hal_tim_ex.o
HAL_TIMEx_HallSensor_DeInit                       build/stm32f1xx_hal_tim_ex.o
HAL_TIMEx_HallSensor_GetState                     build/stm32f1xx_hal_tim_ex.o
HAL_TIMEx_HallSensor_Init                         build/stm32f1xx_hal_tim_ex.o
HAL_TIMEx_HallSensor_MspDeInit                    build/stm32f1xx_hal_tim_ex.o
HAL_TIMEx_HallSensor_MspInit                      build/stm32f1xx_hal_tim_ex.o
HAL_TIMEx_HallSensor_Start                        build/stm32f1xx_hal_tim_ex.o
HAL_TIMEx_HallSensor_Start_DMA                    build/stm32f1xx_hal_tim_ex.o
HAL_TIMEx_HallSensor_Start_IT                     build/stm32f1xx_hal_tim_ex.o
HAL_TIMEx_HallSensor_Stop                         build/stm32f1xx_hal_tim_ex.o
HAL_TIMEx_HallSensor_Stop_DMA                     build/stm32f1xx_hal_tim_ex.o
HAL_TIMEx_HallSensor_Stop_IT                      build/stm32f1xx_hal_tim_ex.o
HAL_TIMEx_MasterConfigSynchronization             build/stm32f1xx_hal_tim_ex.o
                                                  build/main.o
HAL_TIMEx_OCN_Start                               build/stm32f1xx_hal_tim_ex.o
HAL_TIMEx_OCN_Start_DMA                           build/stm32f1xx_hal_tim_ex.o
HAL_TIMEx_OCN_Start_IT                            build/stm32f1xx_hal_tim_ex.o
HAL_TIMEx_OCN_Stop                                build/stm32f1xx_hal_tim_ex.o
HAL_TIMEx_OCN_Stop_DMA                            build/stm32f1xx_hal_tim_ex.o
HAL_TIMEx_OCN_Stop_IT                             build/stm32f1xx_hal_tim_ex.o
HAL_TIMEx_OnePulseN_Start                         build/stm32f1xx_hal_tim_ex.o
HAL_TIMEx_OnePulseN_Start_IT                      build/stm32f1xx_hal_tim_ex.o
HAL_TIMEx_OnePulseN_Stop                          build/stm32f1xx_hal_tim_ex.o
HAL_TIMEx_OnePulseN_Stop_IT                       build/stm32f1xx_hal_tim_ex.o
HAL_TIMEx_PWMN_Start                              build/stm32f1xx_hal_tim_ex.o
HAL_TIMEx_PWMN_Start_DMA                          build/stm32f1xx_hal_tim_ex.o
HAL_TIMEx_PWMN_Start_IT                           build/stm32f1xx_hal_tim_ex.o
HAL_TIMEx_PWMN_Stop                               build/stm32f1xx_hal_tim_ex.o
HAL_TIMEx_PWMN_Stop_DMA                           build/stm32f1xx_hal_tim_ex.o
HAL_TIMEx_PWMN_Stop_IT                            build/stm32f1xx_hal_tim_ex.o
HAL_TIMEx_RemapConfig                             build/stm32f1xx_hal_tim_ex.o
HAL_TIM_Base_DeInit                               build/stm32f1xx_hal_tim.o
HAL_TIM_Base_GetState                             build/stm32f1xx_hal_tim.o
HAL_TIM_Base_Init                                 build/stm32f1xx_hal_tim.o
                                                  build/main.o
HAL_TIM_Base_MspDeInit                            build/stm32f1xx_hal_msp.o
HAL_TIM_Base_MspInit                              build/stm32f1xx_hal_msp.o
HAL_TIM_Base_Start                                build/stm32f1xx_hal_tim.o
HAL_TIM_Base_Start_DMA                            build/stm32f1xx_hal_tim.o
HAL_TIM_Base_Start_IT                             build/stm32f1xx_hal_tim.o
HAL_TIM_Base_Stop                                 build/stm32f1xx_hal_tim.o
HAL_TIM_Base_Stop_DMA                             build/stm32f1xx_hal_tim.o
HAL_TIM_Base_Stop_IT                              build/stm32f1xx_hal_tim.o
HAL_TIM_ConfigClockSource                         build/stm32f1xx_hal_tim.o
                                                  build/main.o
HAL_TIM_ConfigOCrefClear                          build/stm32f1xx_hal_tim.o
HAL_TIM_ConfigTI1Input                            build/stm32f1xx_hal_tim.o
HAL_TIM_DMABurstState                             build/stm32f1xx_hal_tim.o
HAL_TIM_DMABurst_MultiReadStart                   build/stm32f1xx_hal_tim.o
HAL_TIM_DMABurst_MultiWriteStart                  build/stm32f1xx_hal_tim.o
HAL_TIM_DMABurst_ReadStart                        build/stm32f1xx_hal_tim.o
HAL_TIM_DMABurst_ReadStop                         build/stm32f1xx_hal_tim.o
HAL_TIM_DMABurst_WriteStart                       build/stm32f1xx_hal_tim.o
HAL_TIM_DMABurst_WriteStop                        build/stm32f1xx_hal_tim.o
HAL_TIM_Encoder_DeInit                            build/stm32f1xx_hal_tim.o
HAL_TIM_Encoder_GetState                          build/stm32f1xx_hal_tim.o
HAL_TIM_Encoder_Init                              build/stm32f1xx_hal_tim.o
                                                  build/main.o
HAL_TIM_Encoder_MspDeInit                         build/stm32f1xx_hal_msp.o
HAL_TIM_Encoder_MspInit                           build/stm32f1xx_hal_msp.o
HAL_TIM_Encoder_Start                             build/stm32f1xx_hal_tim.o
HAL_TIM_Encoder_Start_DMA                         build/stm32f1xx_hal_tim.o
HAL_TIM_Encoder_Start_IT                          build/stm32f1xx_hal_tim.o
HAL_TIM_Encoder_Stop                              build/stm32f1xx_hal_tim.o
HAL_TIM_Encoder_Stop_DMA                          build/stm32f1xx_hal_tim.o
HAL_TIM_Encoder_Stop_IT                           build/stm32f1xx_hal_tim.o
HAL_TIM_ErrorCallback                             build/stm32f1xx_hal_tim.o
                                                  build/stm32f1xx_hal_tim_ex.o
HAL_TIM_GenerateEvent                             build/stm32f1xx_hal_tim.o
HAL_TIM_GetActiveChannel                          build/stm32f1xx_hal_tim.o
HAL_TIM_GetChannelState                           build/stm32f1xx_hal_tim.o
HAL_TIM_IC_CaptureCallback                        build/stm32f1xx_hal_tim.o
HAL_TIM_IC_CaptureHalfCpltCallback                build/stm32f1xx_hal_tim.o
HAL_TIM_IC_ConfigChannel                          build/stm32f1xx_hal_tim.o
HAL_TIM_IC_DeInit                                 build/stm32f1xx_hal_tim.o
HAL_TIM_IC_GetState                               build/stm32f1xx_hal_tim.o
HAL_TIM_IC_Init                                   build/stm32f1xx_hal_tim.o
HAL_TIM_IC_MspDeInit                              build/stm32f1xx_hal_tim.o
HAL_TIM_IC_MspInit                                build/stm32f1xx_hal_tim.o
HAL_TIM_IC_Start                                  build/stm32f1xx_hal_tim.o
HAL_TIM_IC_Start_DMA                              build/stm32f1xx_hal_tim.o
HAL_TIM_IC_Start_IT                               build/stm32f1xx_hal_tim.o
HAL_TIM_IC_Stop                                   build/stm32f1xx_hal_tim.o
HAL_TIM_IC_Stop_DMA                               build/stm32f1xx_hal_tim.o
HAL_TIM_IC_Stop_IT                                build/stm32f1xx_hal_tim.o
HAL_TIM_IRQHandler                                build/stm32f1xx_hal_tim.o
HAL_TIM_MspPostInit                               build/stm32f1xx_hal_msp.o
                                                  build/main.o
HAL_TIM_OC_ConfigChannel                          build/stm32f1xx_hal_tim.o
HAL_TIM_OC_DeInit                                 build/stm32f1xx_hal_tim.o
HAL_TIM_OC_DelayElapsedCallback                   build/stm32f1xx_hal_tim.o
HAL_TIM_OC_GetState                               build/stm32f1xx_hal_tim.o
HAL_TIM_OC_Init                                   build/stm32f1xx_hal_tim.o
HAL_TIM_OC_MspDeInit                              build/stm32f1xx_hal_tim.o
HAL_TIM_OC_MspInit                                build/stm32f1xx_hal_tim.o
HAL_TIM_OC_Start                                  build/stm32f1xx_hal_tim.o
HAL_TIM_OC_Start_DMA                              build/stm32f1xx_hal_tim.o
HAL_TIM_OC_Start_IT                               build/stm32f1xx_hal_tim.o
HAL_TIM_OC_Stop                                   build/stm32f1xx_hal_tim.o
HAL_TIM_OC_Stop_DMA                               build/stm32f1xx_hal_tim.o
HAL_TIM_OC_Stop_IT                                build/stm32f1xx_hal_tim.o
HAL_TIM_OnePulse_ConfigChannel                    build/stm32f1xx_hal_tim.o
HAL_TIM_OnePulse_DeInit                           build/stm32f1xx_hal_tim.o
HAL_TIM_OnePulse_GetState                         build/stm32f1xx_hal_tim.o
HAL_TIM_OnePulse_Init                             build/stm32f1xx_hal_tim.o
HAL_TIM_OnePulse_MspDeInit                        build/stm32f1xx_hal_tim.o
HAL_TIM_OnePulse_MspInit                          build/stm32f1xx_hal_tim.o
HAL_TIM_OnePulse_Start                            build/stm32f1xx_hal_tim.o
HAL_TIM_OnePulse_Start_IT                         build/stm32f1xx_hal_tim.o
HAL_TIM_OnePulse_Stop                             build/stm32f1xx_hal_tim.o
HAL_TIM_OnePulse_Stop_IT                          build/stm32f1xx_hal_tim.o
HAL_TIM_PWM_ConfigChannel                         build/stm32f1xx_hal_tim.o
                                                  build/main.o
HAL_TIM_PWM_DeInit                                build/stm32f1xx_hal_tim.o
HAL_TIM_PWM_GetState                              build/stm32f1xx_hal_tim.o
HAL_TIM_PWM_Init                                  build/stm32f1xx_hal_tim.o
                                                  build/main.o
HAL_TIM_PWM_MspDeInit                             build/stm32f1xx_hal_tim.o
HAL_TIM_PWM_MspInit                               build/stm32f1xx_hal_tim.o
HAL_TIM_PWM_PulseFinishedCallback                 build/stm32f1xx_hal_tim.o
                                                  build/stm32f1xx_hal_tim_ex.o
HAL_TIM_PWM_PulseFinishedHalfCpltCallback         build/stm32f1xx_hal_tim.o
HAL_TIM_PWM_Start                                 build/stm32f1xx_hal_tim.o
HAL_TIM_PWM_Start_DMA                             build/stm32f1xx_hal_tim.o
HAL_TIM_PWM_Start_IT                              build/stm32f1xx_hal_tim.o
HAL_TIM_PWM_Stop                                  build/stm32f1xx_hal_tim.o
HAL_TIM_PWM_Stop_DMA                              build/stm32f1xx_hal_tim.o
HAL_TIM_PWM_Stop_IT                               build/stm32f1xx_hal_tim.o
HAL_TIM_PeriodElapsedCallback                     build/stm32f1xx_hal_tim.o
HAL_TIM_PeriodElapsedHalfCpltCallback             build/stm32f1xx_hal_tim.o
HAL_TIM_ReadCapturedValue                         build/stm32f1xx_hal_tim.o
HAL_TIM_SlaveConfigSynchro                        build/stm32f1xx_hal_tim.o
HAL_TIM_SlaveConfigSynchro_IT                     build/stm32f1xx_hal_tim.o
HAL_TIM_TriggerCallback                           build/stm32f1xx_hal_tim.o
HAL_TIM_TriggerHalfCpltCallback                   build/stm32f1xx_hal_tim.o
HardFault_Handler                                 build/stm32f1xx_it.o
I2C1_ER_IRQHandler                                build/startup_stm32f103xb.o
I2C1_EV_IRQHandler                                build/startup_stm32f103xb.o