Archive member included to satisfy reference by file (symbol)

/usr/lib/gcc/arm-none-eabi/13.2.0/../../../../arm-none-eabi/lib/thumb/v7-m/nofp/libc_nano.a(libc_a-atexit.o)
                              /usr/lib/gcc/arm-none-eabi/13.2.0/../../../../arm-none-eabi/lib/thumb/v7-m/nofp/crt0.o (atexit)
/usr/lib/gcc/arm-none-eabi/13.2.0/../../../../arm-none-eabi/lib/thumb/v7-m/nofp/libc_nano.a(libc_a-exit.o)
                              /usr/lib/gcc/arm-none-eabi/13.2.0/../../../../arm-none-eabi/lib/thumb/v7-m/nofp/crt0.o (exit)
/usr/lib/gcc/arm-none-eabi/13.2.0/../../../../arm-none-eabi/lib/thumb/v7-m/nofp/libc_nano.a(libc_a-findfp.o)
                              /usr/lib/gcc/arm-none-eabi/13.2.0/../../../../arm-none-eabi/lib/thumb/v7-m/nofp/libc_nano.a(libc_a-exit.o) (__stdio_exit_handler)
/usr/lib/gcc/arm-none-eabi/13.2.0/../../../../arm-none-eabi/lib/thumb/v7-m/nofp/libc_nano.a(libc_a-fwalk.o)
                              /usr/lib/gcc/arm-none-eabi/13.2.0/../../../../arm-none-eabi/lib/thumb/v7-m/nofp/libc_nano.a(libc_a-findfp.o) (_fwalk_sglue)
/usr/lib/gcc/arm-none-eabi/13.2.0/../../../../arm-none-eabi/lib/thumb/v7-m/nofp/libc_nano.a(libc_a-stdio.o)
                              /usr/lib/gcc/arm-none-eabi/13.2.0/../../../../arm-none-eabi/lib/thumb/v7-m/nofp/libc_nano.a(libc_a-findfp.o) (__sread)
/usr/lib/gcc/arm-none-eabi/13.2.0/../../../../arm-none-eabi/lib/thumb/v7-m/nofp/libc_nano.a(libc_a-memset.o)
                              /usr/lib/gcc/arm-none-eabi/13.2.0/../../../../arm-none-eabi/lib/thumb/v7-m/nofp/crt0.o (memset)
/usr/lib/gcc/arm-none-eabi/13.2.0/../../../../arm-none-eabi/lib/thumb/v7-m/nofp/libc_nano.a(libc_a-closer.o)
                              /usr/lib/gcc/arm-none-eabi/13.2.0/../../../../arm-none-eabi/lib/thumb/v7-m/nofp/libc_nano.a(libc_a-stdio.o) (_close_r)
/usr/lib/gcc/arm-none-eabi/13.2.0/../../../../arm-none-eabi/lib/thumb/v7-m/nofp/libc_nano.a(libc_a-reent.o)
                              /usr/lib/gcc/arm-none-eabi/13.2.0/../../../../arm-none-eabi/lib/thumb/v7-m/nofp/libc_nano.a(libc_a-closer.o) (errno)
/usr/lib/gcc/arm-none-eabi/13.2.0/../../../../arm-none-eabi/lib/thumb/v7-m/nofp/libc_nano.a(libc_a-impure.o)
                              /usr/lib/gcc/arm-none-eabi/13.2.0/../../../../arm-none-eabi/lib/thumb/v7-m/nofp/libc_nano.a(libc_a-reent.o) (_impure_ptr)
/usr/lib/gcc/arm-none-eabi/13.2.0/../../../../arm-none-eabi/lib/thumb/v7-m/nofp/libc_nano.a(libc_a-lseekr.o)
                              /usr/lib/gcc/arm-none-eabi/13.2.0/../../../../arm-none-eabi/lib/thumb/v7-m/nofp/libc_nano.a(libc_a-stdio.o) (_lseek_r)
/usr/lib/gcc/arm-none-eabi/13.2.0/../../../../arm-none-eabi/lib/thumb/v7-m/nofp/libc_nano.a(libc_a-readr.o)
                              /usr/lib/gcc/arm-none-eabi/13.2.0/../../../../arm-none-eabi/lib/thumb/v7-m/nofp/libc_nano.a(libc_a-stdio.o) (_read_r)
/usr/lib/gcc/arm-none-eabi/13.2.0/../../../../arm-none-eabi/lib/thumb/v7-m/nofp/libc_nano.a(libc_a-writer.o)
                              /usr/lib/gcc/arm-none-eabi/13.2.0/../../../../arm-none-eabi/lib/thumb/v7-m/nofp/libc_nano.a(libc_a-stdio.o) (_write_r)
/usr/lib/gcc/arm-none-eabi/13.2.0/../../../../arm-none-eabi/lib/thumb/v7-m/nofp/libc_nano.a(libc_a-init.o)
                              /usr/lib/gcc/arm-none-eabi/13.2.0/../../../../arm-none-eabi/lib/thumb/v7-m/nofp/crt0.o (__libc_init_array)
/usr/lib/gcc/arm-none-eabi/13.2.0/../../../../arm-none-eabi/lib/thumb/v7-m/nofp/libc_nano.a(libc_a-fini.o)
                              /usr/lib/gcc/arm-none-eabi/13.2.0/../../../../arm-none-eabi/lib/thumb/v7-m/nofp/crt0.o (__libc_fini_array)
/usr/lib/gcc/arm-none-eabi/13.2.0/../../../../arm-none-eabi/lib/thumb/v7-m/nofp/libc_nano.a(libc_a-lock.o)
                              /usr/lib/gcc/arm-none-eabi/13.2.0/../../../../arm-none-eabi/lib/thumb/v7-m/nofp/libc_nano.a(libc_a-findfp.o) (__retarget_lock_init_recursive)
/usr/lib/gcc/arm-none-eabi/13.2.0/../../../../arm-none-eabi/lib/thumb/v7-m/nofp/libc_nano.a(libc_a-strlen.o)
                              build/usbd_cdc_if.o (strlen)
/usr/lib/gcc/arm-none-eabi/13.2.0/../../../../arm-none-eabi/lib/thumb/v7-m/nofp/libc_nano.a(libc_a-__atexit.o)
                              /usr/lib/gcc/arm-none-eabi/13.2.0/../../../../arm-none-eabi/lib/thumb/v7-m/nofp/libc_nano.a(libc_a-atexit.o) (__register_exitproc)
/usr/lib/gcc/arm-none-eabi/13.2.0/../../../../arm-none-eabi/lib/thumb/v7-m/nofp/libc_nano.a(libc_a-__call_atexit.o)
                              /usr/lib/gcc/arm-none-eabi/13.2.0/../../../../arm-none-eabi/lib/thumb/v7-m/nofp/libc_nano.a(libc_a-__atexit.o) (__call_exitprocs)
/usr/lib/gcc/arm-none-eabi/13.2.0/../../../../arm-none-eabi/lib/thumb/v7-m/nofp/libc_nano.a(libc_a-freer.o)
                              /usr/lib/gcc/arm-none-eabi/13.2.0/../../../../arm-none-eabi/lib/thumb/v7-m/nofp/libc_nano.a(libc_a-reent.o) (_free_r)
/usr/lib/gcc/arm-none-eabi/13.2.0/../../../../arm-none-eabi/lib/thumb/v7-m/nofp/libc_nano.a(libc_a-mallocr.o)
[...]
Memory Configuration

Name             Origin             Length             Attributes
RAM              0x20000000         0x00005000         xrw
FLASH            0x08000000         0x00010000         xr
*default*        0x00000000         0xffffffff

Linker script and memory map

LOAD /usr/lib/gcc/arm-none-eabi/13.2.0/thumb/v7-m/nofp/crti.o
LOAD /usr/lib/gcc/arm-none-eabi/13.2.0/thumb/v7-m/nofp/crtbegin.o
LOAD /usr/lib/gcc/arm-none-eabi/13.2.0/../../../../arm-none-eabi/lib/thumb/v7-m/nofp/crt0.o
LOAD build/main.o
LOAD build/stm32f1xx_it.o
LOAD build/stm32f1xx_hal_msp.o
LOAD build/usb_device.o
LOAD build/usbd_desc.o
LOAD build/usbd_conf.o
LOAD build/stm32f1xx_hal_gpio_ex.o
LOAD build/stm32f1xx_hal_pcd.o
LOAD build/stm32f1xx_hal_pcd_ex.o
LOAD build/stm32f1xx_ll_usb.o
LOAD build/stm32f1xx_hal.o
LOAD build/stm32f1xx_hal_rcc.o
LOAD build/stm32f1xx_hal_rcc_ex.o
LOAD build/stm32f1xx_hal_gpio.o
LOAD build/stm32f1xx_hal_dma.o
LOAD build/stm32f1xx_hal_cortex.o
LOAD build/stm32f1xx_hal_pwr.o
LOAD build/stm32f1xx_hal_flash.o
LOAD build/stm32f1xx_hal_flash_ex.o
LOAD build/stm32f1xx_hal_exti.o
LOAD build/stm32f1xx_hal_spi.o
LOAD build/stm32f1xx_hal_tim.o
LOAD build/stm32f1xx_hal_tim_ex.o
LOAD build/system_stm32f1xx.o
LOAD build/usbd_core.o
LOAD build/usbd_ctlreq.o
LOAD build/usbd_ioreq.o
LOAD build/auto_park.o
LOAD build/usbd_cdc_if.o
LOAD build/usbd_cdc.o
LOAD build/startup_stm32f103xb.o
LOAD /usr/lib/gcc/arm-none-eabi/13.2.0/../../../../arm-none-eabi/lib/thumb/v7-m/nofp/libc_nano.a
LOAD /usr/lib/gcc/arm-none-eabi/13.2.0/../../../../arm-none-eabi/lib/thumb/v7-m/nofp/libm.a
LOAD /usr/lib/gcc/arm-none-eabi/13.2.0/../../../../arm-none-eabi/lib/thumb/v7-m/nofp/libnosys.a
START GROUP
LOAD /usr/lib/gcc/arm-none-eabi/13.2.0/thumb/v7-m/nofp/libgcc.a
LOAD /usr/lib/gcc/arm-none-eabi/13.2.0/../../../../arm-none-eabi/lib/thumb/v7-m/nofp/libc_nano.a
END GROUP
START GROUP
LOAD /usr/lib/gcc/arm-none-eabi/13.2.0/thumb/v7-m/nofp/libgcc.a
LOAD /usr/lib/gcc/arm-none-eabi/13.2.0/../../../../arm-none-eabi/lib/thumb/v7-m/nofp/libc_nano.a
END GROUP
LOAD /usr/lib/gcc/arm-none-eabi/13.2.0/thumb/v7-m/nofp/crtend.o
LOAD /usr/lib/gcc/arm-none-eabi/13.2.0/thumb/v7-m/nofp/crtn.o
                0x20005000                        _estack = 0x20005000
                0x00000200                        _Min_Heap_Size = 0x200
                0x00000400                        _Min_Stack_Size = 0x400

.isr_vector     0x08000000      0x10c
                0x08000000                        . = ALIGN (0x4)
 *(.isr_vector)
 .isr_vector    0x08000000      0x10c build/startup_stm32f103xb.o
                0x08000000                g_pfnVectors
                0x0800010c                        . = ALIGN (0x4)

.text           0x0800010c     0x4a88
                0x0800010c                        . = ALIGN (0x4)
 *(.text)
 .text          0x0800010c       0x10 /usr/lib/gcc/arm-none-eabi/13.2.0/../../../../arm-none-eabi/lib/thumb/v7-m/nofp/libc_nano.a(libc_a-strlen.o)
                0x0800010c                strlen
 *(.text*)
 .text.__do_global_dtors_aux
                0x0800011c       0x24 /usr/lib/gcc/arm-none-eabi/13.2.0/thumb/v7-m/nofp/crtbegin.o
 .text.frame_dummy
                0x08000140       0x1c /usr/lib/gcc/arm-none-eabi/13.2.0/thumb/v7-m/nofp/crtbegin.o
 .text.MX_GPIO_Init
                0x0800015c       0xa0 build/main.o
 .text.Error_Handler
                0x080001fc        0x4 build/main.o
                0x080001fc                Error_Handler
 .text.MX_TIM1_Init
                0x08000200       0x60 build/main.o
 .text.MX_TIM2_Init
                0x08000260       0xc4 build/main.o
 .text.MX_TIM3_Init
                0x08000324       0x60 build/main.o
 .text.MX_TIM4_Init
                0x08000384       0x60 build/main.o
 .text.MX_SPI1_Init
                0x080003e4       0x40 build/main.o
 .text.SystemClock_Config
                0x08000424       0x82 build/main.o
                0x08000424                SystemClock_Config
 .text.main     0x080004a6       0x28 build/main.o
                0x080004a6                main
 .text.NMI_Handler
                0x080004ce        0x2 build/stm32f1xx_it.o
                0x080004ce                NMI_Handler
 .text.HardFault_Handler
                0x080004d0        0x2 build/stm32f1xx_it.o
                0x080004d0                HardFault_Handler
 .text.MemManage_Handler
                0x080004d2        0x2 build/stm32f1xx_it.o
                0x080004d2                MemManage_Handler
 .text.BusFault_Handler
                0x080004d4        0x2 build/stm32f1xx_it.o
                0x080004d4                BusFault_Handler
 .text.UsageFault_Handler
                0x080004d6        0x2 build/stm32f1xx_it.o
                0x080004d6                UsageFault_Handler
 .text.SVC_Handler
                0x080004d8        0x2 build/stm32f1xx_it.o
                0x080004d8                SVC_Handler
 .text.DebugMon_Handler
                0x080004da        0x2 build/stm32f1xx_it.o
                0x080004da                DebugMon_Handler
 .text.PendSV_Handler
                0x080004dc        0x2 build/stm32f1xx_it.o
                0x080004dc                PendSV_Handler
 .text.SysTick_Handler
                0x080004de        0x8 build/stm32f1xx_it.o
                0x080004de                SysTick_Handler
 *fill*         0x080004e6        0x2 
 .text.USB_LP_CAN1_RX0_IRQHandler
                0x080004e8       0x10 build/stm32f1xx_it.o
                0x080004e8                USB_LP_CAN1_RX0_IRQHandler
 .text.SPI1_IRQHandler
                0x080004f8       0x10 build/stm32f1xx_it.o
                0x080004f8                SPI1_IRQHandler
 .text.HAL_MspInit
                0x08000508       0x44 build/stm32f1xx_hal_msp.o
                0x08000508                HAL_MspInit
 .text.HAL_SPI_MspInit
                0x0800054c       0x98 build/stm32f1xx_hal_msp.o
                0x0800054c                HAL_SPI_MspInit
 .text.HAL_TIM_Encoder_MspInit
                0x080005e4       0xe0 build/stm32f1xx_hal_msp.o
                0x080005e4                HAL_TIM_Encoder_MspInit
 .text.HAL_TIM_Base_MspInit
                0x080006c4       0x26 build/stm32f1xx_hal_msp.o
                0x080006c4                HAL_TIM_Base_MspInit
 *fill*         0x080006ea        0x2 
 .text.HAL_TIM_MspPostInit
                0x080006ec       0x4c build/stm32f1xx_hal_msp.o
                0x080006ec                HAL_TIM_MspPostInit
 .text.MX_USB_DEVICE_Init
                0x08000738       0x54 build/usb_device.o
                0x08000738                MX_USB_DEVICE_Init
 .text.USBD_FS_DeviceDescriptor
                0x0800078c        0xc build/usbd_desc.o
                0x0800078c                USBD_FS_DeviceDescriptor
 .text.USBD_FS_LangIDStrDescriptor
                0x08000798        0xc build/usbd_desc.o
                0x08000798                USBD_FS_LangIDStrDescriptor
 .text.IntToUnicode
                0x080007a4       0x46 build/usbd_desc.o
 *fill*         0x080007ea        0x2 
 .text.Get_SerialNum
                0x080007ec       0x38 build/usbd_desc.o
 .text.USBD_FS_SerialStrDescriptor
                0x08000824       0x14 build/usbd_desc.o
                0x08000824                USBD_FS_SerialStrDescriptor
 .text.USBD_FS_ProductStrDescriptor
                0x08000838       0x24 build/usbd_desc.o
                0x08000838                USBD_FS_ProductStrDescriptor
 .text.USBD_FS_ManufacturerStrDescriptor
                0x0800085c       0x1c build/usbd_desc.o
                0x0800085c                USBD_FS_ManufacturerStrDescriptor
 .text.USBD_FS_ConfigStrDescriptor
                0x08000878       0x24 build/usbd_desc.o
                0x08000878                USBD_FS_ConfigStrDescriptor
 .text.USBD_FS_InterfaceStrDescriptor
                0x0800089c       0x24 build/usbd_desc.o
                0x0800089c                USBD_FS_InterfaceStrDescriptor
 .text.USBD_Get_USB_Status
                0x080008c0       0x14 build/usbd_conf.o
 .text.HAL_PCD_MspInit
                0x080008d4       0x40 build/usbd_conf.o
                0x080008d4                HAL_PCD_MspInit
 .text.HAL_PCD_SetupStageCallback
                0x08000914       0x10 build/usbd_conf.o
                0x08000914                HAL_PCD_SetupStageCallback
 .text.HAL_PCD_DataOutStageCallback
                0x08000924       0x18 build/usbd_conf.o
                0x08000924                HAL_PCD_DataOutStageCallback
 .text.HAL_PCD_DataInStageCallback
                0x0800093c       0x16 build/usbd_conf.o
                0x0800093c                HAL_PCD_DataInStageCallback
 .text.HAL_PCD_SOFCallback
                0x08000952        0xc build/usbd_conf.o
                0x08000952                HAL_PCD_SOFCallback
 .text.HAL_PCD_ResetCallback
                0x0800095e       0x24 build/usbd_conf.o
                0x0800095e                HAL_PCD_ResetCallback
 *fill*         0x08000982        0x2 
 .text.HAL_PCD_SuspendCallback
                0x08000984       0x20 build/usbd_conf.o
                0x08000984                HAL_PCD_SuspendCallback
 .text.HAL_PCD_ResumeCallback
                0x080009a4        0xc build/usbd_conf.o
                0x080009a4                HAL_PCD_ResumeCallback
 .text.USBD_LL_Init
                0x080009b0       0x84 build/usbd_conf.o
                0x080009b0                USBD_LL_Init
 .text.USBD_LL_Start
                0x08000a34       0x10 build/usbd_conf.o
                0x08000a34                USBD_LL_Start
 .text.USBD_LL_OpenEP
                0x08000a44       0x16 build/usbd_conf.o
                0x08000a44                USBD_LL_OpenEP
 .text.USBD_LL_CloseEP
                0x08000a5a       0x10 build/usbd_conf.o
                0x08000a5a                USBD_LL_CloseEP
 .text.USBD_LL_StallEP
                0x08000a6a       0x10 build/usbd_conf.o
                0x08000a6a                USBD_LL_StallEP
 .text.USBD_LL_ClearStallEP
                0x08000a7a       0x10 build/usbd_conf.o
                0x08000a7a                USBD_LL_ClearStallEP
 .text.USBD_LL_IsStallEP
                0x08000a8a       0x2e build/usbd_conf.o
                0x08000a8a                USBD_LL_IsStallEP
 .text.USBD_LL_SetUSBAddress
                0x08000ab8       0x10 build/usbd_conf.o
                0x08000ab8                USBD_LL_SetUSBAddress
 .text.USBD_LL_Transmit
                0x08000ac8       0x10 build/usbd_conf.o
                0x08000ac8                USBD_LL_Transmit
 .text.USBD_LL_PrepareReceive
                0x08000ad8       0x10 build/usbd_conf.o
                0x08000ad8                USBD_LL_PrepareReceive
 .text.USBD_LL_GetRxDataSize
                0x08000ae8        0xc build/usbd_conf.o
                0x08000ae8                USBD_LL_GetRxDataSize
 .text.USBD_static_malloc
                0x08000af4        0x8 build/usbd_conf.o
                0x08000af4                USBD_static_malloc
 .text.USBD_static_free
                0x08000afc        0x2 build/usbd_conf.o
                0x08000afc                USBD_static_free
 .text.HAL_PCDEx_SetConnectionState
                0x08000afe        0x2 build/usbd_conf.o
                0x08000afe                HAL_PCDEx_SetConnectionState
 .text.HAL_PCD_EP_DB_Receive
                0x08000b00      0x11c build/stm32f1xx_hal_pcd.o
 .text.HAL_PCD_Init
                0x08000c1c      0x110 build/stm32f1xx_hal_pcd.o
                0x08000c1c                HAL_PCD_Init
 .text.HAL_PCD_Start
                0x08000d2c       0x32 build/stm32f1xx_hal_pcd.o
                0x08000d2c                HAL_PCD_Start
 .text.HAL_PCD_EP_DB_Transmit
                0x08000d5e      0x424 build/stm32f1xx_hal_pcd.o
 .text.PCD_EP_ISR_Handler
                0x08001182      0x53e build/stm32f1xx_hal_pcd.o
 .text.HAL_PCD_SetAddress
                0x080016c0       0x28 build/stm32f1xx_hal_pcd.o
                0x080016c0                HAL_PCD_SetAddress
 .text.HAL_PCD_IRQHandler
                0x080016e8      0x1b0 build/stm32f1xx_hal_pcd.o
                0x080016e8                HAL_PCD_IRQHandler
 .text.HAL_PCD_EP_Open
                0x08001898       0x7c build/stm32f1xx_hal_pcd.o
                0x08001898                HAL_PCD_EP_Open
 .text.HAL_PCD_EP_Close
                0x08001914       0x64 build/stm32f1xx_hal_pcd.o
                0x08001914                HAL_PCD_EP_Close
 .text.HAL_PCD_EP_Receive
                0x08001978       0x3a build/stm32f1xx_hal_pcd.o
                0x08001978                HAL_PCD_EP_Receive
 .text.HAL_PCD_EP_GetRxCount
                0x080019b2       0x12 build/stm32f1xx_hal_pcd.o
                0x080019b2                HAL_PCD_EP_GetRxCount
 .text.HAL_PCD_EP_Transmit
                0x080019c4       0x44 build/stm32f1xx_hal_pcd.o
                0x080019c4                HAL_PCD_EP_Transmit
 .text.HAL_PCD_EP_SetStall
                0x08001a08       0x78 build/stm32f1xx_hal_pcd.o
                0x08001a08                HAL_PCD_EP_SetStall
 .text.HAL_PCD_EP_ClrStall
                0x08001a80       0x76 build/stm32f1xx_hal_pcd.o
                0x08001a80                HAL_PCD_EP_ClrStall
 .text.HAL_PCDEx_PMAConfig
                0x08001af6       0x38 build/stm32f1xx_hal_pcd_ex.o
                0x08001af6                HAL_PCDEx_PMAConfig
 .text.USB_CoreInit
                0x08001b2e        0xe build/stm32f1xx_ll_usb.o
                0x08001b2e                USB_CoreInit
 .text.USB_EnableGlobalInt
                0x08001b3c       0x12 build/stm32f1xx_ll_usb.o
                0x08001b3c                USB_EnableGlobalInt
 .text.USB_DisableGlobalInt
                0x08001b4e       0x14 build/stm32f1xx_ll_usb.o
                0x08001b4e                USB_DisableGlobalInt
 .text.USB_SetCurrentMode
                0x08001b62        0x4 build/stm32f1xx_ll_usb.o
                0x08001b62                USB_SetCurrentMode
 .text.USB_DevInit
                0x08001b66       0x22 build/stm32f1xx_ll_usb.o
                0x08001b66                USB_DevInit
 .text.USB_ActivateEndpoint
                0x08001b88      0x3ca build/stm32f1xx_ll_usb.o
                0x08001b88                USB_ActivateEndpoint
 .text.USB_DeactivateEndpoint
                0x08001f52      0x1d6 build/stm32f1xx_ll_usb.o
                0x08001f52                USB_DeactivateEndpoint
 .text.USB_EPSetStall
                0x08002128       0x4a build/stm32f1xx_ll_usb.o
                0x08002128                USB_EPSetStall
 .text.USB_EPClearStall
                0x08002172       0xa2 build/stm32f1xx_ll_usb.o
                0x08002172                USB_EPClearStall
 .text.USB_SetDevAddress
                0x08002214        0xc build/stm32f1xx_ll_usb.o
                0x08002214                USB_SetDevAddress
 .text.USB_DevConnect
                0x08002220        0x4 build/stm32f1xx_ll_usb.o
                0x08002220                USB_DevConnect
 .text.USB_DevDisconnect
                0x08002224        0x4 build/stm32f1xx_ll_usb.o
                0x08002224                USB_DevDisconnect
 .text.USB_ReadInterrupts
                0x08002228        0x8 build/stm32f1xx_ll_usb.o
                0x08002228                USB_ReadInterrupts
 .text.USB_EP0_OutStart
                0x08002230        0x4 build/stm32f1xx_ll_usb.o
                0x08002230                USB_EP0_OutStart
 .text.USB_WritePMA
                0x08002234       0x26 build/stm32f1xx_ll_usb.o
                0x08002234                USB_WritePMA
 .text.USB_EPStartXfer
                0x0800225a      0x7ce build/stm32f1xx_ll_usb.o
                0x0800225a                USB_EPStartXfer
 .text.USB_ReadPMA
                0x08002a28       0x30 build/stm32f1xx_ll_usb.o
                0x08002a28                USB_ReadPMA
 .text.HAL_InitTick
                0x08002a58       0x4c build/stm32f1xx_hal.o
                0x08002a58                HAL_InitTick
 .text.HAL_Init
                0x08002aa4       0x24 build/stm32f1xx_hal.o
                0x08002aa4                HAL_Init
 .text.HAL_IncTick
                0x08002ac8       0x18 build/stm32f1xx_hal.o
                0x08002ac8                HAL_IncTick
 .text.HAL_GetTick
                0x08002ae0        0xc build/stm32f1xx_hal.o
                0x08002ae0                HAL_GetTick
 .text.RCC_Delay
                0x08002aec       0x2c build/stm32f1xx_hal_rcc.o
 .text.HAL_RCC_OscConfig
                0x08002b18      0x410 build/stm32f1xx_hal_rcc.o
                0x08002b18                HAL_RCC_OscConfig
 .text.HAL_RCC_GetSysClockFreq
                0x08002f28       0x54 build/stm32f1xx_hal_rcc.o
                0x08002f28                HAL_RCC_GetSysClockFreq
 .text.HAL_RCC_ClockConfig
                0x08002f7c      0x16c build/stm32f1xx_hal_rcc.o
                0x08002f7c                HAL_RCC_ClockConfig
 .text.HAL_RCCEx_PeriphCLKConfig
                0x080030e8      0x118 build/stm32f1xx_hal_rcc_ex.o
                0x080030e8                HAL_RCCEx_PeriphCLKConfig
 .text.HAL_GPIO_Init
                0x08003200      0x21c build/stm32f1xx_hal_gpio.o
                0x08003200                HAL_GPIO_Init
 .text.HAL_GPIO_WritePin
                0x0800341c        0xc build/stm32f1xx_hal_gpio.o
                0x0800341c                HAL_GPIO_WritePin
 .text.HAL_DMA_Abort_IT
                0x08003428       0x98 build/stm32f1xx_hal_dma.o
                0x08003428                HAL_DMA_Abort_IT
 .text.__NVIC_SetPriority
                0x080034c0       0x28 build/stm32f1xx_hal_cortex.o
 .text.NVIC_EncodePriority
                0x080034e8       0x3e build/stm32f1xx_hal_cortex.o
 *fill*         0x08003526        0x2 
 .text.HAL_NVIC_SetPriorityGrouping
                0x08003528       0x24 build/stm32f1xx_hal_cortex.o
                0x08003528                HAL_NVIC_SetPriorityGrouping
 .text.HAL_NVIC_SetPriority
                0x0800354c       0x20 build/stm32f1xx_hal_cortex.o
                0x0800354c                HAL_NVIC_SetPriority
 .text.HAL_NVIC_EnableIRQ
                0x0800356c       0x1c build/stm32f1xx_hal_cortex.o
                0x0800356c                HAL_NVIC_EnableIRQ
 .text.HAL_SYSTICK_Config
                0x08003588       0x28 build/stm32f1xx_hal_cortex.o
                0x08003588                HAL_SYSTICK_Config
 .text.HAL_SPI_Init
                0x080035b0       0xb6 build/stm32f1xx_hal_spi.o
                0x080035b0                HAL_SPI_Init
 .text.HAL_SPI_ErrorCallback
                0x08003666        0x2 build/stm32f1xx_hal_spi.o
                0x08003666                HAL_SPI_ErrorCallback
 .text.HAL_SPI_IRQHandler
                0x08003668      0x108 build/stm32f1xx_hal_spi.o
                0x08003668                HAL_SPI_IRQHandler
 .text.SPI_DMAAbortOnError
                0x08003770       0x10 build/stm32f1xx_hal_spi.o
 .text.TIM_OC1_SetConfig
                0x08003780       0x54 build/stm32f1xx_hal_tim.o
 .text.TIM_OC3_SetConfig
                0x080037d4       0x5c build/stm32f1xx_hal_tim.o
 .text.TIM_OC4_SetConfig
                0x08003830       0x48 build/stm32f1xx_hal_tim.o
 .text.TIM_TI1_ConfigInputStage
                0x08003878       0x24 build/stm32f1xx_hal_tim.o
 .text.TIM_TI2_ConfigInputStage
                0x0800389c       0x26 build/stm32f1xx_hal_tim.o
 .text.TIM_ITRx_SetConfig
                0x080038c2       0x10 build/stm32f1xx_hal_tim.o
 .text.HAL_TIM_PWM_MspInit
                0x080038d2        0x2 build/stm32f1xx_hal_tim.o
                0x080038d2                HAL_TIM_PWM_MspInit
 .text.TIM_Base_SetConfig
                0x080038d4       0x74 build/stm32f1xx_hal_tim.o
                0x080038d4                TIM_Base_SetConfig
 .text.HAL_TIM_Base_Init
                0x08003948       0x58 build/stm32f1xx_hal_tim.o
                0x08003948                HAL_TIM_Base_Init
 .text.HAL_TIM_PWM_Init
                0x080039a0       0x58 build/stm32f1xx_hal_tim.o
                0x080039a0                HAL_TIM_PWM_Init
 .text.HAL_TIM_Encoder_Init
                0x080039f8       0xb6 build/stm32f1xx_hal_tim.o
                0x080039f8                HAL_TIM_Encoder_Init
 *fill*         0x08003aae        0x2 
 .text.TIM_OC2_SetConfig
                0x08003ab0       0x5c build/stm32f1xx_hal_tim.o
                0x08003ab0                TIM_OC2_SetConfig
 .text.HAL_TIM_PWM_ConfigChannel
                0x08003b0c       0xdc build/stm32f1xx_hal_tim.o
                0x08003b0c                HAL_TIM_PWM_ConfigChannel
 .text.TIM_ETR_SetConfig
                0x08003be8       0x18 build/stm32f1xx_hal_tim.o
                0x08003be8                TIM_ETR_SetConfig
 .text.HAL_TIM_ConfigClockSource
                0x08003c00       0xfe build/stm32f1xx_hal_tim.o
                0x08003c00                HAL_TIM_ConfigClockSource
 *fill*         0x08003cfe        0x2 
 .text.HAL_TIMEx_MasterConfigSynchronization
                0x08003d00       0x6c build/stm32f1xx_hal_tim_ex.o
                0x08003d00                HAL_TIMEx_MasterConfigSynchronization
 .text.SystemInit
                0x08003d6c        0x2 build/system_stm32f1xx.o
                0x08003d6c                SystemInit
 .text.USBD_Init
                0x08003d6e       0x2e build/usbd_core.o
                0x08003d6e                USBD_Init
 .text.USBD_RegisterClass
                0x08003d9c        0xe build/usbd_core.o
                0x08003d9c                USBD_RegisterClass
 .text.USBD_Start
                0x08003daa        0xa build/usbd_core.o
                0x08003daa                USBD_Start
 .text.USBD_SetClassConfig
                0x08003db4       0x18 build/usbd_core.o
                0x08003db4                USBD_SetClassConfig
 .text.USBD_ClrClassConfig
                0x08003dcc        0xe build/usbd_core.o
                0x08003dcc                USBD_ClrClassConfig
 .text.USBD_LL_SetupStage
                0x08003dda       0x5a build/usbd_core.o
                0x08003dda                USBD_LL_SetupStage
 .text.USBD_LL_DataOutStage
                0x08003e34       0x8c build/usbd_core.o
                0x08003e34                USBD_LL_DataOutStage
 .text.USBD_LL_DataInStage
                0x08003ec0       0xd0 build/usbd_core.o
                0x08003ec0                USBD_LL_DataInStage
 .text.USBD_LL_Reset
                0x08003f90       0x50 build/usbd_core.o
                0x08003f90                USBD_LL_Reset
 .text.USBD_LL_SetSpeed
                0x08003fe0        0x6 build/usbd_core.o
                0x08003fe0                USBD_LL_SetSpeed
 .text.USBD_LL_Suspend
                0x08003fe6       0x12 build/usbd_core.o
                0x08003fe6                USBD_LL_Suspend
 .text.USBD_LL_Resume
                0x08003ff8       0x16 build/usbd_core.o
                0x08003ff8                USBD_LL_Resume
 .text.USBD_LL_SOF
                0x0800400e       0x1c build/usbd_core.o
                0x0800400e                USBD_LL_SOF
 .text.USBD_GetLen
                0x0800402a       0x14 build/usbd_ctlreq.o
 .text.USBD_SetFeature
                0x0800403e       0x14 build/usbd_ctlreq.o
 .text.USBD_ParseSetupRequest
                0x08004052       0x28 build/usbd_ctlreq.o
                0x08004052                USBD_ParseSetupRequest
 .text.USBD_CtlError
                0x0800407a       0x14 build/usbd_ctlreq.o
                0x0800407a                USBD_CtlError
 .text.USBD_GetDescriptor
                0x0800408e      0x186 build/usbd_ctlreq.o
 .text.USBD_SetAddress
                0x08004214       0x4e build/usbd_ctlreq.o
 *fill*         0x08004262        0x2 
 .text.USBD_SetConfig
                0x08004264       0xb0 build/usbd_ctlreq.o
 .text.USBD_GetConfig
                0x08004314       0x3e build/usbd_ctlreq.o
 .text.USBD_GetStatus
                0x08004352       0x38 build/usbd_ctlreq.o
 .text.USBD_ClrFeature
                0x0800438a       0x26 build/usbd_ctlreq.o
 .text.USBD_StdDevReq
                0x080043b0       0x68 build/usbd_ctlreq.o
                0x080043b0                USBD_StdDevReq
 .text.USBD_StdItfReq
                0x08004418       0x60 build/usbd_ctlreq.o
                0x08004418                USBD_StdItfReq
 .text.USBD_StdEPReq
                0x08004478      0x1e2 build/usbd_ctlreq.o
                0x08004478                USBD_StdEPReq
 .text.USBD_GetString
                0x0800465a       0x3a build/usbd_ctlreq.o
                0x0800465a                USBD_GetString
 .text.USBD_CtlSendData
                0x08004694       0x1a build/usbd_ioreq.o
                0x08004694                USBD_CtlSendData
 .text.USBD_CtlContinueSendData
                0x080046ae       0x10 build/usbd_ioreq.o
                0x080046ae                USBD_CtlContinueSendData
 .text.USBD_CtlPrepareRx
                0x080046be       0x1e build/usbd_ioreq.o
                0x080046be                USBD_CtlPrepareRx
 .text.USBD_CtlContinueRx
                0x080046dc       0x10 build/usbd_ioreq.o
                0x080046dc                USBD_CtlContinueRx
 .text.USBD_CtlSendStatus
                0x080046ec       0x16 build/usbd_ioreq.o
                0x080046ec                USBD_CtlSendStatus
 .text.USBD_CtlReceiveStatus
                0x08004702       0x16 build/usbd_ioreq.o
                0x08004702                USBD_CtlReceiveStatus
 .text.CDC_DeInit_FS
                0x08004718        0x4 build/usbd_cdc_if.o
 .text.CDC_Control_FS
                0x0800471c        0x4 build/usbd_cdc_if.o
 .text.CDC_Init_FS
                0x08004720       0x28 build/usbd_cdc_if.o
 .text.CDC_Transmit_FS
                0x08004748       0x2c build/usbd_cdc_if.o
                0x08004748                CDC_Transmit_FS
 .text.CDC_Receive_FS
                0x08004774       0x40 build/usbd_cdc_if.o
 .text.USBD_CDC_EP0_RxReady
                0x080047b4       0x28 build/usbd_cdc.o
 .text.USBD_CDC_GetFSCfgDesc
                0x080047dc        0xc build/usbd_cdc.o
 .text.USBD_CDC_GetHSCfgDesc
                0x080047e8        0xc build/usbd_cdc.o
 .text.USBD_CDC_GetOtherSpeedCfgDesc
                0x080047f4        0xc build/usbd_cdc.o
 .text.USBD_CDC_GetDeviceQualifierDescriptor
                0x08004800        0xc build/usbd_cdc.o
                0x08004800                USBD_CDC_GetDeviceQualifierDescriptor
 .text.USBD_CDC_DataOut
                0x0800480c       0x2e build/usbd_cdc.o
 .text.USBD_CDC_DataIn
                0x0800483a       0x4e build/usbd_cdc.o
 .text.USBD_CDC_Setup
                0x08004888       0xd6 build/usbd_cdc.o
 .text.USBD_CDC_DeInit
                0x0800495e       0x42 build/usbd_cdc.o
 .text.USBD_CDC_Init
                0x080049a0       0xaa build/usbd_cdc.o
 .text.USBD_CDC_RegisterInterface
                0x08004a4a        0xe build/usbd_cdc.o
                0x08004a4a                USBD_CDC_RegisterInterface
 .text.USBD_CDC_SetTxBuffer
                0x08004a58       0x10 build/usbd_cdc.o
                0x08004a58                USBD_CDC_SetTxBuffer
 .text.USBD_CDC_SetRxBuffer
                0x08004a68        0xc build/usbd_cdc.o
                0x08004a68                USBD_CDC_SetRxBuffer
 .text.USBD_CDC_TransmitPacket
                0x08004a74       0x32 build/usbd_cdc.o
                0x08004a74                USBD_CDC_TransmitPacket
 .text.USBD_CDC_ReceivePacket
                0x08004aa6       0x30 build/usbd_cdc.o
                0x08004aa6                USBD_CDC_ReceivePacket
 *fill*         0x08004ad6        0x2 
 .text.Reset_Handler
                0x08004ad8       0x48 build/startup_stm32f103xb.o
                0x08004ad8                Reset_Handler
 .text.Default_Handler
                0x08004b20        0x2 build/startup_stm32f103xb.o
                0x08004b20                RTC_Alarm_IRQHandler
                0x08004b20                EXTI2_IRQHandler
                0x08004b20                TIM1_CC_IRQHandler
                0x08004b20                PVD_IRQHandler
                0x08004b20                EXTI3_IRQHandler
                0x08004b20                EXTI0_IRQHandler
                0x08004b20                I2C2_EV_IRQHandler
                0x08004b20                ADC1_2_IRQHandler
                0x08004b20                TAMPER_IRQHandler
                0x08004b20                DMA1_Channel4_IRQHandler
                0x08004b20                USART3_IRQHandler
                0x08004b20                RTC_IRQHandler
                0x08004b20                DMA1_Channel7_IRQHandler
                0x08004b20                CAN1_RX1_IRQHandler
                0x08004b20                TIM4_IRQHandler
                0x08004b20                I2C1_EV_IRQHandler
                0x08004b20                DMA1_Channel6_IRQHandler
                0x08004b20                TIM3_IRQHandler
                0x08004b20                RCC_IRQHandler
                0x08004b20                TIM1_TRG_COM_IRQHandler
                0x08004b20                DMA1_Channel1_IRQHandler
                0x08004b20                Default_Handler
                0x08004b20                EXTI15_10_IRQHandler
                0x08004b20                EXTI9_5_IRQHandler
                0x08004b20                SPI2_IRQHandler
                0x08004b20                DMA1_Channel5_IRQHandler
                0x08004b20                EXTI4_IRQHandler
                0x08004b20                USB_HP_CAN1_TX_IRQHandler
                0x08004b20                DMA1_Channel3_IRQHandler
                0x08004b20                TIM1_UP_IRQHandler
                0x08004b20                WWDG_IRQHandler
                0x08004b20                TIM2_IRQHandler
                0x08004b20                TIM1_BRK_IRQHandler
                0x08004b20                EXTI1_IRQHandler
                0x08004b20                USART2_IRQHandler
                0x08004b20                I2C2_ER_IRQHandler
                0x08004b20                DMA1_Channel2_IRQHandler
                0x08004b20                CAN1_SCE_IRQHandler
                0x08004b20                FLASH_IRQHandler
                0x08004b20                USART1_IRQHandler
                0x08004b20                I2C1_ER_IRQHandler
                0x08004b20                USBWakeUp_IRQHandler
 .text.memset   0x08004b22       0x10 /usr/lib/gcc/arm-none-eabi/13.2.0/../../../../arm-none-eabi/lib/thumb/v7-m/nofp/libc_nano.a(libc_a-memset.o)
                0x08004b22                memset
 *fill*         0x08004b32        0x2 
 .text.__libc_init_array
                0x08004b34       0x48 /usr/lib/gcc/arm-none-eabi/13.2.0/../../../../arm-none-eabi/lib/thumb/v7-m/nofp/libc_nano.a(libc_a-init.o)
                0x08004b34                __libc_init_array
 *(.glue_7)
 .glue_7        0x08004b7c        0x0 linker stubs
 *(.glue_7t)
 .glue_7t       0x08004b7c        0x0 linker stubs
 *(.eh_frame)
 .eh_frame      0x08004b7c        0x0 /usr/lib/gcc/arm-none-eabi/13.2.0/thumb/v7-m/nofp/crtbegin.o
 *(.init)
 .init          0x08004b7c        0x4 /usr/lib/gcc/arm-none-eabi/13.2.0/thumb/v7-m/nofp/crti.o
                0x08004b7c                _init
 .init          0x08004b80        0x8 /usr/lib/gcc/arm-none-eabi/13.2.0/thumb/v7-m/nofp/crtn.o
 *(.fini)
 .fini          0x08004b88        0x4 /usr/lib/gcc/arm-none-eabi/13.2.0/thumb/v7-m/nofp/crti.o
                0x08004b88                _fini
 .fini          0x08004b8c        0x8 /usr/lib/gcc/arm-none-eabi/13.2.0/thumb/v7-m/nofp/crtn.o
                0x08004b94                        . = ALIGN (0x4)
                0x08004b94                        _etext = .

.vfp11_veneer   0x08004b94        0x0
 .vfp11_veneer  0x08004b94        0x0 linker stubs

.v4_bx          0x08004b94        0x0
 .v4_bx         0x08004b94        0x0 linker stubs

.iplt           0x08004b94        0x0
 .iplt          0x08004b94        0x0 /usr/lib/gcc/arm-none-eabi/13.2.0/thumb/v7-m/nofp/crtbegin.o

.rodata         0x08004b94       0x6c
                0x08004b94                        . = ALIGN (0x4)
 *(.rodata)
 *(.rodata*)
 .rodata.USBD_FS_ProductStrDescriptor.str1.4
                0x08004b94       0x46 build/usbd_desc.o
                                 0x16 (size before relaxing)
 .rodata.USBD_FS_ManufacturerStrDescriptor.str1.4
                0x08004bda       0x13 build/usbd_desc.o
 .rodata.USBD_FS_ConfigStrDescriptor.str1.4
                0x08004bda        0xb build/usbd_desc.o
 .rodata.USBD_FS_InterfaceStrDescriptor.str1.4
                0x08004bda        0xe build/usbd_desc.o
 *fill*         0x08004bda        0x2 
 .rodata.aPredivFactorTable.0
                0x08004bdc        0x2 build/stm32f1xx_hal_rcc.o
 *fill*         0x08004bde        0x2 
 .rodata.aPLLMULFactorTable.1
                0x08004be0       0x10 build/stm32f1xx_hal_rcc.o
 .rodata.AHBPrescTable
                0x08004bf0       0x10 build/system_stm32f1xx.o
                0x08004bf0                AHBPrescTable
                0x08004c00                        . = ALIGN (0x4)

.ARM.extab
 *(.ARM.extab* .gnu.linkonce.armextab.*)

.ARM            0x08004c00        0x8
                0x08004c00                        __exidx_start = .
 *(.ARM.exidx*)
 .ARM.exidx     0x08004c00        0x8 /usr/lib/gcc/arm-none-eabi/13.2.0/../../../../arm-none-eabi/lib/thumb/v7-m/nofp/libc_nano.a(libc_a-strlen.o)
                0x08004c08                        __exidx_end = .

.rel.dyn        0x08004c08        0x0
 .rel.iplt      0x08004c08        0x0 /usr/lib/gcc/arm-none-eabi/13.2.0/thumb/v7-m/nofp/crtbegin.o

.preinit_array  0x08004c08        0x0
                0x08004c08                        PROVIDE (__preinit_array_start = .)
 *(.preinit_array*)
                0x08004c08                        PROVIDE (__preinit_array_end = .)

.init_array     0x08004c08        0x4
                0x08004c08                        PROVIDE (__init_array_start = .)
 *(SORT_BY_NAME(.init_array.*))
 *(.init_array*)
 .init_array    0x08004c08        0x4 /usr/lib/gcc/arm-none-eabi/13.2.0/thumb/v7-m/nofp/crtbegin.o
                0x08004c0c                        PROVIDE (__init_array_end = .)

.fini_array     0x08004c0c        0x4
                0x08004c0c                        PROVIDE (__fini_array_start = .)
 *(SORT_BY_NAME(.fini_array.*))
 *(.fini_array*)
 .fini_array    0x08004c0c        0x4 /usr/lib/gcc/arm-none-eabi/13.2.0/thumb/v7-m/nofp/crtbegin.o
                0x08004c10                        PROVIDE (__fini_array_end = .)
                0x08004c10                        _sidata = LOADADDR (.data)

.data           0x20000000      0x17c load address 0x08004c10
                0x20000000                        . = ALIGN (0x4)
                0x20000000                        _sdata = .
 *(.data)
 *(.data*)
 .data.USBD_StringSerial
                0x20000000       0x1a build/usbd_desc.o
                0x20000000                USBD_StringSerial
 *fill*         0x2000001a        0x2 
 .data.USBD_LangIDDesc
                0x2000001c        0x4 build/usbd_desc.o
                0x2000001c                USBD_LangIDDesc
 .data.USBD_FS_DeviceDesc
                0x20000020       0x12 build/usbd_desc.o
                0x20000020                USBD_FS_DeviceDesc
 *fill*         0x20000032        0x2 
 .data.FS_Desc  0x20000034       0x1c build/usbd_desc.o
                0x20000034                FS_Desc
 .data.uwTickFreq
                0x20000050        0x1 build/stm32f1xx_hal.o
                0x20000050                uwTickFreq
 *fill*         0x20000051        0x3 
 .data.uwTickPrio
                0x20000054        0x4 build/stm32f1xx_hal.o
                0x20000054                uwTickPrio
 .data.SystemCoreClock
                0x20000058        0x4 build/system_stm32f1xx.o
                0x20000058                SystemCoreClock
 .data.USBD_Interface_fops_FS
                0x2000005c       0x10 build/usbd_cdc_if.o
                0x2000005c                USBD_Interface_fops_FS
 .data.USBD_CDC_OtherSpeedCfgDesc
                0x2000006c       0x43 build/usbd_cdc.o
                0x2000006c                USBD_CDC_OtherSpeedCfgDesc
 *fill*         0x200000af        0x1 
 .data.USBD_CDC_CfgFSDesc
                0x200000b0       0x43 build/usbd_cdc.o
                0x200000b0                USBD_CDC_CfgFSDesc
 *fill*         0x200000f3        0x1 
 .data.USBD_CDC_CfgHSDesc
                0x200000f4       0x43 build/usbd_cdc.o
                0x200000f4                USBD_CDC_CfgHSDesc
 *fill*         0x20000137        0x1 
 .data.USBD_CDC
                0x20000138       0x38 build/usbd_cdc.o
                0x20000138                USBD_CDC
 .data.USBD_CDC_DeviceQualifierDesc
                0x20000170        0xa build/usbd_cdc.o
                0x2000017c                        . = ALIGN (0x4)
 *fill*         0x2000017a        0x2 
                0x2000017c                        _edata = .

.igot.plt       0x2000017c        0x0 load address 0x08004d8c
 .igot.plt      0x2000017c        0x0 /usr/lib/gcc/arm-none-eabi/13.2.0/thumb/v7-m/nofp/crtbegin.o
                0x2000017c                        . = ALIGN (0x4)

.bss            0x2000017c      0xbf0 load address 0x08004d8c
                0x2000017c                        _sbss = .
                0x2000017c                        __bss_start__ = _sbss
 *(.bss)
 *(.bss*)
 .bss.completed.1
                0x2000017c        0x1 /usr/lib/gcc/arm-none-eabi/13.2.0/thumb/v7-m/nofp/crtbegin.o
 *fill*         0x2000017d        0x3 
 .bss.object.0  0x20000180       0x18 /usr/lib/gcc/arm-none-eabi/13.2.0/thumb/v7-m/nofp/crtbegin.o
 .bss.htim4     0x20000198       0x48 build/main.o
                0x20000198                htim4
 .bss.htim3     0x200001e0       0x48 build/main.o
                0x200001e0                htim3
 .bss.htim2     0x20000228       0x48 build/main.o
                0x20000228                htim2
 .bss.htim1     0x20000270       0x48 build/main.o
                0x20000270                htim1
 .bss.hspi1     0x200002b8       0x58 build/main.o
                0x200002b8                hspi1
 .bss.hUsbDeviceFS
                0x20000310      0x2c4 build/usb_device.o
                0x20000310                hUsbDeviceFS
 .bss.USBD_StrDesc
                0x200005d4      0x200 build/usbd_desc.o
                0x200005d4                USBD_StrDesc
 .bss.mem.0     0x200007d4      0x220 build/usbd_conf.o
 .bss.hpcd_USB_FS
                0x200009f4      0x2f0 build/usbd_conf.o
                0x200009f4                hpcd_USB_FS
 .bss.uwTick    0x20000ce4        0x4 build/stm32f1xx_hal.o
                0x20000ce4                uwTick
 .bss.cfgidx.0  0x20000ce8        0x1 build/usbd_ctlreq.o
 *fill*         0x20000ce9        0x3 
 .bss.UserTxBufferFS
                0x20000cec       0x40 build/usbd_cdc_if.o
                0x20000cec                UserTxBufferFS
 .bss.UserRxBufferFS
                0x20000d2c       0x40 build/usbd_cdc_if.o
                0x20000d2c                UserRxBufferFS
 *(COMMON)
                0x20000d6c                        . = ALIGN (0x4)
                0x20000d6c                        _ebss = .
                0x20000d6c                        __bss_end__ = _ebss

._user_heap_stack
                0x20000d6c      0x604 load address 0x08004d8c
                0x20000d70                        . = ALIGN (0x8)
 *fill*         0x20000d6c        0x4 
                0x20000d70                        PROVIDE (end = .)
                [!provide]                        PROVIDE (_end = .)
                0x20000f70                        . = (. + _Min_Heap_Size)
 *fill*         0x20000d70      0x200 
                0x20001370                        . = (. + _Min_Stack_Size)
 *fill*         0x20000f70      0x400 
                0x20001370                        . = ALIGN (0x8)

/DISCARD/
 libc.a(*)
 libm.a(*)
 libgcc.a(*)

.ARM.attributes
                0x00000000       0x29
 *(.ARM.attributes)
 .ARM.attributes
                0x00000000       0x1d /usr/lib/gcc/arm-none-eabi/13.2.0/thumb/v7-m/nofp/crti.o
 .ARM.attributes
                0x0000001d       0x2d /usr/lib/gcc/arm-none-eabi/13.2.0/thumb/v7-m/nofp/crtbegin.o
 .ARM.attributes
                0x0000004a       0x2d build/main.o
 .ARM.attributes
                0x00000077       0x2d build/stm32f1xx_it.o
 .ARM.attributes
                0x000000a4       0x2d build/stm32f1xx_hal_msp.o
 .ARM.attributes
                0x000000d1       0x2d build/usb_device.o
 .ARM.attributes
                0x000000fe       0x2d build/usbd_desc.o
 .ARM.attributes
                0x0000012b       0x2d build/usbd_conf.o
 .ARM.attributes
                0x00000158       0x2d build/stm32f1xx_hal_pcd.o
 .ARM.attributes
                0x00000185       0x2d build/stm32f1xx_hal_pcd_ex.o
 .ARM.attributes
                0x000001b2       0x2d build/stm32f1xx_ll_usb.o
 .ARM.attributes
                0x000001df       0x2d build/stm32f1xx_hal.o
 .ARM.attributes
                0x0000020c       0x2d build/stm32f1xx_hal_rcc.o
 .ARM.attributes
                0x00000239       0x2d build/stm32f1xx_hal_rcc_ex.o
 .ARM.attributes
                0x00000266       0x2d build/stm32f1xx_hal_gpio.o
 .ARM.attributes
                0x00000293       0x2d build/stm32f1xx_hal_dma.o
 .ARM.attributes
                0x000002c0       0x2d build/stm32f1xx_hal_cortex.o
 .ARM.attributes
                0x000002ed       0x2d build/stm32f1xx_hal_spi.o
 .ARM.attributes
                0x0000031a       0x2d build/stm32f1xx_hal_tim.o
 .ARM.attributes
                0x00000347       0x2d build/stm32f1xx_hal_tim_ex.o
 .ARM.attributes
                0x00000374       0x2d build/system_stm32f1xx.o
 .ARM.attributes
                0x000003a1       0x2d build/usbd_core.o
 .ARM.attributes
                0x000003ce       0x2d build/usbd_ctlreq.o
 .ARM.attributes
                0x000003fb       0x2d build/usbd_ioreq.o
 .ARM.attributes
                0x00000428       0x2d build/usbd_cdc_if.o
 .ARM.attributes
                0x00000455       0x2d build/usbd_cdc.o
 .ARM.attributes
                0x00000482       0x21 build/startup_stm32f103xb.o
 .ARM.attributes
                0x000004a3       0x2d /usr/lib/gcc/arm-none-eabi/13.2.0/../../../../arm-none-eabi/lib/thumb/v7-m/nofp/libc_nano.a(libc_a-memset.o)
 .ARM.attributes
                0x000004d0       0x2d /usr/lib/gcc/arm-none-eabi/13.2.0/../../../../arm-none-eabi/lib/thumb/v7-m/nofp/libc_nano.a(libc_a-init.o)
 .ARM.attributes
                0x000004fd       0x17 /usr/lib/gcc/arm-none-eabi/13.2.0/../../../../arm-none-eabi/lib/thumb/v7-m/nofp/libc_nano.a(libc_a-strlen.o)
 .ARM.attributes
                0x00000514       0x1d /usr/lib/gcc/arm-none-eabi/13.2.0/thumb/v7-m/nofp/crtn.o
OUTPUT(build/Firmware.elf elf32-littlearm)
LOAD linker stubs
LOAD /usr/lib/gcc/arm-none-eabi/13.2.0/../../../../arm-none-eabi/lib/thumb/v7-m/nofp/libc.a
LOAD /usr/lib/gcc/arm-none-eabi/13.2.0/../../../../arm-none-eabi/lib/thumb/v7-m/nofp/libm.a
LOAD /usr/lib/gcc/arm-none-eabi/13.2.0/thumb/v7-m/nofp/libgcc.a

.debug_info     0x00000000    0x1aaf7
 .debug_info    0x00000000     0x16f1 build/main.o
 .debug_info    0x000016f1      0xc65 build/stm32f1xx_it.o
 .debug_info    0x00002356     0x11ef build/stm32f1xx_hal_msp.o
 .debug_info    0x00003545      0x792 build/usb_device.o
 .debug_info    0x00003cd7      0x654 build/usbd_desc.o
 .debug_info    0x0000432b     0x2052 build/usbd_conf.o
 .debug_info    0x0000637d     0x1f83 build/stm32f1xx_hal_pcd.o
 .debug_info    0x00008300      0x7b9 build/stm32f1xx_hal_pcd_ex.o
 .debug_info    0x00008ab9     0x1d27 build/stm32f1xx_ll_usb.o
 .debug_info    0x0000a7e0      0x880 build/stm32f1xx_hal.o
 .debug_info    0x0000b060      0xb10 build/stm32f1xx_hal_rcc.o
 .debug_info    0x0000bb70      0x47d build/stm32f1xx_hal_rcc_ex.o
 .debug_info    0x0000bfed      0x6d7 build/stm32f1xx_hal_gpio.o
 .debug_info    0x0000c6c4      0x8d5 build/stm32f1xx_hal_dma.o
 .debug_info    0x0000cf99      0xe3f build/stm32f1xx_hal_cortex.o
 .debug_info    0x0000ddd8     0x1f41 build/stm32f1xx_hal_spi.o
 .debug_info    0x0000fd19     0x411c build/stm32f1xx_hal_tim.o
 .debug_info    0x00013e35     0x1d4f build/stm32f1xx_hal_tim_ex.o
 .debug_info    0x00015b84      0x26e build/system_stm32f1xx.o
 .debug_info    0x00015df2      0xf97 build/usbd_core.o
 .debug_info    0x00016d89     0x1203 build/usbd_ctlreq.o
 .debug_info    0x00017f8c      0x946 build/usbd_ioreq.o
 .debug_info    0x000188d2      0xa0e build/usbd_cdc_if.o
 .debug_info    0x000192e0     0x15cd build/usbd_cdc.o
 .debug_info    0x0001a8ad       0x30 build/startup_stm32f103xb.o
 .debug_info    0x0001a8dd       0xe0 /usr/lib/gcc/arm-none-eabi/13.2.0/../../../../arm-none-eabi/lib/thumb/v7-m/nofp/libc_nano.a(libc_a-memset.o)
 .debug_info    0x0001a9bd      0x10b /usr/lib/gcc/arm-none-eabi/13.2.0/../../../../arm-none-eabi/lib/thumb/v7-m/nofp/libc_nano.a(libc_a-init.o)
 .debug_info    0x0001aac8       0x2f /usr/lib/gcc/arm-none-eabi/13.2.0/../../../../arm-none-eabi/lib/thumb/v7-m/nofp/libc_nano.a(libc_a-strlen.o)

.debug_abbrev   0x00000000     0x3c1b
 .debug_abbrev  0x00000000      0x2c9 build/main.o
 .debug_abbrev  0x000002c9      0x19d build/stm32f1xx_it.o
 .debug_abbrev  0x00000466      0x27e build/stm32f1xx_hal_msp.o
 .debug_abbrev  0x000006e4      0x195 build/usb_device.o
 .debug_abbrev  0x00000879      0x23c build/usbd_desc.o
 .debug_abbrev  0x00000ab5      0x33e build/usbd_conf.o
 .debug_abbrev  0x00000df3      0x32d build/stm32f1xx_hal_pcd.o
 .debug_abbrev  0x00001120      0x184 build/stm32f1xx_hal_pcd_ex.o
 .debug_abbrev  0x000012a4      0x262 build/stm32f1xx_ll_usb.o
 .debug_abbrev  0x00001506      0x232 build/stm32f1xx_hal.o
 .debug_abbrev  0x00001738      0x2d6 build/stm32f1xx_hal_rcc.o
 .debug_abbrev  0x00001a0e      0x1d4 build/stm32f1xx_hal_rcc_ex.o
 .debug_abbrev  0x00001be2      0x222 build/stm32f1xx_hal_gpio.o
 .debug_abbrev  0x00001e04      0x261 build/stm32f1xx_hal_dma.o
 .debug_abbrev  0x00002065      0x3aa build/stm32f1xx_hal_cortex.o
 .debug_abbrev  0x0000240f      0x2c6 build/stm32f1xx_hal_spi.o
 .debug_abbrev  0x000026d5      0x2bd build/stm32f1xx_hal_tim.o
 .debug_abbrev  0x00002992      0x2b7 build/stm32f1xx_hal_tim_ex.o
 .debug_abbrev  0x00002c49      0x140 build/system_stm32f1xx.o
 .debug_abbrev  0x00002d89      0x2ae build/usbd_core.o
 .debug_abbrev  0x00003037      0x2ec build/usbd_ctlreq.o
 .debug_abbrev  0x00003323      0x18e build/usbd_ioreq.o
 .debug_abbrev  0x000034b1      0x28a build/usbd_cdc_if.o
 .debug_abbrev  0x0000373b      0x33b build/usbd_cdc.o
 .debug_abbrev  0x00003a76       0x1d build/startup_stm32f103xb.o
 .debug_abbrev  0x00003a93       0x9e /usr/lib/gcc/arm-none-eabi/13.2.0/../../../../arm-none-eabi/lib/thumb/v7-m/nofp/libc_nano.a(libc_a-memset.o)
 .debug_abbrev  0x00003b31       0xc9 /usr/lib/gcc/arm-none-eabi/13.2.0/../../../../arm-none-eabi/lib/thumb/v7-m/nofp/libc_nano.a(libc_a-init.o)
 .debug_abbrev  0x00003bfa       0x21 /usr/lib/gcc/arm-none-eabi/13.2.0/../../../../arm-none-eabi/lib/thumb/v7-m/nofp/libc_nano.a(libc_a-strlen.o)

.debug_loc      0x00000000    0x15997
 .debug_loc     0x00000000      0x1d0 build/main.o
 .debug_loc     0x000001d0       0x60 build/stm32f1xx_it.o
 .debug_loc     0x00000230      0x3c0 build/stm32f1xx_hal_msp.o
 .debug_loc     0x000005f0       0x20 build/usb_device.o
 .debug_loc     0x00000610      0x4e7 build/usbd_desc.o
 .debug_loc     0x00000af7     0x105a build/usbd_conf.o
 .debug_loc     0x00001b51     0x1aa3 build/stm32f1xx_hal_pcd.o
 .debug_loc     0x000035f4      0x15a build/stm32f1xx_hal_pcd_ex.o
 .debug_loc     0x0000374e     0x1b49 build/stm32f1xx_ll_usb.o
 .debug_loc     0x00005297      0x1f9 build/stm32f1xx_hal.o
 .debug_loc     0x00005490      0x7c6 build/stm32f1xx_hal_rcc.o
 .debug_loc     0x00005c56      0x4a9 build/stm32f1xx_hal_rcc_ex.o
 .debug_loc     0x000060ff      0x56c build/stm32f1xx_hal_gpio.o
 .debug_loc     0x0000666b      0x990 build/stm32f1xx_hal_dma.o
 .debug_loc     0x00006ffb      0x8b4 build/stm32f1xx_hal_cortex.o
 .debug_loc     0x000078af     0x281a build/stm32f1xx_hal_spi.o
 .debug_loc     0x0000a0c9     0x613e build/stm32f1xx_hal_tim.o
 .debug_loc     0x00010207     0x227b build/stm32f1xx_hal_tim_ex.o
 .debug_loc     0x00012482      0x11b build/system_stm32f1xx.o
 .debug_loc     0x0001259d      0xbaa build/usbd_core.o
 .debug_loc     0x00013147     0x17db build/usbd_ctlreq.o
 .debug_loc     0x00014922      0x3f8 build/usbd_ioreq.o
 .debug_loc     0x00014d1a      0x1de build/usbd_cdc_if.o
 .debug_loc     0x00014ef8      0xa9f build/usbd_cdc.o

.debug_aranges  0x00000000     0x1280
 .debug_aranges
                0x00000000       0x60 build/main.o
 .debug_aranges
                0x00000060       0x70 build/stm32f1xx_it.o
 .debug_aranges
                0x000000d0       0x58 build/stm32f1xx_hal_msp.o
 .debug_aranges
                0x00000128       0x20 build/usb_device.o
 .debug_aranges
                0x00000148       0x60 build/usbd_desc.o
 .debug_aranges
                0x000001a8      0x118 build/usbd_conf.o
 .debug_aranges
                0x000002c0      0x140 build/stm32f1xx_hal_pcd.o
 .debug_aranges
                0x00000400       0x38 build/stm32f1xx_hal_pcd_ex.o
 .debug_aranges
                0x00000438       0xf8 build/stm32f1xx_ll_usb.o
 .debug_aranges
                0x00000530       0xe0 build/stm32f1xx_hal.o
 .debug_aranges
                0x00000610       0x90 build/stm32f1xx_hal_rcc.o
 .debug_aranges
                0x000006a0       0x30 build/stm32f1xx_hal_rcc_ex.o
 .debug_aranges
                0x000006d0       0x58 build/stm32f1xx_hal_gpio.o
 .debug_aranges
                0x00000728       0x80 build/stm32f1xx_hal_dma.o
 .debug_aranges
                0x000007a8       0xc0 build/stm32f1xx_hal_cortex.o
 .debug_aranges
                0x00000868      0x1d0 build/stm32f1xx_hal_spi.o
 .debug_aranges
                0x00000a38      0x3d0 build/stm32f1xx_hal_tim.o
 .debug_aranges
                0x00000e08      0x168 build/stm32f1xx_hal_tim_ex.o
 .debug_aranges
                0x00000f70       0x28 build/system_stm32f1xx.o
 .debug_aranges
                0x00000f98       0xb8 build/usbd_core.o
 .debug_aranges
                0x00001050       0x88 build/usbd_ctlreq.o
 .debug_aranges
                0x000010d8       0x50 build/usbd_ioreq.o
 .debug_aranges
                0x00001128       0x40 build/usbd_cdc_if.o
 .debug_aranges
                0x00001168       0x90 build/usbd_cdc.o
 .debug_aranges
                0x000011f8       0x28 build/startup_stm32f103xb.o
 .debug_aranges
                0x00001220       0x20 /usr/lib/gcc/arm-none-eabi/13.2.0/../../../../arm-none-eabi/lib/thumb/v7-m/nofp/libc_nano.a(libc_a-memset.o)
 .debug_aranges
                0x00001240       0x20 /usr/lib/gcc/arm-none-eabi/13.2.0/../../../../arm-none-eabi/lib/thumb/v7-m/nofp/libc_nano.a(libc_a-init.o)
 .debug_aranges
                0x00001260       0x20 /usr/lib/gcc/arm-none-eabi/13.2.0/../../../../arm-none-eabi/lib/thumb/v7-m/nofp/libc_nano.a(libc_a-strlen.o)

.debug_ranges   0x00000000     0x1418
 .debug_ranges  0x00000000       0x50 build/main.o
 .debug_ranges  0x00000050       0x60 build/stm32f1xx_it.o
 .debug_ranges  0x000000b0       0x48 build/stm32f1xx_hal_msp.o
 .debug_ranges  0x000000f8       0x10 build/usb_device.o
 .debug_ranges  0x00000108       0x50 build/usbd_desc.o
 .debug_ranges  0x00000158      0x108 build/usbd_conf.o
 .debug_ranges  0x00000260      0x240 build/stm32f1xx_hal_pcd.o
 .debug_ranges  0x000004a0       0x28 build/stm32f1xx_hal_pcd_ex.o
 .debug_ranges  0x000004c8      0x320 build/stm32f1xx_ll_usb.o
 .debug_ranges  0x000007e8       0xd0 build/stm32f1xx_hal.o
 .debug_ranges  0x000008b8       0xa0 build/stm32f1xx_hal_rcc.o
 .debug_ranges  0x00000958       0x38 build/stm32f1xx_hal_rcc_ex.o
 .debug_ranges  0x00000990       0x48 build/stm32f1xx_hal_gpio.o
 .debug_ranges  0x000009d8       0x70 build/stm32f1xx_hal_dma.o
 .debug_ranges  0x00000a48       0xb0 build/stm32f1xx_hal_cortex.o
 .debug_ranges  0x00000af8      0x1c0 build/stm32f1xx_hal_spi.o
 .debug_ranges  0x00000cb8      0x3c0 build/stm32f1xx_hal_tim.o
 .debug_ranges  0x00001078      0x158 build/stm32f1xx_hal_tim_ex.o
 .debug_ranges  0x000011d0       0x18 build/system_stm32f1xx.o
 .debug_ranges  0x000011e8       0xa8 build/usbd_core.o
 .debug_ranges  0x00001290       0x78 build/usbd_ctlreq.o
 .debug_ranges  0x00001308       0x40 build/usbd_ioreq.o
 .debug_ranges  0x00001348       0x30 build/usbd_cdc_if.o
 .debug_ranges  0x00001378       0x80 build/usbd_cdc.o
 .debug_ranges  0x000013f8       0x20 build/startup_stm32f103xb.o

.debug_line     0x00000000    0x11a3a
 .debug_line    0x00000000      0x74a build/main.o
 .debug_line    0x0000074a      0x27d build/stm32f1xx_it.o
 .debug_line    0x000009c7      0x403 build/stm32f1xx_hal_msp.o
 .debug_line    0x00000dca      0x1c1 build/usb_device.o
 .debug_line    0x00000f8b      0x2da build/usbd_desc.o
 .debug_line    0x00001265      0x745 build/usbd_conf.o
 .debug_line    0x000019aa     0x17ac build/stm32f1xx_hal_pcd.o
 .debug_line    0x00003156      0x21b build/stm32f1xx_hal_pcd_ex.o
 .debug_line    0x00003371     0x16fe build/stm32f1xx_ll_usb.o
 .debug_line    0x00004a6f      0x4b6 build/stm32f1xx_hal.o
 .debug_line    0x00004f25      0xc32 build/stm32f1xx_hal_rcc.o
 .debug_line    0x00005b57      0x432 build/stm32f1xx_hal_rcc_ex.o
 .debug_line    0x00005f89      0x558 build/stm32f1xx_hal_gpio.o
 .debug_line    0x000064e1      0xa77 build/stm32f1xx_hal_dma.o
 .debug_line    0x00006f58      0x62f build/stm32f1xx_hal_cortex.o
 .debug_line    0x00007587     0x23d3 build/stm32f1xx_hal_spi.o
 .debug_line    0x0000995a     0x4584 build/stm32f1xx_hal_tim.o
 .debug_line    0x0000dede     0x1997 build/stm32f1xx_hal_tim_ex.o
 .debug_line    0x0000f875      0x1cd build/system_stm32f1xx.o
 .debug_line    0x0000fa42      0x6a1 build/usbd_core.o
 .debug_line    0x000100e3      0xa5a build/usbd_ctlreq.o
 .debug_line    0x00010b3d      0x22c build/usbd_ioreq.o
 .debug_line    0x00010d69      0x27d build/usbd_cdc_if.o
 .debug_line    0x00010fe6      0x747 build/usbd_cdc.o
 .debug_line    0x0001172d       0x71 build/startup_stm32f103xb.o
 .debug_line    0x0001179e      0x123 /usr/lib/gcc/arm-none-eabi/13.2.0/../../../../arm-none-eabi/lib/thumb/v7-m/nofp/libc_nano.a(libc_a-memset.o)
 .debug_line    0x000118c1      0x12a /usr/lib/gcc/arm-none-eabi/13.2.0/../../../../arm-none-eabi/lib/thumb/v7-m/nofp/libc_nano.a(libc_a-init.o)
 .debug_line    0x000119eb       0x4f /usr/lib/gcc/arm-none-eabi/13.2.0/../../../../arm-none-eabi/lib/thumb/v7-m/nofp/libc_nano.a(libc_a-strlen.o)

.debug_str      0x00000000     0x506b
 .debug_str     0x00000000     0x506b build/main.o
                                0xdf3 (size before relaxing)
 .debug_str     0x0000506b      0x92a build/stm32f1xx_it.o
 .debug_str     0x0000506b      0xcbe build/stm32f1xx_hal_msp.o
 .debug_str     0x0000506b      0x617 build/usb_device.o
 .debug_str     0x0000506b      0x40f build/usbd_desc.o
 .debug_str     0x0000506b     0x1164 build/usbd_conf.o
 .debug_str     0x0000506b      0xad6 build/stm32f1xx_hal_pcd.o
 .debug_str     0x0000506b      0x686 build/stm32f1xx_hal_pcd_ex.o
 .debug_str     0x0000506b      0x6d8 build/stm32f1xx_ll_usb.o
 .debug_str     0x0000506b      0x7ec build/stm32f1xx_hal.o
 .debug_str     0x0000506b      0x5e9 build/stm32f1xx_hal_rcc.o
 .debug_str     0x0000506b      0x391 build/stm32f1xx_hal_rcc_ex.o
 .debug_str     0x0000506b      0x3be build/stm32f1xx_hal_gpio.o
 .debug_str     0x0000506b      0x5bb build/stm32f1xx_hal_dma.o
 .debug_str     0x0000506b      0x891 build/stm32f1xx_hal_cortex.o
 .debug_str     0x0000506b      0xb25 build/stm32f1xx_hal_spi.o
 .debug_str     0x0000506b     0x1633 build/stm32f1xx_hal_tim.o
 .debug_str     0x0000506b      0xe4f build/stm32f1xx_hal_tim_ex.o
 .debug_str     0x0000506b      0x212 build/system_stm32f1xx.o
 .debug_str     0x0000506b      0x7ef build/usbd_core.o
 .debug_str     0x0000506b      0x709 build/usbd_ctlreq.o
 .debug_str     0x0000506b      0x636 build/usbd_ioreq.o
 .debug_str     0x0000506b      0x6d9 build/usbd_cdc_if.o
 .debug_str     0x0000506b      0xbd7 build/usbd_cdc.o
 .debug_str     0x0000506b       0x50 build/startup_stm32f103xb.o
 .debug_str     0x0000506b      0x1b7 /usr/lib/gcc/arm-none-eabi/13.2.0/../../../../arm-none-eabi/lib/thumb/v7-m/nofp/libc_nano.a(libc_a-memset.o)
 .debug_str     0x0000506b      0x218 /usr/lib/gcc/arm-none-eabi/13.2.0/../../../../arm-none-eabi/lib/thumb/v7-m/nofp/libc_nano.a(libc_a-init.o)
 .debug_str     0x0000506b       0xb6 /usr/lib/gcc/arm-none-eabi/13.2.0/../../../../arm-none-eabi/lib/thumb/v7-m/nofp/libc_nano.a(libc_a-strlen.o)

.comment        0x00000000       0x3c
 .comment       0x00000000       0x3c build/main.o
                                 0x1f (size before relaxing)
 .comment       0x0000003c       0x1f build/stm32f1xx_it.o
 .comment       0x0000003c       0x1f build/stm32f1xx_hal_msp.o
 .comment       0x0000003c       0x1f build/usb_device.o
 .comment       0x0000003c       0x1f build/usbd_desc.o
 .comment       0x0000003c       0x1f build/usbd_conf.o
 .comment       0x0000003c       0x1f build/stm32f1xx_hal_pcd.o
 .comment       0x0000003c       0x1f build/stm32f1xx_hal_pcd_ex.o
 .comment       0x0000003c       0x1f build/stm32f1xx_ll_usb.o
 .comment       0x0000003c       0x1f build/stm32f1xx_hal.o
 .comment       0x0000003c       0x1f build/stm32f1xx_hal_rcc.o
 .comment       0x0000003c       0x1f build/stm32f1xx_hal_rcc_ex.o
 .comment       0x0000003c       0x1f build/stm32f1xx_hal_gpio.o
 .comment       0x0000003c       0x1f build/stm32f1xx_hal_dma.o
 .comment       0x0000003c       0x1f build/stm32f1xx_hal_cortex.o
 .comment       0x0000003c       0x1f build/stm32f1xx_hal_spi.o
 .comment       0x0000003c       0x1f build/stm32f1xx_hal_tim.o
 .comment       0x0000003c       0x1f build/stm32f1xx_hal_tim_ex.o
 .comment       0x0000003c       0x1f build/system_stm32f1xx.o
 .comment       0x0000003c       0x1f build/usbd_core.o
 .comment       0x0000003c       0x1f build/usbd_ctlreq.o
 .comment       0x0000003c       0x1f build/usbd_ioreq.o
 .comment       0x0000003c       0x1f build/usbd_cdc_if.o
 .comment       0x0000003c       0x1f build/usbd_cdc.o
 .comment       0x0000003c       0x1f /usr/lib/gcc/arm-none-eabi/13.2.0/../../../../arm-none-eabi/lib/thumb/v7-m/nofp/libc_nano.a(libc_a-memset.o)
 .comment       0x0000003c       0x1f /usr/lib/gcc/arm-none-eabi/13.2.0/../../../../arm-none-eabi/lib/thumb/v7-m/nofp/libc_nano.a(libc_a-init.o)

.debug_frame    0x00000000     0x2f08
 .debug_frame   0x00000000      0x118 build/main.o
 .debug_frame   0x00000118       0xd8 build/stm32f1xx_it.o
 .debug_frame   0x000001f0       0xe4 build/stm32f1xx_hal_msp.o
 .debug_frame   0x000002d4       0x28 build/usb_device.o
 .debug_frame   0x000002fc       0xe0 build/usbd_desc.o
 .debug_frame   0x000003dc      0x2ec build/usbd_conf.o
 .debug_frame   0x000006c8      0x360 build/stm32f1xx_hal_pcd.o
 .debug_frame   0x00000a28       0x50 build/stm32f1xx_hal_pcd_ex.o
 .debug_frame   0x00000a78      0x200 build/stm32f1xx_ll_usb.o
 .debug_frame   0x00000c78      0x1cc build/stm32f1xx_hal.o
 .debug_frame   0x00000e44      0x184 build/stm32f1xx_hal_rcc.o
 .debug_frame   0x00000fc8       0x5c build/stm32f1xx_hal_rcc_ex.o
 .debug_frame   0x00001024       0xe4 build/stm32f1xx_hal_gpio.o
 .debug_frame   0x00001108      0x144 build/stm32f1xx_hal_dma.o
 .debug_frame   0x0000124c      0x19c build/stm32f1xx_hal_cortex.o
 .debug_frame   0x000013e8      0x5ac build/stm32f1xx_hal_spi.o
 .debug_frame   0x00001994      0xb14 build/stm32f1xx_hal_tim.o
 .debug_frame   0x000024a8      0x418 build/stm32f1xx_hal_tim_ex.o
 .debug_frame   0x000028c0       0x30 build/system_stm32f1xx.o
 .debug_frame   0x000028f0      0x1c4 build/usbd_core.o
 .debug_frame   0x00002ab4      0x178 build/usbd_ctlreq.o
 .debug_frame   0x00002c2c       0xb8 build/usbd_ioreq.o
 .debug_frame   0x00002ce4       0x78 build/usbd_cdc_if.o
 .debug_frame   0x00002d5c      0x160 build/usbd_cdc.o
 .debug_frame   0x00002ebc       0x20 /usr/lib/gcc/arm-none-eabi/13.2.0/../../../../arm-none-eabi/lib/thumb/v7-m/nofp/libc_nano.a(libc_a-memset.o)
 .debug_frame   0x00002edc       0x2c /usr/lib/gcc/arm-none-eabi/13.2.0/../../../../arm-none-eabi/lib/thumb/v7-m/nofp/libc_nano.a(libc_a-init.o)

.debug_loclists
                0x00000000       0x6f
 .debug_loclists
                0x00000000       0x3b /usr/lib/gcc/arm-none-eabi/13.2.0/../../../../arm-none-eabi/lib/thumb/v7-m/nofp/libc_nano.a(libc_a-memset.o)
 .debug_loclists
                0x0000003b       0x34 /usr/lib/gcc/arm-none-eabi/13.2.0/../../../../arm-none-eabi/lib/thumb/v7-m/nofp/libc_nano.a(libc_a-init.o)

.debug_rnglists
                0x00000000       0x26
 .debug_rnglists
                0x00000000       0x13 /usr/lib/gcc/arm-none-eabi/13.2.0/../../../../arm-none-eabi/lib/thumb/v7-m/nofp/libc_nano.a(libc_a-memset.o)
 .debug_rnglists
                0x00000013       0x13 /usr/lib/gcc/arm-none-eabi/13.2.0/../../../../arm-none-eabi/lib/thumb/v7-m/nofp/libc_nano.a(libc_a-init.o)

.debug_line_str
                0x00000000       0xa3
 .debug_line_str
                0x00000000       0xa3 /usr/lib/gcc/arm-none-eabi/13.2.0/../../../../arm-none-eabi/lib/thumb/v7-m/nofp/libc_nano.a(libc_a-strlen.o)

Cross Reference Table

Symbol                                            File
ADC1_2_IRQHandler                                 build/startup_stm32f103xb.o
AHBPrescTable                                     build/system_stm32f1xx.o
                                                  build/stm32f1xx_hal_rcc.o
APBPrescTable                                     build/system_stm32f1xx.o
                                                  build/stm32f1xx_hal_rcc.o
BusFault_Handler                                  build/stm32f1xx_it.o
CAN1_RX1_IRQHandler                               build/startup_stm32f103xb.o
CAN1_SCE_IRQHandler                               build/startup_stm32f103xb.o
CDC_Transmit_FS                                   build/usbd_cdc_if.o
DMA1_Channel1_IRQHandler                          build/startup_stm32f103xb.o
DMA1_Channel2_IRQHandler                          build/startup_stm32f103xb.o
DMA1_Channel3_IRQHandler                          build/startup_stm32f103xb.o
DMA1_Channel4_IRQHandler                          build/startup_stm32f103xb.o
DMA1_Channel5_IRQHandler                          build/startup_stm32f103xb.o
DMA1_Channel6_IRQHandler                          build/startup_stm32f103xb.o
DMA1_Channel7_IRQHandler                          build/startup_stm32f103xb.o
DebugMon_Handler                                  build/stm32f1xx_it.o
Default_Handler                                   build/startup_stm32f103xb.o
EXTI0_IRQHandler                                  build/startup_stm32f103xb.o
EXTI15_10_IRQHandler                              build/startup_stm32f103xb.o
EXTI1_IRQHandler                                  build/startup_stm32f103xb.o
EXTI2_IRQHandler                                  build/startup_stm32f103xb.o
EXTI3_IRQHandler                                  build/startup_stm32f103xb.o
EXTI4_IRQHandler                                  build/startup_stm32f103xb.o
EXTI9_5_IRQHandler                                build/startup_stm32f103xb.o
Error_Handler                                     build/main.o
                                                  build/usbd_conf.o
                                                  build/usb_device.o
FLASH_IRQHandler                                  build/startup_stm32f103xb.o
FLASH_PageErase                                   build/stm32f1xx_hal_flash_ex.o
                                                  build/stm32f1xx_hal_flash.o
FLASH_WaitForLastOperation                        build/stm32f1xx_hal_flash.o
                                                  build/stm32f1xx_hal_flash_ex.o
FS_Desc                                           build/usbd_desc.o
                                                  build/usb_device.o
HAL_DBGMCU_DisableDBGSleepMode                    build/stm32f1xx_hal.o
HAL_DBGMCU_DisableDBGStandbyMode                  build/stm32f1xx_hal.o
HAL_DBGMCU_DisableDBGStopMode                     build/stm32f1xx_hal.o
HAL_DBGMCU_EnableDBGSleepMode                     build/stm32f1xx_hal.o
HAL_DBGMCU_EnableDBGStandbyMode                   build/stm32f1xx_hal.o
HAL_DBGMCU_EnableDBGStopMode                      build/stm32f1xx_hal.o
HAL_DMA_Abort                                     build/stm32f1xx_hal_dma.o
                                                  build/stm32f1xx_hal_spi.o
HAL_DMA_Abort_IT                                  build/stm32f1xx_hal_dma.o
                                                  build/stm32f1xx_hal_tim_ex.o
                                                  build/stm32f1xx_hal_tim.o
                                                  build/stm32f1xx_hal_spi.o
HAL_DMA_DeInit                                    build/stm32f1xx_hal_dma.o
HAL_DMA_GetError                                  build/stm32f1xx_hal_dma.o
HAL_DMA_GetState                                  build/stm32f1xx_hal_dma.o
HAL_DMA_IRQHandler                                build/stm32f1xx_hal_dma.o
HAL_DMA_Init                                      build/stm32f1xx_hal_dma.o
HAL_DMA_PollForTransfer                           build/stm32f1xx_hal_dma.o
HAL_DMA_RegisterCallback                          build/stm32f1xx_hal_dma.o
HAL_DMA_Start                                     build/stm32f1xx_hal_dma.o
HAL_DMA_Start_IT                                  build/stm32f1xx_hal_dma.o
                                                  build/stm32f1xx_hal_tim_ex.o
                                                  build/stm32f1xx_hal_tim.o
                                                  build/stm32f1xx_hal_spi.o
HAL_DMA_UnRegisterCallback                        build/stm32f1xx_hal_dma.o
HAL_DeInit                                        build/stm32f1xx_hal.o
HAL_Delay                                         build/stm32f1xx_hal.o
                                                  build/usbd_conf.o
HAL_EXTI_ClearConfigLine                          build/stm32f1xx_hal_exti.o
HAL_EXTI_ClearPending                             build/stm32f1xx_hal_exti.o
HAL_EXTI_GenerateSWI                              build/stm32f1xx_hal_exti.o
HAL_EXTI_GetConfigLine                            build/stm32f1xx_hal_exti.o
HAL_EXTI_GetHandle                                build/stm32f1xx_hal_exti.o
HAL_EXTI_GetPending                               build/stm32f1xx_hal_exti.o
HAL_EXTI_IRQHandler                               build/stm32f1xx_hal_exti.o
HAL_EXTI_RegisterCallback                         build/stm32f1xx_hal_exti.o
HAL_EXTI_SetConfigLine                            build/stm32f1xx_hal_exti.o
HAL_FLASHEx_Erase                                 build/stm32f1xx_hal_flash_ex.o
HAL_FLASHEx_Erase_IT                              build/stm32f1xx_hal_flash_ex.o
HAL_FLASHEx_OBErase                               build/stm32f1xx_hal_flash_ex.o
HAL_FLASHEx_OBGetConfig                           build/stm32f1xx_hal_flash_ex.o
HAL_FLASHEx_OBGetUserData                         build/stm32f1xx_hal_flash_ex.o
HAL_FLASHEx_OBProgram                             build/stm32f1xx_hal_flash_ex.o
HAL_FLASH_EndOfOperationCallback                  build/stm32f1xx_hal_flash.o
HAL_FLASH_GetError                                build/stm32f1xx_hal_flash.o
HAL_FLASH_IRQHandler                              build/stm32f1xx_hal_flash.o
HAL_FLASH_Lock                                    build/stm32f1xx_hal_flash.o
HAL_FLASH_OB_Launch                               build/stm32f1xx_hal_flash.o
HAL_FLASH_OB_Lock                                 build/stm32f1xx_hal_flash.o
HAL_FLASH_OB_Unlock                               build/stm32f1xx_hal_flash.o
HAL_FLASH_OperationErrorCallback                  build/stm32f1xx_hal_flash.o
HAL_FLASH_Program                                 build/stm32f1xx_hal_flash.o
HAL_FLASH_Program_IT                              build/stm32f1xx_hal_flash.o
HAL_FLASH_Unlock                                  build/stm32f1xx_hal_flash.o
HAL_GPIOEx_ConfigEventout                         build/stm32f1xx_hal_gpio_ex.o
HAL_GPIOEx_DisableEventout                        build/stm32f1xx_hal_gpio_ex.o
HAL_GPIOEx_EnableEventout                         build/stm32f1xx_hal_gpio_ex.o
HAL_GPIO_DeInit                                   build/stm32f1xx_hal_gpio.o
                                                  build/stm32f1xx_hal_msp.o
HAL_GPIO_EXTI_Callback                            build/stm32f1xx_hal_gpio.o
HAL_GPIO_EXTI_IRQHandler                          build/stm32f1xx_hal_gpio.o
HAL_GPIO_Init                                     build/stm32f1xx_hal_gpio.o
                                                  build/stm32f1xx_hal_rcc.o
                                                  build/stm32f1xx_hal_msp.o
                                                  build/main.o
HAL_GPIO_LockPin                                  build/stm32f1xx_hal_gpio.o
HAL_GPIO_ReadPin                                  build/stm32f1xx_hal_gpio.o
HAL_GPIO_TogglePin                                build/stm32f1xx_hal_gpio.o
HAL_GPIO_WritePin                                 build/stm32f1xx_hal_gpio.o
                                                  build/main.o
HAL_GetDEVID                                      build/stm32f1xx_hal.o
HAL_GetHalVersion                                 build/stm32f1xx_hal.o
HAL_GetREVID                                      build/stm32f1xx_hal.o
HAL_GetTick                                       build/stm32f1xx_hal.o
                                                  build/stm32f1xx_hal_spi.o
                                                  build/stm32f1xx_hal_flash.o
                                                  build/stm32f1xx_hal_dma.o
                                                  build/stm32f1xx_hal_rcc_ex.o
                                                  build/stm32f1xx_hal_rcc.o
HAL_GetTickFreq                                   build/stm32f1xx_hal.o
HAL_GetTickPrio                                   build/stm32f1xx_hal.o
HAL_GetUIDw0                                      build/stm32f1xx_hal.o
HAL_GetUIDw1                                      build/stm32f1xx_hal.o
HAL_GetUIDw2                                      build/stm32f1xx_hal.o
HAL_IncTick                                       build/stm32f1xx_hal.o
                                                  build/stm32f1xx_it.o
HAL_Init                                          build/stm32f1xx_hal.o
                                                  build/main.o
HAL_InitTick                                      build/stm32f1xx_hal.o
                                                  build/stm32f1xx_hal_rcc.o
HAL_MspDeInit                                     build/stm32f1xx_hal.o
HAL_MspInit                                       build/stm32f1xx_hal_msp.o
HAL_NVIC_ClearPendingIRQ                          build/stm32f1xx_hal_cortex.o
HAL_NVIC_DisableIRQ                               build/stm32f1xx_hal_cortex.o
                                                  build/usbd_conf.o
                                                  build/stm32f1xx_hal_msp.o
HAL_NVIC_EnableIRQ                                build/stm32f1xx_hal_cortex.o
                                                  build/usbd_conf.o
                                                  build/stm32f1xx_hal_msp.o
HAL_NVIC_GetActive                                build/stm32f1xx_hal_cortex.o
HAL_NVIC_GetPendingIRQ                            build/stm32f1xx_hal_cortex.o
HAL_NVIC_GetPriority                              build/stm32f1xx_hal_cortex.o
HAL_NVIC_GetPriorityGrouping                      build/stm32f1xx_hal_cortex.o
HAL_NVIC_SetPendingIRQ                            build/stm32f1xx_hal_cortex.o
HAL_NVIC_SetPriority                              build/stm32f1xx_hal_cortex.o
                                                  build/stm32f1xx_hal.o
                                                  build/usbd_conf.o
                                                  build/stm32f1xx_hal_msp.o
HAL_NVIC_SetPriorityGrouping                      build/stm32f1xx_hal_cortex.o
                                                  build/stm32f1xx_hal.o
HAL_NVIC_SystemReset                              build/stm32f1xx_hal_cortex.o
                                                  build/stm32f1xx_hal_flash.o
HAL_PCDEx_BCD_Callback                            build/stm32f1xx_hal_pcd_ex.o
HAL_PCDEx_LPM_Callback                            build/stm32f1xx_hal_pcd_ex.o
HAL_PCDEx_PMAConfig                               build/stm32f1xx_hal_pcd_ex.o
                                                  build/usbd_conf.o
HAL_PCDEx_SetConnectionState                      build/usbd_conf.o
                                                  build/stm32f1xx_hal_pcd.o
HAL_PCD_ActivateRemoteWakeup                      build/stm32f1xx_hal_pcd.o
HAL_PCD_ConnectCallback                           build/usbd_conf.o
HAL_PCD_DataInStageCallback                       build/usbd_conf.o
HAL_PCD_DataOutStageCallback                      build/usbd_conf.o
HAL_PCD_DeActivateRemoteWakeup                    build/stm32f1xx_hal_pcd.o
HAL_PCD_DeInit                                    build/stm32f1xx_hal_pcd.o
                                                  build/usbd_conf.o
HAL_PCD_DevConnect                                build/stm32f1xx_hal_pcd.o
HAL_PCD_DevDisconnect                             build/stm32f1xx_hal_pcd.o
HAL_PCD_DisconnectCallback                        build/usbd_conf.o
HAL_PCD_EP_Abort                                  build/stm32f1xx_hal_pcd.o
HAL_PCD_EP_Close                                  build/stm32f1xx_hal_pcd.o
                                                  build/usbd_conf.o
HAL_PCD_EP_ClrStall                               build/stm32f1xx_hal_pcd.o
                                                  build/usbd_conf.o
HAL_PCD_EP_Flush                                  build/stm32f1xx_hal_pcd.o
                                                  build/usbd_conf.o
HAL_PCD_EP_GetRxCount                             build/stm32f1xx_hal_pcd.o
                                                  build/usbd_conf.o
HAL_PCD_EP_Open                                   build/stm32f1xx_hal_pcd.o
                                                  build/usbd_conf.o
HAL_PCD_EP_Receive                                build/stm32f1xx_hal_pcd.o
                                                  build/usbd_conf.o
HAL_PCD_EP_SetStall                               build/stm32f1xx_hal_pcd.o
                                                  build/usbd_conf.o
HAL_PCD_EP_Transmit                               build/stm32f1xx_hal_pcd.o
                                                  build/usbd_conf.o
HAL_PCD_GetState                                  build/stm32f1xx_hal_pcd.o
HAL_PCD_IRQHandler                                build/stm32f1xx_hal_pcd.o
                                                  build/stm32f1xx_it.o
HAL_PCD_ISOINIncompleteCallback                   build/usbd_conf.o
HAL_PCD_ISOOUTIncompleteCallback                  build/usbd_conf.o
HAL_PCD_Init                                      build/stm32f1xx_hal_pcd.o
                                                  build/usbd_conf.o
HAL_PCD_MspDeInit                                 build/usbd_conf.o
HAL_PCD_MspInit                                   build/usbd_conf.o
HAL_PCD_ResetCallback                             build/usbd_conf.o
HAL_PCD_ResumeCallback                            build/usbd_conf.o
HAL_PCD_SOFCallback                               build/usbd_conf.o
HAL_PCD_SetAddress                                build/stm32f1xx_hal_pcd.o
                                                  build/usbd_conf.o
HAL_PCD_SetupStageCallback                        build/usbd_conf.o
HAL_PCD_Start                                     build/stm32f1xx_hal_pcd.o
                                                  build/usbd_conf.o
HAL_PCD_Stop                                      build/stm32f1xx_hal_pcd.o
                                                  build/usbd_conf.o
HAL_PCD_SuspendCallback                           build/usbd_conf.o
HAL_PCD_WKUP_IRQHandler                           build/stm32f1xx_hal_pcd.o
HAL_PWR_ConfigPVD                                 build/stm32f1xx_hal_pwr.o
HAL_PWR_DeInit                                    build/stm32f1xx_hal_pwr.o
HAL_PWR_DisableBkUpAccess                         build/stm32f1xx_hal_pwr.o
HAL_PWR_DisablePVD                                build/stm32f1xx_hal_pwr.o
HAL_PWR_DisableSEVOnPend                          build/stm32f1xx_hal_pwr.o
HAL_PWR_DisableSleepOnExit                        build/stm32f1xx_hal_pwr.o
HAL_PWR_DisableWakeUpPin                          build/stm32f1xx_hal_pwr.o
HAL_PWR_EnableBkUpAccess                          build/stm32f1xx_hal_pwr.o
HAL_PWR_EnablePVD                                 build/stm32f1xx_hal_pwr.o
HAL_PWR_EnableSEVOnPend                           build/stm32f1xx_hal_pwr.o
HAL_PWR_EnableSleepOnExit                         build/stm32f1xx_hal_pwr.o
HAL_PWR_EnableWakeUpPin                           build/stm32f1xx_hal_pwr.o
HAL_PWR_EnterSLEEPMode                            build/stm32f1xx_hal_pwr.o
HAL_PWR_EnterSTANDBYMode                          build/stm32f1xx_hal_pwr.o
HAL_PWR_EnterSTOPMode                             build/stm32f1xx_hal_pwr.o
HAL_PWR_PVDCallback                               build/stm32f1xx_hal_pwr.o
HAL_PWR_PVD_IRQHandler                            build/stm32f1xx_hal_pwr.o
HAL_RCCEx_GetPeriphCLKConfig                      build/stm32f1xx_hal_rcc_ex.o
HAL_RCCEx_GetPeriphCLKFreq                        build/stm32f1xx_hal_rcc_ex.o
HAL_RCCEx_PeriphCLKConfig                         build/stm32f1xx_hal_rcc_ex.o
                                                  build/main.o
HAL_RCC_CSSCallback                               build/stm32f1xx_hal_rcc.o
HAL_RCC_ClockConfig                               build/stm32f1xx_hal_rcc.o
                                                  build/main.o
HAL_RCC_DeInit                                    build/stm32f1xx_hal_rcc.o
HAL_RCC_DisableCSS                                build/stm32f1xx_hal_rcc.o
HAL_RCC_EnableCSS                                 build/stm32f1xx_hal_rcc.o
HAL_RCC_GetClockConfig                            build/stm32f1xx_hal_rcc.o
HAL_RCC_GetHCLKFreq                               build/stm32f1xx_hal_rcc.o
HAL_RCC_GetOscConfig                              build/stm32f1xx_hal_rcc.o
HAL_RCC_GetPCLK1Freq                              build/stm32f1xx_hal_rcc.o
HAL_RCC_GetPCLK2Freq                              build/stm32f1xx_hal_rcc.o
                                                  build/stm32f1xx_hal_rcc_ex.o
HAL_RCC_GetSysClockFreq                           build/stm32f1xx_hal_rcc.o
HAL_RCC_MCOConfig                                 build/stm32f1xx_hal_rcc.o
HAL_RCC_NMI_IRQHandler                            build/stm32f1xx_hal_rcc.o
HAL_RCC_OscConfig                                 build/stm32f1xx_hal_rcc.o
                                                  build/main.o
HAL_ResumeTick                                    build/stm32f1xx_hal.o
HAL_SPI_Abort                                     build/stm32f1xx_hal_spi.o
HAL_SPI_AbortCpltCallback                         build/stm32f1xx_hal_spi.o
HAL_SPI_Abort_IT                                  build/stm32f1xx_hal_spi.o
HAL_SPI_DMAPause                                  build/stm32f1xx_hal_spi.o
HAL_SPI_DMAResume                                 build/stm32f1xx_hal_spi.o
HAL_SPI_DMAStop                                   build/stm32f1xx_hal_spi.o
HAL_SPI_DeInit                                    build/stm32f1xx_hal_spi.o
HAL_SPI_ErrorCallback                             build/stm32f1xx_hal_spi.o
HAL_SPI_GetError                                  build/stm32f1xx_hal_spi.o
HAL_SPI_GetState                                  build/stm32f1xx_hal_spi.o
HAL_SPI_IRQHandler                                build/stm32f1xx_hal_spi.o
                                                  build/stm32f1xx_it.o
HAL_SPI_Init                                      build/stm32f1xx_hal_spi.o
                                                  build/main.o
HAL_SPI_MspDeInit                                 build/stm32f1xx_hal_msp.o
HAL_SPI_MspInit                                   build/stm32f1xx_hal_msp.o
HAL_SPI_Receive                                   build/stm32f1xx_hal_spi.o
HAL_SPI_Receive_DMA                               build/stm32f1xx_hal_spi.o
HAL_SPI_Receive_IT                                build/stm32f1xx_hal_spi.o
HAL_SPI_RxCpltCallback                            build/stm32f1xx_hal_spi.o
HAL_SPI_RxHalfCpltCallback                        build/stm32f1xx_hal_spi.o
HAL_SPI_Transmit                                  build/stm32f1xx_hal_spi.o
HAL_SPI_TransmitReceive                           build/stm32f1xx_hal_spi.o
HAL_SPI_TransmitReceive_DMA                       build/stm32f1xx_hal_spi.o
HAL_SPI_TransmitReceive_IT                        build/stm32f1xx_hal_spi.o
HAL_SPI_Transmit_DMA                              build/stm32f1xx_hal_spi.o
HAL_SPI_Transmit_IT                               build/stm32f1xx_hal_spi.o
HAL_SPI_TxCpltCallback                            build/stm32f1xx_hal_spi.o
HAL_SPI_TxHalfCpltCallback                        build/stm32f1xx_hal_spi.o
HAL_SPI_TxRxCpltCallback                          build/stm32f1xx_hal_spi.o
HAL_SPI_TxRxHalfCpltCallback                      build/stm32f1xx_hal_spi.o
HAL_SYSTICK_CLKSourceConfig                       build/stm32f1xx_hal_cortex.o
HAL_SYSTICK_Callback                              build/stm32f1xx_hal_cortex.o
HAL_SYSTICK_Config                                build/stm32f1xx_hal_cortex.o
                                                  build/stm32f1xx_hal.o
HAL_SYSTICK_IRQHandler                            build/stm32f1xx_hal_cortex.o
HAL_SetTickFreq                                   build/stm32f1xx_hal.o
HAL_SuspendTick                                   build/stm32f1xx_hal.o
HAL_TIMEx_BreakCallback                           build/stm32f1xx_hal_tim_ex.o
                                                  build/stm32f1xx_hal_tim.o
HAL_TIMEx_CommutCallback                          build/stm32f1xx_hal_tim_ex.o
                                                  build/stm32f1xx_hal_tim.o
HAL_TIMEx_CommutHalfCpltCallback                  build/stm32f1xx_hal_tim_ex.o
HAL_TIMEx_ConfigBreakDeadTime                     build/stm32f1xx_hal_tim_ex.o
HAL_TIMEx_ConfigCommutEvent                       build/stm32f1xx_hal_tim_ex.o
HAL_TIMEx_ConfigCommutEvent_DMA                   build/stm32f1xx_hal_tim_ex.o
HAL_TIMEx_ConfigCommutEvent_IT                    build/stm32f1xx_hal_tim_ex.o
HAL_TIMEx_GetChannelNState                        build/stm32f1xx_hal_tim_ex.o
HAL_TIMEx_HallSensor_DeInit                       build/stm32f1xx_hal_tim_ex.o
HAL_TIMEx_HallSensor_GetState                     build/stm32f1xx_hal_tim_ex.o
HAL_TIMEx_HallSensor_Init                         build/stm32f1xx_hal_tim_ex.o
HAL_TIMEx_HallSensor_MspDeInit                    build/stm32f1xx_hal_tim_ex.o
HAL_TIMEx_HallSensor_MspInit                      build/stm32f1xx_hal_tim_ex.o
HAL_TIMEx_HallSensor_Start                        build/stm32f1xx_hal_tim_ex.o
HAL_TIMEx_HallSensor_Start_DMA                    build/stm32f1xx_hal_tim_ex.o
HAL_TIMEx_HallSensor_Start_IT                     build/stm32f1xx_hal_tim_ex.o
HAL_TIMEx_HallSensor_Stop                         build/stm32f1xx_hal_tim_ex.o
HAL_TIMEx_HallSensor_Stop_DMA                     build/stm32f1xx_hal_tim_ex.o
HAL_TIMEx_HallSensor_Stop_IT                      build/stm32f1xx_hal_tim_ex.o
HAL_TIMEx_MasterConfigSynchronization             build/stm32f1xx_hal_tim_ex.o
                                                  build/main.o
HAL_TIMEx_OCN_Start                               build/stm32f1xx_hal_tim_ex.o
HAL_TIMEx_OCN_Start_DMA                           build/stm32f1xx_hal_tim_ex.o
HAL_TIMEx_OCN_Start_IT                            build/stm32f1xx_hal_tim_ex.o
HAL_TIMEx_OCN_Stop                                build/stm32f1xx_hal_tim_ex.o
HAL_TIMEx_OCN_Stop_DMA                            build/stm32f1xx_hal_tim_ex.o
HAL_TIMEx_OCN_Stop_IT                             build/stm32f1xx_hal_tim_ex.o
HAL_TIMEx_OnePulseN_Start                         build/stm32f1xx_hal_tim_ex.o
HAL_TIMEx_OnePulseN_Start_IT                      build/stm32f1xx_hal_tim_ex.o
HAL_TIMEx_OnePulseN_Stop                          build/stm32f1xx_hal_tim_ex.o
HAL_TIMEx_OnePulseN_Stop_IT                       build/stm32f1xx_hal_tim_ex.o
HAL_TIMEx_PWMN_Start                              build/stm32f1xx_hal_tim_ex.o
HAL_TIMEx_PWMN_Start_DMA                          build/stm32f1xx_hal_tim_ex.o
HAL_TIMEx_PWMN_Start_IT                           build/stm32f1xx_hal_tim_ex.o
HAL_TIMEx_PWMN_Stop                               build/stm32f1xx_hal_tim_ex.o
HAL_TIMEx_PWMN_Stop_DMA                           build/stm32f1xx_hal_tim_ex.o
HAL_TIMEx_PWMN_Stop_IT                            build/stm32f1xx_hal_tim_ex.o
HAL_TIMEx_RemapConfig                             build/stm32f1xx_hal_tim_ex.o
HAL_TIM_Base_DeInit                               build/stm32f1xx_hal_tim.o
HAL_TIM_Base_GetState                             build/stm32f1xx_hal_tim.o
HAL_TIM_Base_Init                                 build/stm32f1xx_hal_tim.o
                                                  build/main.o
HAL_TIM_Base_MspDeInit                            build/stm32f1xx_hal_msp.o
HAL_TIM_Base_MspInit                              build/stm32f1xx_hal_msp.o
HAL_TIM_Base_Start                                build/stm32f1xx_hal_tim.o
HAL_TIM_Base_Start_DMA                            build/stm32f1xx_hal_tim.o
HAL_TIM_Base_Start_IT                             build/stm32f1xx_hal_tim.o
HAL_TIM_Base_Stop                                 build/stm32f1xx_hal_tim.o
HAL_TIM_Base_Stop_DMA                             build/stm32f1xx_hal_tim.o
HAL_TIM_Base_Stop_IT                              build/stm32f1xx_hal_tim.o
HAL_TIM_ConfigClockSource                         build/stm32f1xx_hal_tim.o
                                                  build/main.o
HAL_TIM_ConfigOCrefClear                          build/stm32f1xx_hal_tim.o
HAL_TIM_ConfigTI1Input                            build/stm32f1xx_hal_tim.o
HAL_TIM_DMABurstState                             build/stm32f1xx_hal_tim.o
HAL_TIM_DMABurst_MultiReadStart                   build/stm32f1xx_hal_tim.o
HAL_TIM_DMABurst_MultiWriteStart                  build/stm32f1xx_hal_tim.o
HAL_TIM_DMABurst_ReadStart                        build/stm32f1xx_hal_tim.o
HAL_TIM_DMABurst_ReadStop                         build/stm32f1xx_hal_tim.o
HAL_TIM_DMABurst_WriteStart                       build/stm32f1xx_hal_tim.o
HAL_TIM_DMABurst_WriteStop                        build/stm32f1xx_hal_tim.o
HAL_TIM_Encoder_DeInit                            build/stm32f1xx_hal_tim.o
HAL_TIM_Encoder_GetState                          build/stm32f1xx_hal_tim.o
HAL_TIM_Encoder_Init                              build/stm32f1xx_hal_tim.o
                                                  build/main.o
HAL_TIM_Encoder_MspDeInit                         build/stm32f1xx_hal_msp.o
HAL_TIM_Encoder_MspInit                           build/stm32f1xx_hal_msp.o
HAL_TIM_Encoder_Start                             build/stm32f1xx_hal_tim.o
HAL_TIM_Encoder_Start_DMA                         build/stm32f1xx_hal_tim.o
HAL_TIM_Encoder_Start_IT                          build/stm32f1xx_hal_tim.o
HAL_TIM_Encoder_Stop                              build/stm32f1xx_hal_tim.o
HAL_TIM_Encoder_Stop_DMA                          build/stm32f1xx_hal_tim.o
HAL_TIM_Encoder_Stop_IT                           build/stm32f1xx_hal_tim.o
HAL_TIM_ErrorCallback                             build/stm32f1xx_hal_tim.o
                                                  build/stm32f1xx_hal_tim_ex.o
HAL_TIM_GenerateEvent                             build/stm32f1xx_hal_tim.o
HAL_TIM_GetActiveChannel                          build/stm32f1xx_hal_tim.o
HAL_TIM_GetChannelState                           build/stm32f1xx_hal_tim.o
HAL_TIM_IC_CaptureCallback                        build/stm32f1xx_hal_tim.o
HAL_TIM_IC_CaptureHalfCpltCallback                build/stm32f1xx_hal_tim.o
HAL_TIM_IC_ConfigChannel                          build/stm32f1xx_hal_tim.o
HAL_TIM_IC_DeInit                                 build/stm32f1xx_hal_tim.o
HAL_TIM_IC_GetState                               build/stm32f1xx_hal_tim.o
HAL_TIM_IC_Init                                   build/stm32f1xx_hal_tim.o
HAL_TIM_IC_MspDeInit                              build/stm32f1xx_hal_tim.o
HAL_TIM_IC_MspInit                                build/stm32f1xx_hal_tim.o
HAL_TIM_IC_Start                                  build/stm32f1xx_hal_tim.o
HAL_TIM_IC_Start_DMA                              build/stm32f1xx_hal_tim.o
HAL_TIM_IC_Start_IT                               build/stm32f1xx_hal_tim.o
HAL_TIM_IC_Stop                                   build/stm32f1xx_hal_tim.o
HAL_TIM_IC_Stop_DMA                               build/stm32f1xx_hal_tim.o
HAL_TIM_IC_Stop_IT                                build/stm32f1xx_hal_tim.o
HAL_TIM_IRQHandler                                build/stm32f1xx_hal_tim.o
HAL_TIM_MspPostInit                               build/stm32f1xx_hal_msp.o
                                                  build/main.o
HAL_TIM_OC_ConfigChannel                          build/stm32f1xx_hal_tim.o
HAL_TIM_OC_DeInit                                 build/stm32f1xx_hal_tim.o
HAL_TIM_OC_DelayElapsedCallback                   build/stm32f1xx_hal_tim.o
HAL_TIM_OC_GetState                               build/stm32f1xx_hal_tim.o
HAL_TIM_OC_Init                                   build/stm32f1xx_hal_tim.o
HAL_TIM_OC_MspDeInit                              build/stm32f1xx_hal_tim.o
HAL_TIM_OC_MspInit                                build/stm32f1xx_hal_tim.o
HAL_TIM_OC_Start                                  build/stm32f1xx_hal_tim.o
HAL_TIM_OC_Start_DMA                              build/stm32f1xx_hal_tim.o
HAL_TIM_OC_Start_IT                               build/stm32f1xx_hal_tim.o
HAL_TIM_OC_Stop                                   build/stm32f1xx_hal_tim.o
HAL_TIM_OC_Stop_DMA                               build/stm32f1xx_hal_tim.o
HAL_TIM_OC_Stop_IT                                build/stm32f1xx_hal_tim.o
HAL_TIM_OnePulse_ConfigChannel                    build/stm32f1xx_hal_tim.o
HAL_TIM_OnePulse_DeInit                           build/stm32f1xx_hal_tim.o
HAL_TIM_OnePulse_GetState                         build/stm32f1xx_hal_tim.o
HAL_TIM_OnePulse_Init                             build/stm32f1xx_hal_tim.o
HAL_TIM_OnePulse_MspDeInit                        build/stm32f1xx_hal_tim.o
HAL_TIM_OnePulse_MspInit                          build/stm32f1xx_hal_tim.o
HAL_TIM_OnePulse_Start                            build/stm32f1xx_hal_tim.o
HAL_TIM_OnePulse_Start_IT                         build/stm32f1xx_hal_tim.o
HAL_TIM_OnePulse_Stop                             build/stm32f1xx_hal_tim.o
HAL_TIM_OnePulse_Stop_IT                          build/stm32f1xx_hal_tim.o
HAL_TIM_PWM_ConfigChannel                         build/stm32f1xx_hal_tim.o
                                                  build/main.o
HAL_TIM_PWM_DeInit                                build/stm32f1xx_hal_tim.o
HAL_TIM_PWM_GetState                              build/stm32f1xx_hal_tim.o
HAL_TIM_PWM_Init                                  build/stm32f1xx_hal_tim.o
                                                  build/main.o
HAL_TIM_PWM_MspDeInit                             build/stm32f1xx_hal_tim.o
HAL_TIM_PWM_MspInit                               build/stm32f1xx_hal_tim.o
HAL_TIM_PWM_PulseFinishedCallback                 build/stm32f1xx_hal_tim.o
                                                  build/stm32f1xx_hal_tim_ex.o
HAL_TIM_PWM_PulseFinishedHalfCpltCallback         build/stm32f1xx_hal_tim.o
HAL_TIM_PWM_Start                                 build/stm32f1xx_hal_tim.o
HAL_TIM_PWM_Start_DMA                             build/stm32f1xx_hal_tim.o
HAL_TIM_PWM_Start_IT                              build/stm32f1xx_hal_tim.o
HAL_TIM_PWM_Stop                                  build/stm32f1xx_hal_tim.o
HAL_TIM_PWM_Stop_DMA                              build/stm32f1xx_hal_tim.o
HAL_TIM_PWM_Stop_IT                               build/stm32f1xx_hal_tim.o
HAL_TIM_PeriodElapsedCallback                     build/stm32f1xx_hal_tim.o
HAL_TIM_PeriodElapsedHalfCpltCallback             build/stm32f1xx_hal_tim.o
HAL_TIM_ReadCapturedValue                         build/stm32f1xx_hal_tim.o
HAL_TIM_SlaveConfigSynchro                        build/stm32f1xx_hal_tim.o
HAL_TIM_SlaveConfigSynchro_IT                     build/stm32f1xx_hal_tim.o
HAL_TIM_TriggerCallback                           build/stm32f1xx_hal_tim.o
HAL_TIM_TriggerHalfCpltCallback                   build/stm32f1xx_hal_tim.o
HardFault_Handler                                 build/stm32f1xx_it.o
I2C1_ER_IRQHandler                                build/startup_stm32f103xb.o
I2C1_EV_IRQHandler                                build/startup_stm32f103xb.o
I2C2_ER_IRQHandler                                build/startup_stm32f103xb.o
I2C2_EV_IRQHandler                                build/startup_stm32f103xb.o
MX_USB_DEVICE_Init                                build/usb_device.o
                                                  build/main.o
MemManage_Handler                                 build/stm32f1xx_it.o
NMI_Handler                                       build/stm32f1xx_it.o
PVD_IRQHandler                                    build/startup_stm32f103xb.o
PendSV_Handler                                    build/stm32f1xx_it.o
RCC_IRQHandler                                    build/startup_stm32f103xb.o
RTC_Alarm_IRQHandler                              build/startup_stm32f103xb.o
RTC_IRQHandler                                    build/startup_stm32f103xb.o
Reset_Handler                                     build/startup_stm32f103xb.o
SPI1_IRQHandler                                   build/stm32f1xx_it.o
SPI2_IRQHandler                                   build/startup_stm32f103xb.o
SVC_Handler                                       build/stm32f1xx_it.o
SysTick_Handler                                   build/stm32f1xx_it.o
SystemClock_Config                                build/main.o
SystemCoreClock                                   build/system_stm32f1xx.o
                                                  build/stm32f1xx_hal_spi.o
                                                  build/stm32f1xx_hal_rcc.o